{
  "resourceType": "Bundle",
  "type": "transaction",
  "entry": [
    {
      "fullUrl": "urn:uuid:7af3814d-7b7b-3caa-a589-682a83308448",
      "resource": {
        "resourceType": "Patient",
        "id": "7af3814d-7b7b-3caa-a589-682a83308448",
        "identifier": [
          {
            "value": "MRNTC09SA-Part A"
          }
        ],
        "name": [
          {
            "family": "Shine",
            "given": [
              "Baby Girl"
            ],
            "use": "official"
          }
        ],
        "birthDate": "2016-03-08",
        "gender": "female",
        "address": [
          {
            "line": [
              "123 Main Street",
              "Apartment 3-C"
            ],
            "city": "Oldtown",
            "state": "MI",
            "postalCode": "48917",
            "country": "USA"
          }
        ],
        "telecom": [
          {
            "use": "home"
          },
          {
            "use": "work"
          }
        ],
        "deceasedBoolean": "false"
      },
      "request": {
        "method": "PUT",
        "url": "Patient/7af3814d-7b7b-3caa-a589-682a83308448"
      }
    },
    {
      "fullUrl": "urn:uuid:aeea203b-4277-3d11-be4e-19f0f0cb9cb8",
      "resource": {
        "resourceType": "RelatedPerson",
        "id": "aeea203b-4277-3d11-be4e-19f0f0cb9cb8",
        "relationship": [
          {
            "coding": [
              {
                "code": "MTH",
                "display": "mother",
                "system": "http://terminology.hl7.org/CodeSystem/v3-RoleCode"
              }
            ]
          },
          {
            "coding": [
              {
                "code": "E",
                "display": "Employer",
                "system": "http://terminology.hl7.org/CodeSystem/v2-0131"
              }
            ]
          }
        ],
        "address": [
          {
            "line": [
              "123 Main Street",
              "Apartment 3-C"
            ],
            "city": "Oldtown",
            "state": "MI",
            "postalCode": "48917",
            "country": "USA"
          }
        ],
        "name": [
          {
            "family": "Shine",
            "given": [
              "Sarah"
            ]
          }
        ],
        "patient": {
          "reference": "Patient/7af3814d-7b7b-3caa-a589-682a83308448"
        }
      },
      "request": {
        "method": "PUT",
        "url": "RelatedPerson/aeea203b-4277-3d11-be4e-19f0f0cb9cb8"
      }
    }
  ]
}