{
  "resourceType": "Patient",
  "id": "0",
  "nestedProperty": {
    "testField": "fieldValue"
  }
}