{
  "resourceType": "QuestionnaireResponse",
  "id": "3141",
  "text": {
    "status": "generated",
    "div": "<div xmlns=\"http://www.w3.org/1999/xhtml\">\n      <pre>\n            Comorbidity? YES\n              Cardial Comorbidity? YES\n                Angina? YES\n                MI? NO\n              Vascular Comorbidity?\n                (no answers)\n              ...\n            Histopathology\n              Abdominal\n                pT category: 1a\n              ...\n          </pre>\n    </div>"
  },
  "identifier": {
    "system": "http://example.org/fhir/NamingSystem/questionnaire-ids",
    "value": "Q12349876"
  },
  "basedOn": [
    {
      "reference": "#order"
    }
  ],
  "status": "completed",
  "subject": {
    "reference": "#patsub"
  },
  "authored": "2013-02-20T03:15:00+08:00",
  "author": {
    "reference": "#questauth"
  },
  "item": [
    {
      "linkId": "1",
      "item": [
        {
          "linkId": "1.1",
          "answer": [
            {
              "valueCoding": {
                "system": "http://cancer.questionnaire.org/system/code/yesno",
                "code": "1",
                "display": "Yes"
              },
              "item": [
                {
                  "linkId": "1.1.1",
                  "item": [
                    {
                      "linkId": "1.1.1.1",
                      "answer": [
                        {
                          "valueCoding": {
                            "system": "http://cancer.questionnaire.org/system/code/yesno",
                            "code": "1"
                          }
                        }
                      ]
                    },
                    {
                      "linkId": "1.1.1.2",
                      "answer": [
                        {
                          "valueCoding": {
                            "system": "http://cancer.questionnaire.org/system/code/yesno",
                            "code": "1"
                          }
                        }
                      ]
                    },
                    {
                      "linkId": "1.1.1.3",
                      "answer": [
                        {
                          "valueCoding": {
                            "system": "http://cancer.questionnaire.org/system/code/yesno",
                            "code": "0"
                          }
                        }
                      ]
                    }
                  ]
                }
              ]
            }
          ]
        }
      ]
    }
  ],
  "partOf": [
    {
      "reference": "Procedure/f201"
    }
  ],
  "encounter": {
    "reference": "Encounter/example"
  }
}