{
  "resourceType": "Questionnaire",
  "id": "54127-6",
  "meta": {
    "profile": [
      "http://hl7.org/fhir/us/sdc/StructureDefinition/sdc-questionnaire"
    ]
  },
  "text": {
    "status": "generated",
    "div": "<div xmlns=\"http://www.w3.org/1999/xhtml\"><p><b>Generated Narrative with Details</b></p><p><b>id</b>: 54127-6</p><p><b>meta</b>: </p><p><b>contained</b>: , </p><p><b>url</b>: <a>http://hl7.org/fhir/us/sdc/Questionnaire/54127-6</a></p><p><b>identifier</b>: 54127-6</p><p><b>title</b>: US Surgeon General - Family Health Portrait</p><p><b>status</b>: active</p><p><b>experimental</b>: true</p><p><b>date</b>: 01/01/2015</p><p><b>publisher</b>: Regenstrief Institute, Inc and the LOINC Committee</p><p><b>description</b>: This represents an implementation of the &quot;US Surgeon General family health portrait&quot; form found at https://lforms-demo.nlm.nih.gov</p><p><b>purpose</b>: Captures basic family history information</p><p><b>approvalDate</b>: 31/10/2015</p><p><b>lastReviewDate</b>: 15/03/2017</p><p><b>useContext</b>: </p><p><b>jurisdiction</b>: United States <span>(Details : {urn:iso:std:iso:3166 code 'US' = 'United States)</span></p><p><b>contact</b>: </p><p><b>copyright</b>: (c) 2015 Regenstrief Institute</p><p><b>code</b>: US Surgeon General family health portrait [USSG-FHT] (Details: LOINC code 54127-6 = 'US Surgeon General family health portrait [USSG-FHT]', stated as 'US Surgeon General family health portrait [USSG-FHT]')</p><p><b>subjectType</b>: Patient</p><blockquote><p><b>item</b></p><p><b>linkId</b>: 0</p><p><b>type</b>: group</p><h3>Items</h3><table><tr><td>-</td></tr><tr><td>*</td></tr><tr><td>*</td></tr><tr><td>*</td></tr><tr><td>*</td></tr></table></blockquote><blockquote><p><b>item</b></p><p><b>linkId</b>: 1</p><p><b>definition</b>: <a>http://loinc.org/fhir/DataElement/54126-8</a></p><p><b>text</b>: Your health information</p><p><b>type</b>: group</p><p><b>required</b>: true</p><h3>Items</h3><table><tr><td>-</td></tr><tr><td>*</td></tr><tr><td>*</td></tr></table></blockquote><blockquote><p><b>item</b></p><p><b>linkId</b>: 2</p><p><b>definition</b>: <a>http://loinc.org/fhir/DataElement/54114-4</a></p><p><b>text</b>: Family member health information</p><p><b>type</b>: group</p><p><b>repeats</b>: true</p><h3>Items</h3><table><tr><td>-</td></tr><tr><td>*</td></tr></table></blockquote></div>"
  },
  "url": "http://hl7.org/fhir/us/sdc/Questionnaire/54127-6",
  "identifier": [
    {
      "system": "http://example.org/panel-id",
      "value": "54127-6"
    }
  ],
  "title": "US Surgeon General - Family Health Portrait",
  "status": "active",
  "experimental": true,
  "date": "2015",
  "publisher": "Regenstrief Institute, Inc and the LOINC Committee",
  "description": "This represents an implementation of the \"US Surgeon General family health portrait\" form found at https://lforms-demo.nlm.nih.gov",
  "purpose": "Captures basic family history information",
  "approvalDate": "2015-10-31",
  "lastReviewDate": "2017-03-15",
  "useContext": [
    {
      "code": {
        "system": "http://hl7.org/fhir/usage-context-type",
        "code": "species"
      },
      "valueCodeableConcept": {
        "coding": [
          {
            "system": "http://snomed.info/sct",
            "code": "337915000",
            "display": "Homo sapiens"
          }
        ]
      }
    }
  ],
  "jurisdiction": [
    {
      "coding": [
        {
          "system": "urn:iso:std:iso:3166",
          "code": "US"
        }
      ]
    }
  ],
  "contact": [
    {
      "telecom": [
        {
          "system": "url",
          "value": "http://loinc.org"
        }
      ]
    }
  ],
  "copyright": "(c) 2015 Regenstrief Institute",
  "code": [
    {
      "system": "http://loinc.org",
      "code": "54127-6",
      "display": "US Surgeon General family health portrait [USSG-FHT]"
    }
  ],
  "subjectType": [
    "Patient"
  ],
  "item": [
    {
      "linkId": "0",
      "type": "group",
      "item": [
        {
          "linkId": "0.1",
          "text": "Date Done",
          "type": "date"
        },
        {
          "linkId": "0.2",
          "text": "Time Done",
          "type": "time"
        },
        {
          "linkId": "0.3",
          "text": "Where Done",
          "type": "string"
        },
        {
          "linkId": "0.4",
          "text": "Comment",
          "type": "string"
        }
      ]
    },
    {
      "linkId": "1",
      "definition": "http://loinc.org/fhir/DataElement/54126-8",
      "text": "Your health information",
      "type": "group",
      "required": true,
      "item": [
        {
          "linkId": "1.1",
          "type": "group",
          "item": [
            {
              "linkId": "1.1.1",
              "definition": "http://loinc.org/fhir/DataElement/54125-0",
              "text": "Name",
              "type": "string",
              "maxLength": 200
            },
            {
              "linkId": "1.1.2",
              "definition": "http://loinc.org/fhir/DataElement/54131-8",
              "text": "Gender",
              "type": "choice",
              "required": true,
              "item": [
                {
                  "linkId": "1.1.2.1.1",
                  "text": "Please specify",
                  "type": "string",
                  "required": true
                }
              ],
              "answerValueSet": "http://hl7.org/fhir/us/sdc/ValueSet/LL1-9"
            },
            {
              "linkId": "1.1.3",
              "definition": "http://loinc.org/fhir/DataElement/21112-8",
              "text": "Date of Birth",
              "type": "date"
            },
            {
              "linkId": "1.1.4",
              "definition": "http://loinc.org/fhir/DataElement/54132-6",
              "text": "Were you born a twin?",
              "type": "choice",
              "answerValueSet": "http://hl7.org/fhir/us/sdc/ValueSet/LL623-0",
              "initial": [
                {
                  "valueBoolean": null,
                  "valueDecimal": null,
                  "valueInteger": null,
                  "valueCoding": {
                    "system": "http://loinc.org",
                    "code": "LA32-8",
                    "display": "No"
                  }
                }
              ]
            },
            {
              "linkId": "1.1.5",
              "definition": "http://loinc.org/fhir/DataElement/54128-4",
              "text": "Were you adopted?",
              "type": "choice",
              "answerValueSet": "http://hl7.org/fhir/us/sdc/ValueSet/LL361-7"
            },
            {
              "linkId": "1.1.6",
              "definition": "http://loinc.org/fhir/DataElement/54135-9",
              "text": "Are your parents related to each other in any way other than marriage?",
              "type": "choice",
              "answerValueSet": "http://hl7.org/fhir/us/sdc/ValueSet/LL361-7"
            },
            {
              "linkId": "1.1.7",
              "definition": "http://loinc.org/fhir/DataElement/8302-2",
              "text": "Height",
              "type": "decimal",
              "required": true,
              "item": [
                {
                  "linkId": "1.1.7.1.1",
                  "text": "Units",
                  "type": "choice",
                  "answerValueSet": "#length"
                }
              ]
            },
            {
              "linkId": "1.1.8",
              "definition": "http://loinc.org/fhir/DataElement/29463-7",
              "text": "Weight",
              "type": "decimal",
              "item": [
                {
                  "linkId": "1.1.8.1.1",
                  "text": "Units",
                  "type": "choice",
                  "answerValueSet": "#weight"
                }
              ]
            },
            {
              "linkId": "1.1.9",
              "definition": "http://loinc.org/fhir/DataElement/39156-5",
              "text": "Body mass index (BMI) [Ratio]",
              "type": "decimal",
              "readOnly": true
            },
            {
              "linkId": "1.1.10",
              "definition": "http://loinc.org/fhir/DataElement/54134-2",
              "text": "Race",
              "type": "choice",
              "required": true,
              "answerValueSet": "http://hl7.org/fhir/us/sdc/ValueSet/LL629-7"
            },
            {
              "linkId": "1.1.11",
              "definition": "http://loinc.org/fhir/DataElement/54133-4",
              "text": "Ethnicity",
              "type": "choice",
              "repeats": true,
              "answerValueSet": "http://hl7.org/fhir/us/sdc/ValueSet/LL628-9"
            }
          ]
        },
        {
          "linkId": "1.2",
          "definition": "http://loinc.org/fhir/DataElement/54137-5",
          "text": "Your diseases history",
          "type": "group",
          "repeats": true,
          "item": [
            {
              "linkId": "1.2.1",
              "definition": "http://loinc.org/fhir/DataElement/54140-9",
              "text": "Disease or Condition",
              "type": "choice",
              "answerValueSet": "http://hl7.org/fhir/us/sdc/ValueSet/LL626-3"
            },
            {
              "linkId": "1.2.2",
              "definition": "http://loinc.org/fhir/DataElement/54130-0",
              "text": "Age at Diagnosis",
              "type": "choice",
              "answerValueSet": "http://hl7.org/fhir/us/sdc/ValueSet/LL619-8"
            }
          ]
        }
      ]
    },
    {
      "linkId": "2",
      "definition": "http://loinc.org/fhir/DataElement/54114-4",
      "text": "Family member health information",
      "type": "group",
      "repeats": true,
      "item": [
        {
          "linkId": "2.1",
          "type": "group",
          "item": [
            {
              "linkId": "2.1.1",
              "type": "group",
              "item": [
                {
                  "linkId": "2.1.1.1",
                  "definition": "http://loinc.org/fhir/DataElement/54136-7",
                  "text": "Relationship to you",
                  "type": "choice",
                  "answerValueSet": "http://hl7.org/fhir/us/sdc/ValueSet/LL621-4"
                },
                {
                  "linkId": "2.1.1.2",
                  "definition": "http://loinc.org/fhir/DataElement/54138-3",
                  "text": "Name",
                  "type": "string"
                },
                {
                  "linkId": "2.1.1.3",
                  "definition": "http://loinc.org/fhir/DataElement/54123-5",
                  "text": "Gender",
                  "type": "choice",
                  "item": [
                    {
                      "linkId": "2.1.1.3.1.1",
                      "text": "Please specify",
                      "type": "string",
                      "required": true
                    }
                  ],
                  "answerValueSet": "http://hl7.org/fhir/us/sdc/ValueSet/LL1-9"
                },
                {
                  "linkId": "2.1.1.4",
                  "definition": "http://loinc.org/fhir/DataElement/54139-1",
                  "text": "Living?",
                  "type": "choice",
                  "item": [
                    {
                      "linkId": "2.1.1.4.1",
                      "type": "group",
                      "item": [
                        {
                          "linkId": "2.1.1.4.1.1",
                          "definition": "http://loinc.org/fhir/DataElement/54112-8",
                          "text": "Cause of Death",
                          "type": "choice",
                          "item": [
                            {
                              "linkId": "2.1.1.4.1.1.1",
                              "text": "Please specify",
                              "type": "string"
                            }
                          ],
                          "answerValueSet": "http://hl7.org/fhir/us/sdc/ValueSet/LL627-1"
                        },
                        {
                          "linkId": "2.1.1.4.1.2",
                          "definition": "http://loinc.org/fhir/DataElement/54113-6",
                          "text": "Age at Death",
                          "type": "choice",
                          "answerValueSet": "http://hl7.org/fhir/us/sdc/ValueSet/LL619-8"
                        }
                      ]
                    },
                    {
                      "linkId": "2.1.1.4.2",
                      "type": "group",
                      "item": [
                        {
                          "linkId": "2.1.1.4.2.1",
                          "definition": "http://loinc.org/fhir/DataElement/54124-3",
                          "text": "Date of Birth",
                          "type": "date"
                        },
                        {
                          "linkId": "2.1.1.4.2.2",
                          "definition": "http://loinc.org/fhir/DataElement/54141-7",
                          "text": "Age",
                          "type": "decimal"
                        }
                      ]
                    }
                  ],
                  "answerValueSet": "http://hl7.org/fhir/us/sdc/ValueSet/LL361-7"
                },
                {
                  "linkId": "2.1.1.5",
                  "definition": "http://loinc.org/fhir/DataElement/54121-9",
                  "text": "Was this person born a twin?",
                  "type": "choice",
                  "answerValueSet": "http://hl7.org/fhir/us/sdc/ValueSet/LL623-0"
                },
                {
                  "linkId": "2.1.1.6",
                  "definition": "http://loinc.org/fhir/DataElement/54122-7",
                  "text": "Was this person adopted?",
                  "type": "choice",
                  "answerValueSet": "http://hl7.org/fhir/us/sdc/ValueSet/LL623-0"
                },
                {
                  "linkId": "2.1.1.7",
                  "definition": "http://loinc.org/fhir/DataElement/54119-3",
                  "text": "Race",
                  "type": "choice",
                  "repeats": true,
                  "answerValueSet": "http://hl7.org/fhir/us/sdc/ValueSet/LL629-7"
                },
                {
                  "linkId": "2.1.1.8",
                  "definition": "http://loinc.org/fhir/DataElement/54120-1",
                  "text": "Ethnicity",
                  "type": "choice",
                  "repeats": true,
                  "answerValueSet": "http://hl7.org/fhir/us/sdc/ValueSet/LL628-9"
                }
              ]
            },
            {
              "linkId": "2.1.2",
              "definition": "http://loinc.org/fhir/DataElement/54117-7",
              "text": "This family member's history of disease",
              "type": "group",
              "repeats": true,
              "item": [
                {
                  "linkId": "2.1.2.1",
                  "definition": "http://loinc.org/fhir/DataElement/54116-9",
                  "text": "Disease or Condition",
                  "type": "choice",
                  "required": true,
                  "answerValueSet": "http://hl7.org/fhir/us/sdc/ValueSet/LL626-3"
                },
                {
                  "linkId": "2.1.2.2",
                  "definition": "http://loinc.org/fhir/DataElement/54115-1",
                  "text": "Age at Diagnosis",
                  "type": "choice",
                  "answerValueSet": "http://hl7.org/fhir/us/sdc/ValueSet/LL619-8"
                },
                {
                  "linkId": "2.1.2.3",
                  "text": "Mock-up item: Height",
                  "type": "decimal"
                },
                {
                  "linkId": "2.1.2.4",
                  "text": "Mock-up item: Weight",
                  "type": "decimal"
                },
                {
                  "linkId": "2.1.2.5",
                  "text": "Mock-up item: BMI",
                  "type": "decimal"
                }
              ]
            }
          ]
        }
      ]
    }
  ]
}