{
  "resourceType": "Bundle",
  "type": "transaction",
  "entry": [
    {
      "fullUrl": "urn:uuid:64bac34e-e611-3549-848b-89416176aa0b",
      "resource": {
        "resourceType": "Patient",
        "id": "64bac34e-e611-3549-848b-89416176aa0b",
        "identifier": [
          {
            "value": "10006579",
            "type": {
              "coding": [
                {
                  "code": "MR",
                  "system": "http://terminology.hl7.org/CodeSystem/v2-0203"
                }
              ]
            }
          },
          {
            "type": {
              "coding": [
                {
                  "system": "http://terminology.hl7.org/CodeSystem/v2-0203",
                  "code": "SS"
                }
              ]
            },
            "system": "http://hl7.org/fhir/sid/us-ssn",
            "value": "123121234"
          }
        ],
        "name": [
          {
            "family": "DUCK",
            "given": [
              "DONALD",
              "D"
            ]
          }
        ],
        "birthDate": "1924-10-10",
        "gender": "male",
        "address": [
          {
            "line": [
              "111 DUCK ST"
            ],
            "city": "FOWL",
            "state": "CA",
            "postalCode": "999990000",
            "type": "postal"
          },
          {
            "district": "1"
          }
        ],
        "telecom": [
          {
            "value": "8885551212",
            "use": "home"
          },
          {
            "value": "8885551212",
            "use": "work"
          }
        ],
        "communication": [
          {
            "preferred": true
          }
        ]
      },
      "request": {
        "method": "PUT",
        "url": "Patient/64bac34e-e611-3549-848b-89416176aa0b"
      }
    },
    {
      "fullUrl": "urn:uuid:14693cea-02b9-3743-9010-fa549107ea68",
      "resource": {
        "resourceType": "Encounter",
        "id": "14693cea-02b9-3743-9010-fa549107ea68",
        "class": {
          "code": "IMP",
          "display": "inpatient encounter",
          "system": "http://terminology.hl7.org/CodeSystem/v3-ActCode"
        },
        "status": "unknown",
        "location": [
          {
            "status": "active",
            "location": {
              "reference": "Location/5f49ca69-cbda-3b30-8480-fa750dfee4a2"
            }
          }
        ],
        "hospitalization": {
          "admitSource": {
            "coding": [
              {
                "code": "1"
              }
            ]
          }
        },
        "participant": [
          {
            "type": [
              {
                "coding": [
                  {
                    "code": "ATND",
                    "system": "http://terminology.hl7.org/CodeSystem/v3-ParticipationType",
                    "display": "attender"
                  }
                ]
              }
            ]
          },
          {
            "type": [
              {
                "coding": [
                  {
                    "code": "ADM",
                    "system": "http://terminology.hl7.org/CodeSystem/v3-ParticipationType"
                  }
                ],
                "text": "admitter"
              }
            ]
          }
        ],
        "serviceType": {
          "coding": [
            {
              "code": "01"
            }
          ]
        },
        "identifier": [
          {
            "value": "40007716",
            "type": {
              "coding": [
                {
                  "system": "http://terminology.hl7.org/CodeSystem/v2-0203"
                }
              ],
              "text": "visit number"
            }
          },
          {
            "value": " "
          }
        ],
        "period": {
          "start": "2005-01-10T04:52:53.000Z"
        },
        "subject": {
          "reference": "Patient/64bac34e-e611-3549-848b-89416176aa0b"
        },
        "diagnosis": [
          {
            "condition": {
              "reference": "Condition/f7cf74e6-f132-3946-8d4c-23f8305e3bfc"
            }
          }
        ]
      },
      "request": {
        "method": "PUT",
        "url": "Encounter/14693cea-02b9-3743-9010-fa549107ea68"
      }
    },
    {
      "fullUrl": "urn:uuid:5f49ca69-cbda-3b30-8480-fa750dfee4a2",
      "resource": {
        "resourceType": "Location",
        "id": "5f49ca69-cbda-3b30-8480-fa750dfee4a2",
        "mode": "instance",
        "physicalType": {
          "coding": [
            {
              "system": "http://terminology.hl7.org/CodeSystem/location-physical-type"
            }
          ]
        }
      },
      "request": {
        "method": "PUT",
        "url": "Location/5f49ca69-cbda-3b30-8480-fa750dfee4a2"
      }
    },
    {
      "fullUrl": "urn:uuid:a447a61d-cde0-394f-ab88-6a6f01215075",
      "resource": {
        "resourceType": "RelatedPerson",
        "id": "a447a61d-cde0-394f-ab88-6a6f01215075",
        "address": [
          {
            "line": [
              "3583 DUCK RD"
            ],
            "city": "FOWL",
            "state": "CA",
            "postalCode": "999990000"
          }
        ],
        "telecom": [
          {
            "value": "8885552222"
          }
        ],
        "name": [
          {
            "family": "DUCK",
            "given": [
              "HUEY"
            ]
          }
        ],
        "patient": {
          "reference": "Patient/64bac34e-e611-3549-848b-89416176aa0b"
        }
      },
      "request": {
        "method": "PUT",
        "url": "RelatedPerson/a447a61d-cde0-394f-ab88-6a6f01215075"
      }
    },
    {
      "fullUrl": "urn:uuid:f7cf74e6-f132-3946-8d4c-23f8305e3bfc",
      "resource": {
        "resourceType": "Condition",
        "id": "f7cf74e6-f132-3946-8d4c-23f8305e3bfc",
        "code": {
          "coding": [
            {
              "code": "71596",
              "display": "OSTEOARTHROS NOS-L/LEG ",
              "system": "I9"
            }
          ],
          "text": "OSTEOARTHROS NOS-L/LEG "
        },
        "subject": {
          "reference": "Patient/64bac34e-e611-3549-848b-89416176aa0b"
        }
      },
      "request": {
        "method": "PUT",
        "url": "Condition/f7cf74e6-f132-3946-8d4c-23f8305e3bfc"
      }
    }
  ]
}