{
  "resourceType": "Bundle",
  "type": "transaction",
  "entry": [
    {
      "fullUrl": "urn:uuid:eb76f96f-dde1-31cd-8815-7c2546dabe7e",
      "resource": {
        "resourceType": "Patient",
        "id": "eb76f96f-dde1-31cd-8815-7c2546dabe7e",
        "identifier": [
          {
            "value": "PATID1234",
            "type": {
              "coding": [
                {
                  "code": "MR",
                  "system": "http://terminology.hl7.org/CodeSystem/v2-0203"
                }
              ]
            }
          },
          {
            "value": "123456789",
            "type": {
              "coding": [
                {
                  "code": "SS",
                  "system": "http://terminology.hl7.org/CodeSystem/v2-0203"
                }
              ]
            }
          },
          {
            "type": {
              "coding": [
                {
                  "system": "http://terminology.hl7.org/CodeSystem/v2-0203",
                  "code": "SS"
                }
              ]
            },
            "system": "http://hl7.org/fhir/sid/us-ssn",
            "value": "444333333"
          },
          {
            "value": "987654",
            "type": {
              "coding": [
                {
                  "code": "DL"
                }
              ]
            },
            "system": "NC"
          }
        ],
        "name": [
          {
            "family": "EVERYMAN",
            "given": [
              "ADAM",
              "A"
            ],
            "suffix": [
              "III"
            ]
          }
        ],
        "birthDate": "1961-06-15",
        "gender": "male",
        "address": [
          {
            "line": [
              "2222 HOME STREET"
            ],
            "city": "GREENSBORO",
            "state": "NC",
            "postalCode": "27401-1020"
          },
          {
            "district": "GL"
          }
        ],
        "telecom": [
          {
            "value": "(555) 555-2004",
            "use": "home"
          },
          {
            "value": "(555)555-2004",
            "use": "work"
          }
        ],
        "maritalStatus": {
          "coding": [
            {
              "code": "S",
              "display": "Never Married",
              "system": "http://terminology.hl7.org/CodeSystem/v3-MaritalStatus"
            }
          ]
        }
      },
      "request": {
        "method": "PUT",
        "url": "Patient/eb76f96f-dde1-31cd-8815-7c2546dabe7e"
      }
    },
    {
      "fullUrl": "urn:uuid:32bb690e-ffcd-365f-a97a-7ba223617d7c",
      "resource": {
        "resourceType": "Encounter",
        "id": "32bb690e-ffcd-365f-a97a-7ba223617d7c",
        "class": {
          "code": "IMP",
          "display": "inpatient encounter",
          "system": "http://terminology.hl7.org/CodeSystem/v3-ActCode"
        },
        "status": "unknown",
        "location": [
          {
            "status": "active",
            "location": {
              "reference": "Location/c1b4104c-d9b7-34cb-8a75-1466ce99661c"
            }
          }
        ],
        "hospitalization": {
          "admitSource": {
            "coding": [
              {
                "code": "ADM"
              }
            ]
          }
        },
        "participant": [
          {
            "type": [
              {
                "coding": [
                  {
                    "code": "ATND",
                    "system": "http://terminology.hl7.org/CodeSystem/v3-ParticipationType",
                    "display": "attender"
                  }
                ]
              }
            ]
          }
        ],
        "serviceType": {
          "coding": [
            {
              "code": "SUR"
            }
          ]
        },
        "subject": {
          "reference": "Patient/eb76f96f-dde1-31cd-8815-7c2546dabe7e"
        }
      },
      "request": {
        "method": "PUT",
        "url": "Encounter/32bb690e-ffcd-365f-a97a-7ba223617d7c"
      }
    },
    {
      "fullUrl": "urn:uuid:c1b4104c-d9b7-34cb-8a75-1466ce99661c",
      "resource": {
        "resourceType": "Location",
        "id": "c1b4104c-d9b7-34cb-8a75-1466ce99661c",
        "mode": "instance",
        "physicalType": {
          "coding": [
            {
              "system": "http://terminology.hl7.org/CodeSystem/location-physical-type"
            }
          ]
        }
      },
      "request": {
        "method": "PUT",
        "url": "Location/c1b4104c-d9b7-34cb-8a75-1466ce99661c"
      }
    },
    {
      "fullUrl": "urn:uuid:7c2e085c-0f36-3e5f-a718-5278465a3d97",
      "resource": {
        "resourceType": "RelatedPerson",
        "id": "7c2e085c-0f36-3e5f-a718-5278465a3d97",
        "relationship": [
          {
            "coding": [
              {
                "code": "SPS",
                "display": "spouse",
                "system": "http://terminology.hl7.org/CodeSystem/v3-RoleCode"
              }
            ]
          }
        ],
        "name": [
          {
            "family": "NUCLEAR",
            "given": [
              "NELDA",
              "W"
            ]
          }
        ],
        "patient": {
          "reference": "Patient/eb76f96f-dde1-31cd-8815-7c2546dabe7e"
        }
      },
      "request": {
        "method": "PUT",
        "url": "RelatedPerson/7c2e085c-0f36-3e5f-a718-5278465a3d97"
      }
    }
  ]
}