{
  "resourceType": "Bundle",
  "type": "batch",
  "entry": [
    {
      "fullUrl": "urn:uuid:8a380dfe-677f-ca39-ea5a-be89a7d1fe11",
      "resource": {
        "resourceType": "Composition",
        "id": "8a380dfe-677f-ca39-ea5a-be89a7d1fe11",
        "identifier": {
          "use": "official",
          "value": "2.16.840.1.113883.3.109"
        },
        "status": "final",
        "type": {
          "coding": [
            {
              "code": "34133-9",
              "display": "SUMMARIZATION OF EPISODE NOTE",
              "system": "http://loinc.org"
            }
          ]
        },
        "date": "2017-05-28T15:02:00-04:00",
        "title": "Continuity of Care Document (C-CDA)",
        "confidentiality": "N",
        "subject": {
          "reference": "Patient/44b52cd8-5266-7209-ab40-15fb16fc9ba9"
        }
      },
      "request": {
        "method": "PUT",
        "url": "Composition/8a380dfe-677f-ca39-ea5a-be89a7d1fe11"
      }
    },
    {
      "fullUrl": "urn:uuid:44b52cd8-5266-7209-ab40-15fb16fc9ba9",
      "resource": {
        "resourceType": "Patient",
        "id": "44b52cd8-5266-7209-ab40-15fb16fc9ba9",
        "meta": {
          "profile": [
            "http://hl7.org/fhir/us/core/StructureDefinition/us-core-patient"
          ]
        },
        "identifier": [
          {
            "system": "urn:oid:1.3.6.1.4.1.41179.2.4",
            "value": "lisarnelson@direct.myphd.us"
          },
          {
            "system": "urn:oid:2.16.840.1.113883.1.111.12345",
            "value": "12345-0828",
            "assigner": {
              "display": "River Valley Health Services local patient Medical Record Number"
            }
          }
        ],
        "name": [
          {
            "use": "usual",
            "family": "Nelson",
            "given": [
              "Lisa"
            ]
          }
        ],
        "birthDate": "1962-08-28",
        "gender": "female",
        "extension": [
          {
            "url": "http://hl7.org/fhir/us/core/StructureDefinition/us-core-race",
            "extension": [
              {
                "url": "ombCategory",
                "valueCoding": {
                  "code": "2106-3",
                  "display": "White"
                }
              },
              {
                "url": "text",
                "valueString": "White"
              }
            ]
          },
          {
            "url": "http://hl7.org/fhir/us/core/StructureDefinition/us-core-ethnicity",
            "extension": [
              {
                "url": "ombCategory",
                "valueCoding": {
                  "code": "2186-5",
                  "display": "Not Hispanic or Latino"
                }
              },
              {
                "url": "text",
                "valueString": "Not Hispanic or Latino"
              }
            ]
          }
        ],
        "address": [
          {
            "line": [
              "1 Happy Valley Road"
            ],
            "city": "Westerly",
            "state": "RI",
            "postalCode": "02891"
          }
        ],
        "telecom": [
          {
            "system": "phone",
            "value": "+1-4013482345",
            "use": "work"
          },
          {
            "system": "phone",
            "value": "+1-4016412345",
            "use": "home"
          },
          {
            "system": "email",
            "value": "lisanelson@gmail.com"
          },
          {
            "system": "email",
            "value": "lisarnelson@direct.myphd.us"
          }
        ],
        "communication": [
          {
            "language": {
              "coding": [
                {
                  "system": "urn:ietf:bcp:47",
                  "code": "en",
                  "display": "English"
                }
              ]
            },
            "preferred": true
          }
        ]
      },
      "request": {
        "method": "PUT",
        "url": "Patient/44b52cd8-5266-7209-ab40-15fb16fc9ba9"
      }
    },
    {
      "fullUrl": "urn:uuid:9629b055-681d-b1ec-df70-a7e6678ba6f4",
      "resource": {
        "resourceType": "DocumentReference",
        "id": "9629b055-681d-b1ec-df70-a7e6678ba6f4",
        "type": {
          "coding": [
            {
              "code": "34133-9",
              "display": "SUMMARIZATION OF EPISODE NOTE",
              "system": "http://loinc.org"
            }
          ]
        },
        "date": "2022-03-25T08:35:30.737Z",
        "status": "current",
        "content": [
          {
            "attachment": {
              "contentType": "text/plain",
              "data": "H4sIAAAAAAAACq1Y7XLiNhR9FdV/0p3WNv6AQAbYTYFsmAbIALvb6Z+OsAXWjC1RWSahT98r2xBjG8LurCZhyJV0v6VzlO7H1yhEOyJiyllPs4yG9rHfVUI9lvuQxAEhEsn9lvRuJHmV5msc3qBAkHXv5gZWDkLKqIfDIfeSiDCJYCeL715j2tMCKbd3pvny8mK8OAYXG9NuNCzzr8nTwgtIhHXKYomZR7RsV09LBLsLwlsd1t7tnFx8F9F1ecoE2WF6x73KNMgO07EvS/NKovURjK4gOIwG3CfIg4+e9mWhmdmMCnnsI8G57Gm2YbWMttswLMOynHbbgS/gHuSDsCxxz7PB8J/HYQOG2zjqINE2xPKinoZhww9MGNaPbbMP2+j55WpD58Tf1bq1cnDL1l274+ju7crVO2vL1b122+5gq9lau6uDYu8tP45rOY4Oqnwag4/7KY5AuvgymdzPx3/fL8ezKZo9oNHzeDEbjtB0thxpSocaSsNiH0N0dS62IP7Ckkzx02w8HRzTQmVI+gPOJGUJlXvE12iABUHH3vt1oA+G9x+6ZrY03UXWa+JJuiNLGhG0w2ECeu2Gddto2m2r2YCW1KFkx5p5nK2pD9ooDsFIoTempainXEQ4RIsAC8o22jvxNQ27WZOKTNXj0y0anBo++BNitknwhhQcIUx/61NBPC78JRYbIlNJKt1iSUHVnOdpOE78ouvokUDSaIww2iarkHoIOkcGWKIAg5ClbSIYhBYRzCA0tMIx8RFnsEN1GJqNh9kGUJKpwGG4R5n3a4pXITGQrp9YzkxnDQqHR9XbcNWvZd12DNtwNaVNBgThOKYbZfc+kVxAKlSO0JqLE3WHMaSQAYmWIonlTYyes8BNyGYMTSEQ9n1B4pjESBsu1SWEnqFNR9OlVvbw7QCd8a9wfEIaY8FIGHP2yU89MKL9NvCNJD4W+ThqA+qV3cnqeZKtCVeF8mMU4T1aEZRAGSqJPSmpyl9ee0jGZD5FUKX518cFOh9t3eVmWfBrO27zJOpUojfadlu7FGNQCHIOJ0+gr9AfZA9e4lAGaEHEjnpQkZBD4xz8RRPiq0ZC87Sj0TSJVkRoqJQXVc/TxlLSWArAqfus1k+Ukb6FHvF2uz+YnnPsd83qsoomD1zvfyNwNkW475rpnzXm4Hruz8dKo/pWWbDlMBGqM9tv2O2O1TULkqpNnjAp9oglYfgQ4h0XgETTP8stYVZiB6gIIVuR6oye9u1ZO1xwIL/7zdLdhuW47bSO5oWNj3UbW651aWO+PsI0lPxOnYf8OGyUyIAl1+88d5JKCvJGqeaPqQsijeQpw/XKijWOaLjvT1M7XTP/s3bpBjqWoX8TuIXXlEAlBqD0CbzsmulU1byp7FfF2I+AG0HLgds78pkwn4jCLf5QgpMHYEQhUKGa8R6y1CCnQpT7GgdKOU0dXVEhgyI8Wp2WnZ7ymsURoB008gL6PokL4UxK4UywEJT4V8DiOyG/xTMpmq7zTWCviJO21WjpTsmvbwGVkOX3yIjttK/yazAcoDmYBdz00UgGQIbfwPvEOZJOfhY82Z742G7pzQqzkOgRBIC+HgLce4ICMv4DrZHH8eNOv7GPKEoU0ZcABPXn5grW6hjtNnw3HPvIWi9YLPCdzbnVW3iIAPTBG2IMoRzuMJGQumDM96OBe7rmkgEzfAfsRszEBmryX30WUiBeBoDCJW71Eih0VtCcsieYFWQD5xKkQLw4okwBn8yWTFPlAIPPuU0EZKvMpd7Bb9doneK2CxzGvXXacBhqxjnsrnOlLq/Xxp2HqVjKYfFRc07jcmiusseDnfMEzfo5BHLAd2ldRkBl4Y1RpY8DeNFcrMcZ5wr1ELsg/qQ+jAPiwT15mSUORvC6OXHtw7lS/AFMnHlh4ivqXmDsWEpBV4nMUoFRkLIxT72geKGvf0d7niAP3gGAqHmpGOyI0lnVr+Vx7F9c4p6QEqCf6UuhaMH4znY+oaPf08A/m3ymjqZgf0nzOT7wPldrOh3XsQ//B7hqc86i6jqqRksteU5nqswYaCMgLmVokU5dQ55TTSljLubnDIm+ikjXkGlI0EU2nTmRMer+lwVYz7+rieKo49PmxZv+iA7Hd3XXrLy/DcPIXYi2nBWhRCU58WQCZ/gP7hccyrfkNmpWqSAO2rpm+X9u/f8BUZKZmMUTAAA=",
              "hash": "OTMyZjQwYWQ0YmNiNmY0MWNlMDNkY2QwNGIxZjJkZjVlMTQ5OTAyMQ=="
            }
          }
        ]
      },
      "request": {
        "method": "PUT",
        "url": "DocumentReference/9629b055-681d-b1ec-df70-a7e6678ba6f4"
      }
    }
  ]
}