{
  "resourceType": "Bundle",
  "type": "batch",
  "entry": [
    {
      "fullUrl": "urn:uuid:a1afbb98-1b13-d71b-c8fd-5f814de9da5b",
      "resource": {
        "resourceType": "Composition",
        "id": "a1afbb98-1b13-d71b-c8fd-5f814de9da5b",
        "identifier": {
          "use": "official",
          "value": "2.16.840.1.113883.19.5.99999.1"
        },
        "status": "final",
        "type": {
          "coding": [
            {
              "code": "28570-0",
              "display": "Procedure Note",
              "system": "http://loinc.org"
            }
          ]
        },
        "date": "2012-09-16T19:11:00-04:00",
        "title": "Community Health and Hospitals: Procedure Note",
        "confidentiality": "N",
        "attester": [
          {
            "mode": "legal",
            "time": "2009-02-27T13:00:00-05:00",
            "party": {
              "reference": "Practitioner/151bd63c-93e9-9838-dd94-f74d3b63be52"
            }
          }
        ],
        "event": [
          {
            "period": {
              "start": "2012-09-09T19:11:00-04:00",
              "end": "2012-09-16T19:11:00-04:00"
            }
          }
        ],
        "section": [
          {
            "title": "Assessment",
            "text": {
              "status": "generated",
              "div": "<div xmlns=\"http://www.w3.org/1999/xhtml\">Assessment</div>"
            },
            "code": {
              "coding": [
                {
                  "code": "51848-0",
                  "display": "ASSESSMENT",
                  "system": "http://loinc.org"
                }
              ]
            },
            "mode": "snapshot"
          },
          {
            "title": "Plan of Treatment",
            "text": {
              "status": "generated",
              "div": "<div xmlns=\"http://www.w3.org/1999/xhtml\">Plan of Treatment</div>"
            },
            "code": {
              "coding": [
                {
                  "code": "18776-5",
                  "display": "Treatment plan",
                  "system": "http://loinc.org"
                }
              ]
            },
            "mode": "snapshot"
          },
          {
            "title": "Procedure Indications",
            "text": {
              "status": "generated",
              "div": "<div xmlns=\"http://www.w3.org/1999/xhtml\">Procedure Indications</div>"
            },
            "code": {
              "coding": [
                {
                  "code": "59768-2",
                  "display": "PROCEDURE INDICATIONS",
                  "system": "http://loinc.org"
                }
              ]
            },
            "mode": "snapshot"
          },
          {
            "title": "Planned Procedure",
            "text": {
              "status": "generated",
              "div": "<div xmlns=\"http://www.w3.org/1999/xhtml\">Planned Procedure</div>"
            },
            "code": {
              "coding": [
                {
                  "code": "59772-4",
                  "display": "Planned Procedure",
                  "system": "http://loinc.org"
                }
              ]
            },
            "mode": "snapshot"
          },
          {
            "title": "PROCEDURE DESCRIPTION",
            "text": {
              "status": "generated",
              "div": "<div xmlns=\"http://www.w3.org/1999/xhtml\">PROCEDURE DESCRIPTION</div>"
            },
            "code": {
              "coding": [
                {
                  "code": "29554-3",
                  "display": "PROCEDURE DESCRIPTION",
                  "system": "http://loinc.org"
                }
              ]
            },
            "mode": "snapshot"
          },
          {
            "title": "Preoperative Diagnosis",
            "text": {
              "status": "generated",
              "div": "<div xmlns=\"http://www.w3.org/1999/xhtml\">Preoperative Diagnosis</div>"
            },
            "code": {
              "coding": [
                {
                  "code": "10219-4",
                  "display": "SURGICAL OPERATION NOTE PREOPERATIVE DX",
                  "system": "http://loinc.org"
                }
              ]
            },
            "mode": "snapshot"
          },
          {
            "title": "Anesthesia",
            "text": {
              "status": "generated",
              "div": "<div xmlns=\"http://www.w3.org/1999/xhtml\">Anesthesia</div>"
            },
            "code": {
              "coding": [
                {
                  "code": "59774-0",
                  "display": "PROCEDURE ANESTHESIA",
                  "system": "http://loinc.org"
                }
              ]
            },
            "mode": "snapshot"
          },
          {
            "title": "Surgical Drains",
            "text": {
              "status": "generated",
              "div": "<div xmlns=\"http://www.w3.org/1999/xhtml\">Surgical Drains</div>"
            },
            "code": {
              "coding": [
                {
                  "code": "11537-8",
                  "display": "SURGICAL DRAINS",
                  "system": "http://loinc.org"
                }
              ]
            },
            "mode": "snapshot"
          },
          {
            "title": "Procedure Findings",
            "text": {
              "status": "generated",
              "div": "<div xmlns=\"http://www.w3.org/1999/xhtml\">Procedure Findings</div>"
            },
            "code": {
              "coding": [
                {
                  "code": "59776-5",
                  "display": "PROCEDURE FINDINGS",
                  "system": "http://loinc.org"
                }
              ]
            },
            "mode": "snapshot"
          },
          {
            "title": "Estimated Blood Loss",
            "text": {
              "status": "generated",
              "div": "<div xmlns=\"http://www.w3.org/1999/xhtml\">Estimated Blood Loss</div>"
            },
            "code": {
              "coding": [
                {
                  "code": "59770-8",
                  "display": "PROCEDURE ESTIMATED BLOOD LOSS",
                  "system": "http://loinc.org"
                }
              ]
            },
            "mode": "snapshot"
          },
          {
            "title": "Procedure Implants",
            "text": {
              "status": "generated",
              "div": "<div xmlns=\"http://www.w3.org/1999/xhtml\">Procedure Implants</div>"
            },
            "code": {
              "coding": [
                {
                  "code": "59771-6",
                  "display": "PROCEDURE IMPLANTS",
                  "system": "http://loinc.org"
                }
              ]
            },
            "mode": "snapshot"
          },
          {
            "title": "Specimens Taken",
            "text": {
              "status": "generated",
              "div": "<div xmlns=\"http://www.w3.org/1999/xhtml\">Specimens Taken</div>"
            },
            "code": {
              "coding": [
                {
                  "code": "59773-2",
                  "display": "PROCEDURE SPECIMENS TAKEN",
                  "system": "http://loinc.org"
                }
              ]
            },
            "mode": "snapshot"
          },
          {
            "title": "Complications",
            "text": {
              "status": "generated",
              "div": "<div xmlns=\"http://www.w3.org/1999/xhtml\">Complications</div>"
            },
            "code": {
              "coding": [
                {
                  "code": "55109-3",
                  "display": "Complications",
                  "system": "http://loinc.org"
                }
              ]
            },
            "mode": "snapshot"
          },
          {
            "title": "Postoperative Diagnosis",
            "text": {
              "status": "generated",
              "div": "<div xmlns=\"http://www.w3.org/1999/xhtml\">Postoperative Diagnosis</div>"
            },
            "code": {
              "coding": [
                {
                  "code": "10218-6",
                  "display": "POSTOPERATIVE DIAGNOSIS",
                  "system": "http://loinc.org"
                }
              ]
            },
            "mode": "snapshot"
          },
          {
            "title": "Postprocedure Diagnosis",
            "text": {
              "status": "generated",
              "div": "<div xmlns=\"http://www.w3.org/1999/xhtml\">Postprocedure Diagnosis</div>"
            },
            "code": {
              "coding": [
                {
                  "code": "59769-0",
                  "display": "POSTPROCEDURE DIAGNOSIS",
                  "system": "http://loinc.org"
                }
              ]
            },
            "mode": "snapshot"
          },
          {
            "title": "Procedure Disposition",
            "text": {
              "status": "generated",
              "div": "<div xmlns=\"http://www.w3.org/1999/xhtml\">Procedure Disposition</div>"
            },
            "code": {
              "coding": [
                {
                  "code": "59775-7",
                  "display": "PROCEDURE DISPOSITION",
                  "system": "http://loinc.org"
                }
              ]
            },
            "mode": "snapshot"
          }
        ],
        "subject": {
          "reference": "Patient/5510eaa6-2ad2-b82b-248b-aba749e28fa1"
        },
        "encounter": {
          "reference": "Encounter/786d8ce8-8ab9-f2f3-9418-aa9de43e7f79"
        },
        "custodian": {
          "reference": "Organization/ccf335f7-e962-e711-c0ac-aca0f1f41b74"
        },
        "author": [
          {
            "reference": "Practitioner/b818f780-0177-affe-d9d2-2aefb7adeee2"
          }
        ]
      },
      "request": {
        "method": "PUT",
        "url": "Composition/a1afbb98-1b13-d71b-c8fd-5f814de9da5b"
      }
    },
    {
      "fullUrl": "urn:uuid:151bd63c-93e9-9838-dd94-f74d3b63be52",
      "resource": {
        "resourceType": "Practitioner",
        "id": "151bd63c-93e9-9838-dd94-f74d3b63be52",
        "meta": {
          "profile": [
            "http://hl7.org/fhir/us/core/StructureDefinition/us-core-practitioner"
          ]
        },
        "identifier": [
          {
            "system": "http://hl7.org/fhir/sid/us-npi",
            "value": "999999999"
          }
        ],
        "name": [
          {
            "family": "Seven",
            "given": [
              "Henry"
            ]
          }
        ],
        "address": [
          {
            "line": [
              "1001 Village Avenue"
            ],
            "city": "Portland",
            "state": "OR",
            "country": "US",
            "postalCode": "99123"
          }
        ],
        "telecom": [
          {
            "system": "phone",
            "value": "555-555-1002",
            "use": "work"
          }
        ]
      },
      "request": {
        "method": "PUT",
        "url": "Practitioner/151bd63c-93e9-9838-dd94-f74d3b63be52"
      }
    },
    {
      "fullUrl": "urn:uuid:786d8ce8-8ab9-f2f3-9418-aa9de43e7f79",
      "resource": {
        "resourceType": "Encounter",
        "id": "786d8ce8-8ab9-f2f3-9418-aa9de43e7f79",
        "status": "unknown",
        "class": {
          "code": "99213",
          "display": "Evaluation and Management",
          "system": "http://www.ama-assn.org/go/cpt"
        },
        "identifier": [
          {
            "system": "urn:oid:2.16.840.1.113883.19",
            "value": "9937012"
          }
        ],
        "period": {
          "start": "2009-02-27T13:00:00-05:00",
          "end": "2009-02-27T13:00:00-05:00"
        },
        "location": [
          {
            "location": {
              "reference": "Location/6dfdc7c6-e225-71eb-cec1-75870e529061"
            }
          }
        ]
      },
      "request": {
        "method": "PUT",
        "url": "Encounter/786d8ce8-8ab9-f2f3-9418-aa9de43e7f79"
      }
    },
    {
      "fullUrl": "urn:uuid:6dfdc7c6-e225-71eb-cec1-75870e529061",
      "resource": {
        "resourceType": "Location",
        "id": "6dfdc7c6-e225-71eb-cec1-75870e529061"
      },
      "request": {
        "method": "PUT",
        "url": "Location/6dfdc7c6-e225-71eb-cec1-75870e529061"
      }
    },
    {
      "fullUrl": "urn:uuid:ccf335f7-e962-e711-c0ac-aca0f1f41b74",
      "resource": {
        "resourceType": "Organization",
        "id": "ccf335f7-e962-e711-c0ac-aca0f1f41b74",
        "identifier": [
          {
            "system": "http://hl7.org/fhir/sid/us-npi",
            "value": "99999999"
          }
        ],
        "name": "Community Health and Hospitals",
        "address": [
          {
            "use": "work",
            "line": [
              "1002 Healthcare Drive "
            ],
            "city": "Portland",
            "state": "OR",
            "country": "US",
            "postalCode": "99123"
          }
        ],
        "telecom": [
          {
            "system": "phone",
            "value": "555-555-1002",
            "use": "work"
          }
        ]
      },
      "request": {
        "method": "PUT",
        "url": "Organization/ccf335f7-e962-e711-c0ac-aca0f1f41b74"
      }
    },
    {
      "fullUrl": "urn:uuid:b818f780-0177-affe-d9d2-2aefb7adeee2",
      "resource": {
        "resourceType": "Practitioner",
        "id": "b818f780-0177-affe-d9d2-2aefb7adeee2",
        "meta": {
          "profile": [
            "http://hl7.org/fhir/us/core/StructureDefinition/us-core-practitioner"
          ]
        },
        "identifier": [
          {
            "system": "http://hl7.org/fhir/sid/us-npi",
            "value": "99999999"
          }
        ],
        "name": [
          {
            "family": "Seven",
            "given": [
              "Henry"
            ]
          }
        ],
        "address": [
          {
            "line": [
              "1002 Healthcare Drive "
            ],
            "city": "Portland",
            "state": "OR",
            "country": "US",
            "postalCode": "99123"
          }
        ],
        "telecom": [
          {
            "system": "phone",
            "value": "555-555-1002",
            "use": "work"
          }
        ],
        "qualification": [
          {
            "code": {
              "coding": [
                {
                  "code": "200000000X",
                  "display": "Allopathic & Osteopathic Physicians",
                  "system": "http://nucc.org/provider-taxonomy"
                }
              ]
            }
          }
        ]
      },
      "request": {
        "method": "PUT",
        "url": "Practitioner/b818f780-0177-affe-d9d2-2aefb7adeee2"
      }
    },
    {
      "fullUrl": "urn:uuid:5510eaa6-2ad2-b82b-248b-aba749e28fa1",
      "resource": {
        "resourceType": "Patient",
        "id": "5510eaa6-2ad2-b82b-248b-aba749e28fa1",
        "meta": {
          "profile": [
            "http://hl7.org/fhir/us/core/StructureDefinition/us-core-patient"
          ]
        },
        "identifier": [
          {
            "system": "urn:oid:2.16.840.1.113883.19.5.99999.2",
            "value": "998991"
          },
          {
            "system": "http://hl7.org/fhir/sid/us-ssn",
            "value": "111-00-2330"
          }
        ],
        "name": [
          {
            "use": "usual",
            "family": "Jones",
            "given": [
              "Isabella"
            ]
          }
        ],
        "birthDate": "2005-05-01",
        "gender": "female",
        "extension": [
          {
            "url": "http://hl7.org/fhir/us/core/StructureDefinition/us-core-race",
            "extension": [
              {
                "url": "detailed",
                "valueCoding": {
                  "code": "1966-1",
                  "display": "Aleut"
                }
              },
              {
                "url": "text",
                "valueString": "Aleut"
              }
            ]
          },
          {
            "url": "http://hl7.org/fhir/us/core/StructureDefinition/us-core-ethnicity",
            "extension": [
              {
                "url": "ombCategory",
                "valueCoding": {
                  "code": "2186-5",
                  "display": "Not Hispanic or Latino"
                }
              },
              {
                "url": "text",
                "valueString": "Not Hispanic or Latino"
              }
            ]
          }
        ],
        "address": [
          {
            "use": "home",
            "line": [
              "1357 Amber Drive"
            ],
            "city": "Beaverton",
            "state": "OR",
            "country": "US",
            "postalCode": "97867"
          }
        ],
        "telecom": [
          {
            "system": "phone",
            "value": "(816)276-6909",
            "use": "home"
          }
        ],
        "communication": [
          {
            "language": {
              "coding": [
                {
                  "system": "urn:ietf:bcp:47",
                  "code": "en",
                  "display": "English"
                }
              ]
            },
            "preferred": true
          }
        ]
      },
      "request": {
        "method": "PUT",
        "url": "Patient/5510eaa6-2ad2-b82b-248b-aba749e28fa1"
      }
    },
    {
      "fullUrl": "urn:uuid:6e01fadc-40b4-5b8a-62b7-0bb2634dfbd3",
      "resource": {
        "resourceType": "RelatedPerson",
        "id": "6e01fadc-40b4-5b8a-62b7-0bb2634dfbd3",
        "relationship": [
          {
            "coding": [
              {
                "code": "GRPRN",
                "display": "Grandparent",
                "system": "urn:oid:2.16.840.1.113883.5.111"
              }
            ]
          }
        ],
        "name": [
          {
            "family": "Jones",
            "given": [
              "Ralph"
            ]
          }
        ],
        "telecom": [
          {
            "system": "phone",
            "value": "(816)276-6909",
            "use": "home"
          }
        ],
        "address": [
          {
            "use": "home",
            "line": [
              "1357 Amber Drive"
            ],
            "city": "Beaverton",
            "state": "OR",
            "country": "US",
            "postalCode": "97867"
          }
        ],
        "patient": {
          "reference": "Patient/5510eaa6-2ad2-b82b-248b-aba749e28fa1"
        }
      },
      "request": {
        "method": "PUT",
        "url": "RelatedPerson/6e01fadc-40b4-5b8a-62b7-0bb2634dfbd3"
      }
    },
    {
      "fullUrl": "urn:uuid:3bf7ee38-08e3-0c26-9742-8f2ebed86e1e",
      "resource": {
        "resourceType": "Condition",
        "id": "3bf7ee38-08e3-0c26-9742-8f2ebed86e1e",
        "identifier": [
          {
            "system": "urn:ietf:rfc:3986",
            "value": "urn:uuid:cd1791b0-5c71-11db-b0de-0800200c9a66"
          }
        ],
        "code": {
          "coding": [
            {
              "code": "390798007",
              "display": "asthma finding",
              "system": "http://snomed.info/sct"
            }
          ]
        },
        "onsetDateTime": "2008-01-03",
        "subject": {
          "reference": "Patient/5510eaa6-2ad2-b82b-248b-aba749e28fa1"
        }
      },
      "request": {
        "method": "PUT",
        "url": "Condition/3bf7ee38-08e3-0c26-9742-8f2ebed86e1e"
      }
    },
    {
      "fullUrl": "urn:uuid:f18e273f-f710-b441-ea46-90593330eaa7",
      "resource": {
        "resourceType": "Condition",
        "id": "f18e273f-f710-b441-ea46-90593330eaa7",
        "identifier": [
          {
            "system": "urn:ietf:rfc:3986",
            "value": "urn:uuid:ab1791b0-5c71-11db-b0de-0800200c9a66"
          }
        ],
        "code": {
          "coding": [
            {
              "code": "103679000",
              "display": "Sessile Polyp",
              "system": "http://snomed.info/sct"
            }
          ]
        },
        "onsetDateTime": "2008-01-03",
        "subject": {
          "reference": "Patient/5510eaa6-2ad2-b82b-248b-aba749e28fa1"
        }
      },
      "request": {
        "method": "PUT",
        "url": "Condition/f18e273f-f710-b441-ea46-90593330eaa7"
      }
    },
    {
      "fullUrl": "urn:uuid:4b17ad04-c9a9-eabe-925c-2642b95ae6c8",
      "resource": {
        "resourceType": "Condition",
        "id": "4b17ad04-c9a9-eabe-925c-2642b95ae6c8",
        "identifier": [
          {
            "system": "urn:ietf:rfc:3986",
            "value": "urn:uuid:cd1791b0-5c71-11db-b0de-0800200c9a66"
          }
        ],
        "code": {
          "coding": [
            {
              "code": "429430001",
              "display": "diverticulosis of sigmoid",
              "system": "http://snomed.info/sct"
            }
          ]
        },
        "onsetDateTime": "2008-01-03",
        "subject": {
          "reference": "Patient/5510eaa6-2ad2-b82b-248b-aba749e28fa1"
        }
      },
      "request": {
        "method": "PUT",
        "url": "Condition/4b17ad04-c9a9-eabe-925c-2642b95ae6c8"
      }
    },
    {
      "fullUrl": "urn:uuid:2bc8aad6-23f3-2b41-7ce9-1fbb95731ba9",
      "resource": {
        "resourceType": "Condition",
        "id": "2bc8aad6-23f3-2b41-7ce9-1fbb95731ba9",
        "identifier": [
          {
            "system": "urn:ietf:rfc:3986",
            "value": "urn:uuid:cd1791b0-5c71-11db-b0de-0800200c9a66"
          }
        ],
        "code": {
          "coding": [
            {
              "code": "90458007",
              "display": "internal hemorrhoids",
              "system": "http://snomed.info/sct"
            }
          ]
        },
        "onsetDateTime": "2008-01-03",
        "subject": {
          "reference": "Patient/5510eaa6-2ad2-b82b-248b-aba749e28fa1"
        }
      },
      "request": {
        "method": "PUT",
        "url": "Condition/2bc8aad6-23f3-2b41-7ce9-1fbb95731ba9"
      }
    },
    {
      "fullUrl": "urn:uuid:6f16ff33-7ae4-cc92-5b48-bc5218f37615",
      "resource": {
        "resourceType": "Observation",
        "id": "6f16ff33-7ae4-cc92-5b48-bc5218f37615",
        "meta": {
          "profile": [
            "http://hl7.org/fhir/us/core/StructureDefinition/us-core-observationresults"
          ]
        },
        "identifier": [
          {
            "system": "urn:oid:db734647-fc99-424c-a864-7e3cda82e703",
            "value": "45665"
          }
        ],
        "status": "final",
        "code": {
          "coding": [
            {
              "code": "75321-0",
              "display": "Clinical finding",
              "system": "http://loinc.org"
            }
          ]
        },
        "effectivePeriod": {
          "start": "2009-10-23"
        },
        "valueCodeableConcept": {
          "coding": [
            {
              "code": "414992000",
              "display": "Painless rectal bleeding",
              "system": "http://snomed.info/sct"
            }
          ]
        },
        "subject": {
          "reference": "Patient/5510eaa6-2ad2-b82b-248b-aba749e28fa1"
        }
      },
      "request": {
        "method": "PUT",
        "url": "Observation/6f16ff33-7ae4-cc92-5b48-bc5218f37615"
      }
    },
    {
      "fullUrl": "urn:uuid:60de2a68-4c04-7d0c-164c-f073f238edeb",
      "resource": {
        "resourceType": "Condition",
        "id": "60de2a68-4c04-7d0c-164c-f073f238edeb",
        "identifier": [
          {
            "system": "urn:ietf:rfc:3986",
            "value": "urn:uuid:ab1791b0-5c71-11db-b0de-0800200c9a66"
          }
        ],
        "code": {
          "coding": [
            {
              "code": "103679000",
              "display": "Sessile Polyp",
              "system": "http://snomed.info/sct"
            }
          ]
        },
        "onsetDateTime": "2008-01-03",
        "subject": {
          "reference": "Patient/5510eaa6-2ad2-b82b-248b-aba749e28fa1"
        }
      },
      "request": {
        "method": "PUT",
        "url": "Condition/60de2a68-4c04-7d0c-164c-f073f238edeb"
      }
    },
    {
      "fullUrl": "urn:uuid:99154d91-c862-75c7-2700-072437ba0545",
      "resource": {
        "resourceType": "Condition",
        "id": "99154d91-c862-75c7-2700-072437ba0545",
        "identifier": [
          {
            "system": "urn:ietf:rfc:3986",
            "value": "urn:uuid:cd1791b0-5c71-11db-b0de-0800200c9a66"
          }
        ],
        "code": {
          "coding": [
            {
              "code": "429430001",
              "display": "diverticulosis of sigmoid",
              "system": "http://snomed.info/sct"
            }
          ]
        },
        "onsetDateTime": "2008-01-03",
        "subject": {
          "reference": "Patient/5510eaa6-2ad2-b82b-248b-aba749e28fa1"
        }
      },
      "request": {
        "method": "PUT",
        "url": "Condition/99154d91-c862-75c7-2700-072437ba0545"
      }
    },
    {
      "fullUrl": "urn:uuid:c7b35804-20c2-4322-f39f-13f06adeda20",
      "resource": {
        "resourceType": "Condition",
        "id": "c7b35804-20c2-4322-f39f-13f06adeda20",
        "identifier": [
          {
            "system": "urn:ietf:rfc:3986",
            "value": "urn:uuid:cd1791b0-5c71-11db-b0de-0800200c9a66"
          }
        ],
        "code": {
          "coding": [
            {
              "code": "90458007",
              "display": "internal hemorrhoids",
              "system": "http://snomed.info/sct"
            }
          ]
        },
        "onsetDateTime": "2008-01-03",
        "subject": {
          "reference": "Patient/5510eaa6-2ad2-b82b-248b-aba749e28fa1"
        }
      },
      "request": {
        "method": "PUT",
        "url": "Condition/c7b35804-20c2-4322-f39f-13f06adeda20"
      }
    },
    {
      "fullUrl": "urn:uuid:a1c90edd-17f9-e92c-0191-7bdb700580b0",
      "resource": {
        "resourceType": "MedicationAdministration",
        "id": "a1c90edd-17f9-e92c-0191-7bdb700580b0",
        "identifier": [
          {
            "system": "urn:ietf:rfc:3986",
            "value": "urn:uuid:cdbd33f0-6cde-11db-9fe1-0800200c9a66"
          }
        ],
        "status": "completed",
        "effectivePeriod": {
          "start": "2012-05-12",
          "end": "2012-05-12"
        },
        "dosage": {
          "route": {
            "coding": [
              {
                "code": "C38276",
                "display": "INTRAVENOUS",
                "system": "urn:oid:2.16.840.1.113883.3.26.1.1"
              }
            ]
          },
          "dose": {
            "value": 20,
            "unit": "mg/mL"
          },
          "rateQuantity": {
            "value": 2,
            "unit": "ml/min"
          }
        },
        "subject": {
          "reference": "Patient/5510eaa6-2ad2-b82b-248b-aba749e28fa1"
        },
        "medicationReference": {
          "reference": "Medication/809f5f7f-74d6-964b-3479-700419666631"
        }
      },
      "request": {
        "method": "PUT",
        "url": "MedicationAdministration/a1c90edd-17f9-e92c-0191-7bdb700580b0"
      }
    },
    {
      "fullUrl": "urn:uuid:809f5f7f-74d6-964b-3479-700419666631",
      "resource": {
        "resourceType": "Medication",
        "id": "809f5f7f-74d6-964b-3479-700419666631",
        "code": {
          "coding": [
            {
              "code": "153475",
              "display": "Propofol 20 MG/ML Injectable Suspension",
              "system": "http://www.nlm.nih.gov/research/umls/rxnorm"
            }
          ]
        }
      },
      "request": {
        "method": "PUT",
        "url": "Medication/809f5f7f-74d6-964b-3479-700419666631"
      }
    },
    {
      "fullUrl": "urn:uuid:170caccb-b693-1c9a-2550-3fdf7390866d",
      "resource": {
        "resourceType": "DocumentReference",
        "id": "170caccb-b693-1c9a-2550-3fdf7390866d",
        "type": {
          "coding": [
            {
              "code": "28570-0",
              "display": "Procedure Note",
              "system": "http://loinc.org"
            }
          ]
        },
        "date": "2022-03-25T08:35:32.312Z",
        "status": "current",
        "content": [
          {
            "attachment": {
              "contentType": "text/plain",
              "data": "H4sIAAAAAAAACu1d+3faSJb+Of9FLTM7270THhJvN/EcAjhh2gYGcKb3pz5CKhtNhMSRhBPPX7/fLb1KQmCwIbvp2KfnDHrU695b9373UUrnb19XFnvgrmc69ruCUqoUGLd1xzDt+3eF2/lVsVVgnq/ZhmY5Nn9XeORe4W+XHWpW9PxHi3tLzn3mP67x0Odf/fJXzyqwpcvv3hV6/W6JLtHgP4pFNjd9i1+w8G/iOjo3Ni5nI8fn7Mq0uK2twue9Itr+PlV/j9/6nd4q0Wx7Ltd8brDFI717rdmYnsZ6ju1tLB/zZh9cZ7N+y66ve4z9+Vrz/N5Ss++50UezC6ZWlFpRUYqKytTqhVq/qLRZsVKvVNhP/+TGW4b7I+dBvPYz+zNG+O9n/rG+6emWZq64e8HmS9NjnrZaW5zdYalMdzBv0/aYy9cu9ziufPOBM0PzNcYtvsIdj/lO8pxpGZqVGLoNuzP42tTRQMOl7oOZmsX0peZqus/d//LYkmuWvxS9l1jXfkS3Hl8tLM3WOY2i4QaarCEJjs0wV90xbd00aF4WDeQw07I2nu+CiEzz2EpDJ+nJ4u7a8TxzYfG3zMfMdMu0TR3dejp465oOWj0y2/HZgrO1pW3Eu+EyRF+mjYYZSuGSmpi2z20DfE/RJJg1SEczeIv5O9TOcZOx+QM9EoMkHeOXwT3z3g76w3Q2Hn5iePDlXxtbkJB9MUEyWogQR9aLuiTie2xIPdHKNfHyhw2oVXq+tBSLl51ohL6jb6hnBnm3vYuvnvmusPT99UW5/OXLl9KXaslx78tqpaKUf7u5nulLvtKKECbsBJ0XglbvChvXvlhazSLevXiohrcvdEPb9cgzfD39jO4ULt+I7Ys5EhU+cs3gLgtm/KZDDFj1HIMk2oAOuJ0VyrhNCmFoMNdx/HcFtaQ0Sq1apaSUFKXaalXxA4NCW3A7UDyTca//+8d+BX+1iuiARrydsSl1H4055yA5yZ8Y2Q+v9g1TKan4Dw9KSmo8oQQqjWKlHQ+W0UcvGauxbyzTkB/O5+0WVOzOTtuleqlNf1gAtdYjSs8ePUwqr02D1pq8MoJSfVe4Hg9HveA22rTqzUoRqt4wPSzrMXglTYCAi6SxL3vOarWxTf+R+EBaBOaAfXS8tQnd4F1kKNcpB63edPjdHcdGeuBz6ED2oFkbGruiqJW20lDa0MFgdsBt7Lo7oWxMzcJAkjyNCk8st15S66IP6LL7jXbPpcbcLoby6HF/mCK8dwTlA8aFVnK0WS0gi+FyAq64XHdcY66599y/fPOmEyqkqUN0eBPI15X2mbNhH4qGbNTH6yZmEyij8bBfEmL2Jisd7Xar3VYOmqRKE5GHmjk6iMlmXN+4xLtw3sHwpNRgGjb0wmy0ZwYKcalSVKvVyu5p1ALhDEf/OCH1Wli75kpzH9nSWUEl3bnOSmIky+MjxmpHs9AMg+YKCn+cQAHRLdgeQI0uHnDPuzZtfqlU603WFcvqu5CzTnn7HdFUBwEu33MNLPQdu1MW12Gn2NWX4yk1pV/iJqwYJJvk6LLdbDWanbJ0R7wRaida5y12BkzHjJp74UKHszGrKo1GUQEu2dg+yEBtsVeAsEr0pKSEKyXZF29c3s4wsfA33S8TDQ6gKolSuOJbjz9JWR/2WkezUIBxefFTS2n8rDYbxUYbSiome8DSUJaTdV+LiVzze82SZjDA3vWFJtk1iVo9XjIBvWCY64C5bzr34J99OfS0BbcsrVMOroNnd9rKtB4v/w4E6nXK4ZV4Uqaegp+asYLxFAAFTT8QVnAlVXD1tB5RMgrxClbVEoqQ+l+Yrr9MazKgxnolFP03HfCFFCIJwsaTRr7JdHujua7JjQP02rYav8mOEQ3ucsu8N52N170DaDIFJJHmoFSUamYavaULapmazX6yHbvY0/ylY5n6W4Atu+ituW4CSf68PQVi9jQajUnDHUDgSrMRT1jTZU2ttGm3ZKbYtfjGf6rbRkmttranOUX/7C9QsL+wgb8EqiIdWASC6UUz4OK2cBakiahKq1GsZyYCu8Y+4oaGBgQur7Fg2znbzGDGXAOcCcU/tvnvCh+mk+koM7kPLuzxWnOxSQ9ggaLsYClslXgQTuJ0ujxXm79In+/T6Dt0+iFa/bR6fbdml3X78QpZko+J8Nai0WJVmKjTqWatlylduk+bpvQpfucMk9yUlCJEUY8aSb8DtsfD7uHYLpYdxLM9ZE7TuZzMrVPOTFwCjwLr6kKjhQ1zgWXMjBVuSE8Gs0lmfw6+krNK7qW3dj6j5ZObtFHJAfDhJLoL6Fv/8Ubeqej/jmP/63wIZB7JkbuJrUN55/JAlcS+oyPnATDcHbv3UHX/ToggNoZ812Ozj+Pb6z5bgqFwCNhoMvwl8N3xXxhNILz4C7sjNBpDyggCAGbuhpNpBwq6RFHxV8VftCIhp/sdExkcRHtM7KR/gkPSZmP1er0o/gfvM+pfkpscPQXHm31CPAQUZV3src1uVRXI/cRxffDAkMU+X+hTIt9W1Oq2yO8UeAkylnewMuZ34Jt0ymnXpaNtAAOoC/h+GahTVduqWquRQ1APCdXRvCCI0o2abXswwd8+5yHEBLKdw4DB329PG1lgmy3cYDlY5hLGOrCzY7SO7kyWjx5srmZ74bAxq/M5rYbCpcPCBmaJ7fczcnj9tJuRy+kDXIN9gh3JNS0iWmvIL1mlSyo/MBQfue0+5iLwGQXTdiBwTCrbeXIrkg/ciX5RvA9OA/SWELfozcCPuDxSRYRSVquqdfUwth66gV95uounEac65RQrO6Z957gID/u72Spx7tcJdrnS3B/jeGXpt2apxMQ0QwkIIKvhBR7uZDpLgvFk98MEgoicB78JB3ArAA1Lc50E1UNDFAaeyIOltE4whWQIxCWns0LWPswms4zOn03Gt7PBU9aCfkCi6o3qNsKaRNOdytMVftEc0Wz2iTQr4ml+KI3hhPeq0iv4Zp+PDmaQVU73Hd/J55COxIwTovJ4y/WkmzTbkEvSg22Y92zj/WxElgfEhMGKTZqEyOJ7+6DZEQb7/wydHcCNZFdKjESP0kUoAtRginjNOsTxnShVJt/c+fYpVcuuIShAztGZsS1xR4mNgKt5HdHQW2veNZ+ORbFLgiSUcIAvlAt42xVVbSpVBL8TuEv8QOTNlR0+kV84wNC1j4HCr+Dlm1m6PGEQbtCrcPyo3koiHBk5QDLExYWJQHBQ8xIglOGoTxapcxcWDkjaYdKbPB3voTxkFo3EI1GHV2HHWxnbICzbI0sX+7WxPqIE4A5ENf4UQKrkrXPRONu9fDOhs0RXcg3D8gex9vGdROn+uCco7XH3wdT5gGo7UivrTaZbYLFZbTbI43s6lNBubDNiNhrfDPqsN8/mTxxURDme7qwfQ3FN5bsDWljOl3TiG6lvOfFN7yzN++Xe7DgRbavvDtA1GTfEyhPyTKZXYbL0lKI4OVoUw9hTBNMcF9kiIOs5zOFl7pudcuqdQI7kNYSgMSLsQZQ9iLQYJ+41x4hvmfGJxzeGc9OnZNXTqHhnUGtXvIqAz45o1TZfQuIFOYjDAmXRtKTQ/AsDnHsw9EGpmHwU/YLkyV+VYiqim3Ekcs1KSumFEXXz62XfLVEkVfyOHu3SiPt0oqwVc20P3ZV8gi2YvD8aFpeBlJRqOwqRH+2SPY+amSzPC2VpnzAdliXaIU6HZ4n2sWEbItC9WBPv1suvivnbKebqMxRzc/qhomwr5g8oHnYdkgUX1v4e9RKvWvhFWlhKYr9q4Rdr4YSar1o4pYVhICQHQaQo0i5FnOkMtbukq7u384/Cx0BNqpdxL3rjEeLOK8cxguvBp1HgbcTGuaG2Db5AdW29ipJfRTHuiu1Ws12stODWVip6W2tspTtfUsrbqKntarG2s5Q3XEQ4pJetTYOYoQIVpi5wGsvh60miLrZ+mO5qjZi17RP14OzYdIM2sX0/sIVBDQ1gNuxVbULB78vvHEWPnKK43mROFAhW1G6rW6VuA9pJAZ8J/NxoNrAIScOBjlteLHDLiOW+lOe4WY5UXdIJDmaQM3Sl6aK0I7FuEsnqGbwXhkgwQH4HiGslw2AW+dwihktcDcv8oxMJVO3/3jEepVuiGD5uIzxx1JmgkNjlBr0qhhZnfZDg8WjhVCqSnBwxGMo7QVry/bgoMtQsiw6jWPxBxFScvFMu4d8YsRg36VVH1cmCM9PWrQ2dCxFnRziLdvpbxkv3JQbfirv3JvcE61FR6IrDIOEfTTPvHAezYOs90V883gqY8omZhiW2IRlZdzYbzGY3g9FcXIZPZfKJUIboP7akhx80UEutbTTzEmVSV1q11ta5gGQV8WhBhX8XRU2eR5SLa/7DNYQuPAk76CiISSm0dwWUmiBLbEQ1gJByzOQSsfmNS/WL7MOQLSwOZjp3bGN/tp0vNuMgD8DX4y9s+bh2QsVCycWltvaIPY5tUEABHBH1R4uNT0eRLPMzh2ilnq8d63G91JAS0B/h2YnBUzPp6hufM3SvL12Hij01m69MLd3Ln5T8tv/G5PDyW6aJXrAgJBPvNNMiARFpzwfHgmwyy/G8g7r8CKK5n1GEvD2HqpBnzLTbG4ifv/6VeZt1KMq5vQX7J1oZckj3iF/RxhAHrEB0beE88LcsZAYRz9fogFaqM2gWsDMCgTGvyeTGgizpldSGmFx3R2x8xebTQXd+xn2hVPacwHmTmhHcTBK2OR0qFEeuwnGlmaWdBaXVbIoK4efvttT2SkbGvaSsMNhQW9PbvdMEq9hC7DA6lwKJM/wllX5X/jPZbxABzYiucBl77uKZGI/OxHXJZMGUYLhl/ht0mDL1FBdJGKCcGqfjL0LbkDeqcSmFUtHSSD8U7mFdUVNPMoNJ3eOKCLEln4RYJJd/HWvuBM1N/zEuZMLkItq8LTFEgET3//RJ/TklLkfKa61U23c67U0GDwBCGspC04tK0wD0QzVDsdXW6Uyrqiz0VqW9qGtSu28fCH+TCzVt/kV6vA25gskKXzsVGQDrpXbbeErcjssWn0V+1KonQxxW+RiNu1X/mHDrmYUUwTLzO07K58LLWIwjeU+E/DCFDBEf9G+nA4Yc1rDXnQ/h4ZxJKavtp5SyJKr1drPRKqon07K5C80q23hHo4w6rJH2thUuG/bfFcz4DaVwSSgyUSiAIJEvajD8H/N0BDttOnYHiKrB+n9hrul9xpUBJWts6ID1bk3lLMiXDbCppJzG73M90edIf/sI5WMsmtVao9Ys3untdrGm1vSi1mrUik1e1Q2tpfJmJX2yt1ZvNOo71FG9qmJLZdVJdMr6juhj379ABJJRJUMpIu1huXy0y/8ks1NSNnKzp5znvXot404qFbX6tFITDdhXz7wIPq/Q60dAvabU4OeKQFBayjXTtoDJgT11xJUCLH0QDaHw41BSWRK55+oVAL0RjEWy7c6jU6pHAb202Z49AfSggppqFFg4hQrKziAH66We52C9NFI6GbY5PVrZTfYMUDoBrFGbtYoKw1w/A66BoyScRsiKszo9vqHvHagplfOKb86Db/qDWW86nJDdPxe+aebmltr1eo1yUicHMtKKspok750cbTJPqrDZF0QBFq6zuV+K2BZFvhzAGDroek+rX70l/1RP4mwINiBvS198MYlkb0UQ4p7baGNR2MTDSx7CFtQxzOsGTRGNYwb3ERGhz65wnQ6/4mXpz9bc4Pw2Ob2AShoKg4S6o1DMek0VnmIjBscxARTogxEUAjRFUIhCPDRJ4U5TD/SNGkoxYxEesBjqLL54paOjFtPBeDKYAjN+AkWH3Q+j8Wx4LpRcrR2BkoEjFKCwkwnX7Hb6AeD4moXrxV4ZjeeDDAV+28LNPBQV8K0fhJXMXcAZyXV0cNkVzKSzz+LNHZZM0/0MxpVtWBcq+5kmDJD0cBOWuzz64AFCcRlrdkbe5E9Dmu+P6QOHEpM6s5Ek82a37/8ey8hzfKlQDgBfgKVXTO4goq/E/+Oh1JNiKEMkbaE028oCyUW9qVBycVFcVAyek1zMd7ZU+prbicQRZUW4MKMcWp6fledpBdtfbpJysg50s3YCrC1Xq4WyDsnV2omw9rpbzRqqUtDXYfgynTyR9FxqGpnd+sL9etSO3bNnX7xrd+/b7Z2b52nGGE/e0DEchD14JhDsjgaz+cfBbNg9F/p7yqJkXUs8PgMoTNaZTdbFiGx3CoG+SUjIiez0DTdqBfibtqeLD7143AjUXnC0z3XWDvAUg6Sx1T0bfkIEK2wecWiXUfc2i+BDdV3piz1phTx73+3f7AxvRTyF1xZG8pAEAzQZzv/nZWF4Zd+H25LtEfSkGwujWr2rFBs6VLBQxu07ruxQxk9GoAS9y5dkaSLKru7Lq2uA23+FgQq+2lgC5tYruP9AyPfFISpJ3w0/Xf8+D45a5pdYpyLxOTV8B0Xqd40+CYfHej3I54ZWPAu+QsSN8GsWoUfiIL/VleaJm6YTf/cCW4bKXd8Vlk9PBv6OL5/l6lVbajMVIsiTmGpJxc7M25uj3pBKCjxt4268zB4djubT7qfBaBx8kS6cgYEM7D82KCigAt2YmNEShARIb1MJxdbb8ctWGftJenulfe3L3dsby7qytAei3+3oV4mCNrLSgrBb70j8NrjtYID9r3XKmVETeJra7fR1nRzC76TYiVgix49sb7NKUoUBwezNHX0WDyUK2IfwWVPVXzfd0a0MDI9TLoj4HoP1VK2BV1Dv1zZgwWvVNi+21UW1WDfaLaV+d1czeLqlPPkbzMqFfpDNsuya1Ku15gHRMjoMkq0ri5QTu/lQvrlGpoS0k0g9zzYo6BGrk4hEoDt7suNpLSi/tH0yJHpA05fRxX4KyATa/sBNtBGoDBOTCJMBDCVVEPdHLFNH2EA+IpAZML/H9JxCkUq2yrYM/qBOHCBcPih4JtqL4xj9aXcYJDS3PrZ7OvzXLKHiMC86g33WPKHLlVlVBuDNNihzo3Ba36XvSuegvAm3EUxDhRy9EEbzjo+FRUjzihKpow9nyxa3jsTTp6zJ2V7lzlTxVZClzKN3l6UQdZjPRL64wVYrAGrsDKhNkV5IwLOIl96hQDMOtGr09WxqiakjIyHirC5foVSLvoHOPMRMUbRlOyiIBJpxH0vsfZj2E31JfzSGiyAoRWLzpqYWLum7YuIT30hNo1TS1DcoVqMQXTw/Gj6vcbVwucSsXHfpmIbc4At0PEs+Jo6yMjngS4VnJ05/HxGwOXm45rnBmty8+KlCNdmM+uFeSSyz50+KZyI1xyfF0bzRbIuk+NFhmlm4GSe0GX/4mOoTFQB/lB2qG3+cHap+Dzu0prZrVfrc1zN2aNoeUXIPuHIFU/O6W1936/e2W6vfw25tV2p1aMLmMzYrfYzJpdMPEiJ83aenqKuLHROE+Yc33TkKl95fj8d9dj2encEVU1pwxXa6XJUTOrf7V5ZxvwYIEa/EcbL3FhAGu3a8PAfsBvt0pVnP93GHN1TIOD+Xjxv8Uzd5lFWKjXOUPofL2V33TLO3/Txajhxmhk8Djy6IHzyjmCaazWwy6A1vBgjPzLu/Ds5VlVVVdtG4epby8syqskEaymigOsljc+0zfSRkO2iQ8fbD8MBxRO6Nwekzl/NXm8cEaOpKpX3CKjhRfRCV6GdonHq2owpJWFVTRyymi6wofSFQZ97jao3aMoj3klxBRGBQqbld0PaHDFb8IVyhmKnfAbiqtivN9jPRlSZENodAP2ry4AS4ajybf8Maz/hATLZgsHVKu5+/pqzxdzz/oOrNVMlm/IFnM6jKNXX69x60BYyXQGLHQQJMVCpZPjfxG0ceQ2ufslAnf6k5PEkOcezjyRGn7IPq27XxFUZvFoROMkH+t7BRQfQ/5/R43BxJgmGOe7evCVIDvQTMvGWNFarJM2mNQ86Yf6vq4PoxB1zyefVkefDJJSt/HrJhe62TPbBO9tvgmSyiycU0wfb5zuplz5CJ2UY3L8Q3RyGcPRjnxShnN87ZQjq5WGdfxeyPtOmPc2H+32965Xvb9GdO7rwqgFcF8EMpAPV7UwBnyxe9bv1vfVpGdlFn8FmH5zk2LbJLyaGBbIC+Xmye49j0MF7RzjxIH03Dc80HHJv2KZQfHZoe2Cjpp+8z4J+R0lGjByeQat2pmC/4mhpV4Rmi6wNzJ+Jr2alvLMrPO+VI1/TDDx9e/i9JIcNq1YUAAA==",
              "hash": "MGU4MGNmMzQ0MDhiZjQ4ZTFmYzI3ZTExM2VmMzYxYmJlMmFlZmE5Nw=="
            }
          }
        ]
      },
      "request": {
        "method": "PUT",
        "url": "DocumentReference/170caccb-b693-1c9a-2550-3fdf7390866d"
      }
    }
  ]
}