{
  "resourceType": "Bundle",
  "type": "batch",
  "entry": [
    {
      "fullUrl": "urn:uuid:e6360b51-6a85-aa35-bf03-6e39c613870f",
      "resource": {
        "resourceType": "Composition",
        "id": "e6360b51-6a85-aa35-bf03-6e39c613870f",
        "identifier": {
          "use": "official",
          "value": "2.16.840.1.113883.19.5.99999.1"
        },
        "status": "final",
        "type": {
          "coding": [
            {
              "code": "34133-9",
              "display": "Summarization of Episode Note",
              "system": "http://loinc.org"
            }
          ]
        },
        "date": "2015-07-23T07:00:00+08:00",
        "title": "CCD Demonstrating Replacement of Prior CCD",
        "confidentiality": "N",
        "attester": [
          {
            "mode": "legal",
            "time": "2015-07-22",
            "party": {
              "reference": "Practitioner/94866a00-1f48-91e8-9327-cc1da205e69b"
            }
          }
        ],
        "event": [
          {
            "period": {
              "start": "2015-07-23T07:00:00+08:00"
            }
          }
        ],
        "section": [
          {
            "title": "ALLERGIES AND ADVERSE REACTIONS",
            "text": {
              "status": "generated",
              "div": "<div xmlns=\"http://www.w3.org/1999/xhtml\">ALLERGIES AND ADVERSE REACTIONS</div>"
            },
            "code": {
              "coding": [
                {
                  "code": "48765-2",
                  "system": "http://loinc.org"
                }
              ]
            },
            "mode": "snapshot"
          },
          {
            "title": "MEDICATIONS",
            "text": {
              "status": "generated",
              "div": "<div xmlns=\"http://www.w3.org/1999/xhtml\">MEDICATIONS</div>"
            },
            "code": {
              "coding": [
                {
                  "code": "10160-0",
                  "display": "HISTORY OF MEDICATION USE",
                  "system": "http://loinc.org"
                }
              ]
            },
            "mode": "snapshot"
          },
          {
            "title": "Admission Medications",
            "text": {
              "status": "generated",
              "div": "<div xmlns=\"http://www.w3.org/1999/xhtml\">Admission Medications</div>"
            },
            "code": {
              "coding": [
                {
                  "code": "42346-7",
                  "display": "MEDICATIONS ON ADMISSION",
                  "system": "http://loinc.org"
                }
              ]
            },
            "mode": "snapshot"
          },
          {
            "title": "Discharge Medications",
            "text": {
              "status": "generated",
              "div": "<div xmlns=\"http://www.w3.org/1999/xhtml\">Discharge Medications</div>"
            },
            "code": {
              "coding": [
                {
                  "code": "10183-2",
                  "display": "Hospital Discharge Medications",
                  "system": "http://loinc.org"
                }
              ]
            },
            "mode": "snapshot"
          },
          {
            "title": "PROBLEMS",
            "text": {
              "status": "generated",
              "div": "<div xmlns=\"http://www.w3.org/1999/xhtml\">PROBLEMS</div>"
            },
            "code": {
              "coding": [
                {
                  "code": "11450-4",
                  "display": "PROBLEM LIST",
                  "system": "http://loinc.org"
                }
              ]
            },
            "mode": "snapshot"
          },
          {
            "title": "ENCOUNTERS",
            "text": {
              "status": "generated",
              "div": "<div xmlns=\"http://www.w3.org/1999/xhtml\">ENCOUNTERS</div>"
            },
            "code": {
              "coding": [
                {
                  "code": "46240-8",
                  "display": "History of encounters",
                  "system": "http://loinc.org"
                }
              ]
            },
            "mode": "snapshot"
          },
          {
            "title": "Procedures",
            "text": {
              "status": "generated",
              "div": "<div xmlns=\"http://www.w3.org/1999/xhtml\">Procedures</div>"
            },
            "code": {
              "coding": [
                {
                  "code": "47519-4",
                  "display": "PROCEDURES",
                  "system": "http://loinc.org"
                }
              ]
            },
            "mode": "snapshot"
          },
          {
            "title": "MEDICAL EQUIPMENT",
            "text": {
              "status": "generated",
              "div": "<div xmlns=\"http://www.w3.org/1999/xhtml\">MEDICAL EQUIPMENT</div>"
            },
            "code": {
              "coding": [
                {
                  "code": "46264-8",
                  "system": "http://loinc.org"
                }
              ]
            },
            "mode": "snapshot"
          },
          {
            "title": "IMMUNIZATIONS",
            "text": {
              "status": "generated",
              "div": "<div xmlns=\"http://www.w3.org/1999/xhtml\">IMMUNIZATIONS</div>"
            },
            "code": {
              "coding": [
                {
                  "code": "11369-6",
                  "display": "History of immunizations",
                  "system": "http://loinc.org"
                }
              ]
            },
            "mode": "snapshot"
          },
          {
            "title": "VITAL SIGNS",
            "text": {
              "status": "generated",
              "div": "<div xmlns=\"http://www.w3.org/1999/xhtml\">VITAL SIGNS</div>"
            },
            "code": {
              "coding": [
                {
                  "code": "8716-3",
                  "display": "VITAL SIGNS",
                  "system": "http://loinc.org"
                }
              ]
            },
            "mode": "snapshot"
          },
          {
            "title": "SOCIAL HISTORY",
            "text": {
              "status": "generated",
              "div": "<div xmlns=\"http://www.w3.org/1999/xhtml\">SOCIAL HISTORY</div>"
            },
            "code": {
              "coding": [
                {
                  "code": "29762-2",
                  "display": "Social History",
                  "system": "http://loinc.org"
                }
              ]
            },
            "mode": "snapshot"
          },
          {
            "title": "RESULTS",
            "text": {
              "status": "generated",
              "div": "<div xmlns=\"http://www.w3.org/1999/xhtml\">RESULTS</div>"
            },
            "code": {
              "coding": [
                {
                  "code": "30954-2",
                  "display": "RESULTS",
                  "system": "http://loinc.org"
                }
              ]
            },
            "mode": "snapshot"
          },
          {
            "title": "ASSESSMENTS",
            "text": {
              "status": "generated",
              "div": "<div xmlns=\"http://www.w3.org/1999/xhtml\">ASSESSMENTS</div>"
            },
            "code": {
              "coding": [
                {
                  "code": "51848-0",
                  "display": "ASSESSMENTS",
                  "system": "http://loinc.org"
                }
              ]
            },
            "mode": "snapshot"
          },
          {
            "title": "TREATMENT PLAN",
            "text": {
              "status": "generated",
              "div": "<div xmlns=\"http://www.w3.org/1999/xhtml\">TREATMENT PLAN</div>"
            },
            "code": {
              "coding": [
                {
                  "code": "18776-5",
                  "display": "Treatment plan",
                  "system": "http://loinc.org"
                }
              ]
            },
            "mode": "snapshot"
          },
          {
            "title": "Goals Section",
            "text": {
              "status": "generated",
              "div": "<div xmlns=\"http://www.w3.org/1999/xhtml\">Goals Section</div>"
            },
            "code": {
              "coding": [
                {
                  "code": "61146-7",
                  "display": "Goals",
                  "system": "http://loinc.org"
                }
              ]
            },
            "mode": "snapshot"
          },
          {
            "title": "Health Concerns",
            "text": {
              "status": "generated",
              "div": "<div xmlns=\"http://www.w3.org/1999/xhtml\">Health Concerns</div>"
            },
            "code": {
              "coding": [
                {
                  "code": "75310-3",
                  "display": "Health Concerns Document",
                  "system": "http://loinc.org"
                }
              ]
            },
            "mode": "snapshot"
          },
          {
            "title": "HOSPITAL DISCHARGE INSTRUCTIONS",
            "text": {
              "status": "generated",
              "div": "<div xmlns=\"http://www.w3.org/1999/xhtml\">HOSPITAL DISCHARGE INSTRUCTIONS</div>"
            },
            "code": {
              "coding": [
                {
                  "code": "8653-8",
                  "display": "HOSPITAL DISCHARGE INSTRUCTIONS",
                  "system": "http://loinc.org"
                }
              ]
            },
            "mode": "snapshot"
          },
          {
            "title": "MENTAL STATUS",
            "text": {
              "status": "generated",
              "div": "<div xmlns=\"http://www.w3.org/1999/xhtml\">MENTAL STATUS</div>"
            },
            "code": {
              "coding": [
                {
                  "code": "10190-7",
                  "display": "MENTAL STATUS",
                  "system": "http://loinc.org"
                }
              ]
            },
            "mode": "snapshot"
          },
          {
            "title": "FUNCTIONAL STATUS",
            "text": {
              "status": "generated",
              "div": "<div xmlns=\"http://www.w3.org/1999/xhtml\">FUNCTIONAL STATUS</div>"
            },
            "code": {
              "coding": [
                {
                  "code": "47420-5",
                  "display": "Functional Status",
                  "system": "http://loinc.org"
                }
              ]
            },
            "mode": "snapshot"
          },
          {
            "title": "Interventions Section",
            "text": {
              "status": "generated",
              "div": "<div xmlns=\"http://www.w3.org/1999/xhtml\">Interventions Section</div>"
            },
            "code": {
              "coding": [
                {
                  "code": "62387-6",
                  "display": "Interventions Provided",
                  "system": "http://loinc.org"
                }
              ]
            },
            "mode": "snapshot"
          }
        ],
        "subject": {
          "reference": "Patient/89236d99-8509-7d3a-9dfb-a82c6b81d268"
        },
        "encounter": {
          "reference": "Encounter/c98de50d-6b03-5072-e3db-0d3352273824"
        },
        "custodian": {
          "reference": "Organization/60584e77-f1e2-7864-31ce-931c9781c1dc"
        },
        "author": [
          {
            "reference": "Practitioner/c90aeaec-bb03-beee-f30a-9397bf62eb93"
          }
        ]
      },
      "request": {
        "method": "PUT",
        "url": "Composition/e6360b51-6a85-aa35-bf03-6e39c613870f"
      }
    },
    {
      "fullUrl": "urn:uuid:94866a00-1f48-91e8-9327-cc1da205e69b",
      "resource": {
        "resourceType": "Practitioner",
        "id": "94866a00-1f48-91e8-9327-cc1da205e69b",
        "meta": {
          "profile": [
            "http://hl7.org/fhir/us/core/StructureDefinition/us-core-practitioner"
          ]
        },
        "identifier": [
          {
            "system": "http://hl7.org/fhir/sid/us-npi",
            "value": "999998899"
          }
        ],
        "name": [
          {
            "family": "Seven",
            "given": [
              "Henry"
            ],
            "prefix": [
              "Dr"
            ]
          }
        ],
        "address": [
          {
            "line": [
              "1002 Healthcare Dr"
            ],
            "city": "Portland",
            "state": "OR",
            "country": "US",
            "postalCode": "97266"
          }
        ],
        "telecom": [
          {
            "system": "phone",
            "value": "+1(555)-555-1002",
            "use": "work"
          }
        ]
      },
      "request": {
        "method": "PUT",
        "url": "Practitioner/94866a00-1f48-91e8-9327-cc1da205e69b"
      }
    },
    {
      "fullUrl": "urn:uuid:c98de50d-6b03-5072-e3db-0d3352273824",
      "resource": {
        "resourceType": "Encounter",
        "id": "c98de50d-6b03-5072-e3db-0d3352273824",
        "status": "unknown",
        "identifier": [
          {
            "system": "urn:oid:2.16.840.1.113883.19",
            "value": "9937012"
          }
        ],
        "period": {
          "start": "2015-07-23T07:00:00+08:00",
          "end": "2015-07-23T12:00:00+08:00"
        }
      },
      "request": {
        "method": "PUT",
        "url": "Encounter/c98de50d-6b03-5072-e3db-0d3352273824"
      }
    },
    {
      "fullUrl": "urn:uuid:60584e77-f1e2-7864-31ce-931c9781c1dc",
      "resource": {
        "resourceType": "Organization",
        "id": "60584e77-f1e2-7864-31ce-931c9781c1dc",
        "identifier": [
          {
            "system": "http://hl7.org/fhir/sid/us-npi",
            "value": "99998899"
          }
        ],
        "name": "Community Health and Hospitals",
        "address": [
          {
            "line": [
              "1002 Healthcare Dr"
            ],
            "city": "Portland",
            "state": "OR",
            "country": "US",
            "postalCode": "97266"
          }
        ],
        "telecom": [
          {
            "system": "phone",
            "value": "+1(555)-555-5000",
            "use": "work"
          }
        ]
      },
      "request": {
        "method": "PUT",
        "url": "Organization/60584e77-f1e2-7864-31ce-931c9781c1dc"
      }
    },
    {
      "fullUrl": "urn:uuid:c90aeaec-bb03-beee-f30a-9397bf62eb93",
      "resource": {
        "resourceType": "Practitioner",
        "id": "c90aeaec-bb03-beee-f30a-9397bf62eb93",
        "meta": {
          "profile": [
            "http://hl7.org/fhir/us/core/StructureDefinition/us-core-practitioner"
          ]
        },
        "identifier": [
          {
            "system": "http://hl7.org/fhir/sid/us-npi",
            "value": "111111"
          }
        ],
        "name": [
          {
            "family": "Seven",
            "given": [
              "Henry"
            ],
            "prefix": [
              "Dr"
            ]
          }
        ],
        "address": [
          {
            "line": [
              "1002 Healthcare Dr"
            ],
            "city": "Portland",
            "state": "OR",
            "country": "US",
            "postalCode": "97266"
          }
        ],
        "telecom": [
          {
            "system": "phone",
            "value": "+1(555)-555-1002",
            "use": "work"
          }
        ],
        "qualification": [
          {
            "code": {
              "coding": [
                {
                  "code": "281P00000X",
                  "display": "Chronic Disease Hospital",
                  "system": "http://nucc.org/provider-taxonomy"
                }
              ]
            }
          }
        ]
      },
      "request": {
        "method": "PUT",
        "url": "Practitioner/c90aeaec-bb03-beee-f30a-9397bf62eb93"
      }
    },
    {
      "fullUrl": "urn:uuid:89236d99-8509-7d3a-9dfb-a82c6b81d268",
      "resource": {
        "resourceType": "Patient",
        "id": "89236d99-8509-7d3a-9dfb-a82c6b81d268",
        "meta": {
          "profile": [
            "http://hl7.org/fhir/us/core/StructureDefinition/us-core-patient"
          ]
        },
        "identifier": [
          {
            "system": "http://hl7.org/fhir/sid/us-ssn",
            "value": "414122222"
          }
        ],
        "name": [
          {
            "use": "usual",
            "family": "Maur",
            "given": [
              "Richard"
            ],
            "suffix": [
              "jr"
            ]
          }
        ],
        "birthDate": "1980-08-01",
        "gender": "male",
        "extension": [
          {
            "url": "http://hl7.org/fhir/us/core/StructureDefinition/us-core-race",
            "extension": [
              {
                "url": "ombCategory",
                "valueCoding": {
                  "system": "http://terminology.hl7.org/CodeSystem/v3-NullFlavor",
                  "code": "UNK",
                  "display": "Unknown"
                }
              },
              {
                "url": "ombCategory",
                "valueCoding": {
                  "system": "http://terminology.hl7.org/CodeSystem/v3-NullFlavor",
                  "code": "UNK",
                  "display": "Unknown"
                }
              },
              {
                "url": "text",
                "valueString": "Mixed"
              }
            ]
          },
          {
            "url": "http://hl7.org/fhir/us/core/StructureDefinition/us-core-ethnicity",
            "extension": [
              {
                "url": "ombCategory",
                "valueCoding": {
                  "system": "http://terminology.hl7.org/CodeSystem/v3-NullFlavor",
                  "code": "UNK",
                  "display": "Unknown"
                }
              },
              {
                "url": "text",
                "valueString": "Unknown"
              }
            ]
          }
        ],
        "address": [
          {
            "use": "home",
            "line": [
              "1357 Amber Dr"
            ],
            "city": "Beaverton",
            "state": "OR",
            "country": "US",
            "postalCode": "97006"
          }
        ],
        "telecom": [
          {
            "system": "phone",
            "value": "+1(555)-777-1234",
            "use": "mobile"
          },
          {
            "system": "phone",
            "value": "+1(555)-723-1544",
            "use": "home"
          }
        ],
        "communication": [
          {
            "language": {
              "coding": [
                {
                  "system": "urn:ietf:bcp:47",
                  "code": "en",
                  "display": "English"
                }
              ]
            },
            "preferred": "true"
          }
        ]
      },
      "request": {
        "method": "PUT",
        "url": "Patient/89236d99-8509-7d3a-9dfb-a82c6b81d268"
      }
    },
    {
      "fullUrl": "urn:uuid:9c900362-80a3-a844-0d6b-f34fcf42701a",
      "resource": {
        "resourceType": "AllergyIntolerance",
        "id": "9c900362-80a3-a844-0d6b-f34fcf42701a",
        "identifier": [
          {
            "system": "urn:ietf:rfc:3986",
            "value": "urn:uuid:4adc1020-7b16-11db-9fe1-0832200c9a66"
          }
        ],
        "clinicalStatus": {
          "coding": [
            {
              "system": "http://terminology.hl7.org/CodeSystem/allergyintolerance-clinical",
              "code": "active"
            }
          ]
        },
        "patient": {
          "reference": "Patient/89236d99-8509-7d3a-9dfb-a82c6b81d268"
        }
      },
      "request": {
        "method": "PUT",
        "url": "AllergyIntolerance/9c900362-80a3-a844-0d6b-f34fcf42701a"
      }
    },
    {
      "fullUrl": "urn:uuid:e8591e1e-9293-353e-29a2-f44b39769de1",
      "resource": {
        "resourceType": "MedicationStatement",
        "id": "e8591e1e-9293-353e-29a2-f44b39769de1",
        "identifier": [
          {
            "system": "urn:ietf:rfc:3986",
            "value": "urn:uuid:cdbd33f0-6cde-11db-9fe1-0833200c9a66"
          }
        ],
        "subject": {
          "reference": "Patient/89236d99-8509-7d3a-9dfb-a82c6b81d268"
        },
        "medicationReference": {
          "reference": "Medication/45ca540d-7e15-d7a9-7158-7426191f7a72"
        }
      },
      "request": {
        "method": "PUT",
        "url": "MedicationStatement/e8591e1e-9293-353e-29a2-f44b39769de1"
      }
    },
    {
      "fullUrl": "urn:uuid:45ca540d-7e15-d7a9-7158-7426191f7a72",
      "resource": {
        "resourceType": "Medication",
        "id": "45ca540d-7e15-d7a9-7158-7426191f7a72",
        "code": {
          "coding": [
            {
              "code": "410942007",
              "display": "drug or medication",
              "system": "http://snomed.info/sct"
            }
          ]
        }
      },
      "request": {
        "method": "PUT",
        "url": "Medication/45ca540d-7e15-d7a9-7158-7426191f7a72"
      }
    },
    {
      "fullUrl": "urn:uuid:b2dd4321-dfd0-b8c6-8d51-e422d867482f",
      "resource": {
        "resourceType": "Condition",
        "id": "b2dd4321-dfd0-b8c6-8d51-e422d867482f",
        "identifier": [
          {
            "system": "urn:ietf:rfc:3986",
            "value": "urn:uuid:4adc1021-7b14-11db-9fe1-0836200c9a67"
          }
        ],
        "code": {
          "coding": [
            {
              "code": "55607006",
              "display": "Problem",
              "system": "http://snomed.info/sct"
            }
          ]
        },
        "onsetDateTime": "2015-07-22",
        "subject": {
          "reference": "Patient/89236d99-8509-7d3a-9dfb-a82c6b81d268"
        }
      },
      "request": {
        "method": "PUT",
        "url": "Condition/b2dd4321-dfd0-b8c6-8d51-e422d867482f"
      }
    },
    {
      "fullUrl": "urn:uuid:06087fbf-6e75-889d-7d31-4723bf8b4c3f",
      "resource": {
        "resourceType": "Observation",
        "id": "06087fbf-6e75-889d-7d31-4723bf8b4c3f",
        "meta": {
          "profile": [
            "http://hl7.org/fhir/us/core/StructureDefinition/us-core-observationresults"
          ]
        },
        "identifier": [
          {
            "system": "urn:oid:2.16.840.1.113883.19",
            "value": "123456789"
          }
        ],
        "category": [
          {
            "coding": [
              {
                "system": "http://terminology.hl7.org/CodeSystem/observation-category",
                "code": "social-history"
              }
            ]
          }
        ],
        "status": "final",
        "code": {
          "coding": [
            {
              "code": "72166-2",
              "display": "Tobacco smoking status NHIS",
              "system": "http://loinc.org"
            }
          ]
        },
        "effectiveDateTime": "2015-07-22",
        "valueCodeableConcept": {
          "coding": [
            {
              "code": "449868002",
              "display": "Current every day smoker",
              "system": "http://snomed.info/sct"
            }
          ]
        },
        "subject": {
          "reference": "Patient/89236d99-8509-7d3a-9dfb-a82c6b81d268"
        }
      },
      "request": {
        "method": "PUT",
        "url": "Observation/06087fbf-6e75-889d-7d31-4723bf8b4c3f"
      }
    },
    {
      "fullUrl": "urn:uuid:03266a30-3c1e-93bc-7784-7c2988855aeb",
      "resource": {
        "resourceType": "Observation",
        "id": "03266a30-3c1e-93bc-7784-7c2988855aeb",
        "meta": {
          "profile": [
            "http://hl7.org/fhir/us/core/StructureDefinition/us-core-observationresults"
          ]
        },
        "category": [
          {
            "coding": [
              {
                "system": "http://terminology.hl7.org/CodeSystem/observation-category",
                "code": "social-history"
              }
            ]
          }
        ],
        "status": "final",
        "code": {
          "coding": [
            {
              "code": "76689-9",
              "display": "Sex Assigned At Birth",
              "system": "http://loinc.org"
            }
          ]
        },
        "effectiveDateTime": "2015-07-22",
        "valueCodeableConcept": {
          "coding": [
            {
              "code": "M",
              "display": "Male",
              "system": "urn:oid:2.16.840.1.113883.5.1"
            }
          ]
        },
        "subject": {
          "reference": "Patient/89236d99-8509-7d3a-9dfb-a82c6b81d268"
        }
      },
      "request": {
        "method": "PUT",
        "url": "Observation/03266a30-3c1e-93bc-7784-7c2988855aeb"
      }
    },
    {
      "fullUrl": "urn:uuid:55ca462c-a6b4-0708-dffc-b5eaced1242d",
      "resource": {
        "resourceType": "DocumentReference",
        "id": "55ca462c-a6b4-0708-dffc-b5eaced1242d",
        "type": {
          "coding": [
            {
              "code": "34133-9",
              "display": "Summarization of Episode Note",
              "system": "http://loinc.org"
            }
          ]
        },
        "date": "2021-02-05T02:02:58.096Z",
        "status": "current",
        "content": [
          {
            "attachment": {
              "contentType": "text/plain",
              "data": "H4sIAAAAAAAACu1d6XLb2JX+rbfAaGqqpYxJAtzlkpWhSdpmIlEKSbl7ZirlAgmQREwCbIC0rPmVB5l5uTzJfOcuwMXGTVQnqbLSnZaAu5579uXi+vfflwvtm+0Hjue+OzeK+rlmuxPPctzZu/PH0YdC8/z3N9fUqhCsnxd2MLfttbZ+Xtnvztf293Xpe7A41+a+PX133u60ivQnOvxLoXA2mjuBFpjL1cLWgrn3FGimZnmTzdJ219rT3JnMNd9eLcyJTW9WvuP52mThuM7EXEQNL+zirKi1251LDGijhxl4rjZF2zWNb3/nE+DXtadZ9tJzg7Vvrm28trVNYGveFJ0WeGJ1xJj/Qctvexa2MHi4bZ+f9T1lYnNt0mgTz12bjmtbmuNqpvtM49CQgT1ZA1aBdnbreV9pUvTEDir1qlgVLXJhfzOxeGex2LDlON/scKkE8ULh5rotppTLohdu8O5847tv54tGwfNnb79Vzvnjt98D5935fL1evS2Vnp6eik+VIhqUyrpulH65ux1O5vbSLDjYvelO7HPtjHf75k2SI5bwTI4aWOvEe3pyfnN2DUAvlgQkQIIg9Tg8L+Exga5nYS9r2+U483Df7nz51NHxUwX2+J63fndeLhr1YrOqF42iYVSazQp+qbABgBna41Ab0PDaJ9u0bF/rdQAPjG0DPjgojJ87il4s4x+8KBrn6irKulEr6M2CbvBlHjiUXBnwTJN9j1tW+XTLKofL+rjwxuZi8axtXOfXDbDdAr44UwewkzgXEgzh1tm1Ezuj0ahex8Jy57wq1opX9CNAMYnOvVI1KpXC1blmOQHW/tw3l3g63CyXpu/8DzAb1AjS6K6cgDr1vTWQj7oOnwNsN2u6Op1d1ISPeHvf67fDDY+cNSiFkRxoMdwbPw96d0Mn1QnJHewKKMWYCWuIng+MoaDZdYn3OLu2p1Oi3m/2yFna2jdzsbH5EemNctlo6npBr+nAYQ4Cd8rBbC6c9bNCCf0ELFzPX5qLXZuuFcu19K7b8VnY/hemO9uYM1uZ0nYLgv4Cex0iDwhuPNZxOuOrarNQnVYnhXFtPC2YTWtsNaymZYEgJUQ/cx6fA1MhAfqb5Rg4JSHDOvv2xPOtkenP7PXN2dn1CtBGv4FHID1LYlrVqBpl+snHtipHsjO+rq7gikNvAhhoQ3uy8QEJTSxlE9DREoKbk/WGGgz72n2vU2TrxhimZVErLPfTA/iWHPbTAzHxc0gV4OmzNveWQMup7y2VI9CyTskwjCsxNqC99iHuWpjCDoJb8Pkbo1JraC22tI5/XUo3YP0m2MHNe9sEWNeee11if4sRQf439wPqSr+xhysPfyzovG+uGrpevy4pT/iA3sZd+883j0MMJn4P9wp2Snt9dB0IOW1I4wZis73hvVYx6vWCobV5N/zXsoO3GkR9kd4UDQnJEoGS/baG/Jqgt8AD/Pn2342LWq12WWg0GgWjXKmec5jfMZLd0aVcKRi1quyCY4pOP/+YPt0Czhyuj5DiO45KYiUHigva4pPdcpQ4u56B6t2bAZQO07euS/xP/mpqLp3F882ducGBij/4m2AznTrfb/5CB81/ZY9LND7/1bSWEOJSxH+0XYgzhW7vEqzizlzs5I7YV5pPtDLm4WDkcOyQvAJpjx1/PddcG3jguZAXYxuKlT1xAEFoKkxOmM8herPWKi80rsAEm1xYUQPi8cBDQqlNwPblbhaLDwvzm+eDEfZkOyg8zszxNkELUFo4TCooYDB0o5KARHvuYzuO6WoXrucW2uZ67i2cyRuN/gpWWPLUmVzuASu9UU+Di5BnINekKYsKFwxBkdrPY/+P8j1pQW93NbLXcyhwH31vs9rWLOLnyyXk94QtRGBYJq8XHQF+PFDedIcPCSh2v+N0gwCnHay8r+jJ+p3tAlpdz5C/YiWtMWC1fr7D63AdmGRq+7AL7J5rhSTub2SL61LuHsHKIsrEQN43iDv/3p+ZrtAe+AhxKcJ0EfxsEyJ1OTmjRjExBAd0ygVowMRKP3nBivA3UElWcirGH34GRDNYFv6vAE2ASU8pZCRPSIsEXS+LWSemb2+RC0IwPHj+GgCzFLmQLRgSkqFcT0uGLaIh4uelHLiHh8OF+XUpLuu5JkaidwPq9Mlaw3bQHLYWnq6gM0CheJp7mhifPyfLiRQL2E0xxZQpGnwomnudoYMxeF+bQeDMYHm1ZNskeoDx42cP5FAV2XLTeCAjRf9lD/0ULJBgmGRZHlBb64CbmmCoErvEVCGOvAhFcjFkD80hCz/y0CND2u8iCNqE3Ks4oQeGAgoZRvwCwpJ2KX5VhfAn2/WfM0Xw0MajmAyOCBcLTk4aPZKYgifyN4m7ZM93gZA+NDaITzcAJ/PBMFVMncDYJdVp/Mw1TY7ujitFZgyDlQFVZMUjcVSErNswM4PRVSvlWgjbH3gk8YijyB00w2yNbdLxXHNhHYMx8riuS7HzDNHGcWFYL8mHo3A9cgMF3sYnjxWULdGGmcBkhod4IvGKW+JypHxsURDij8SjjMZ2W/0HpiQ5zqtxlghPlHOMn6nwLvKWcCSiK3cuPgyGzPxgSBU+1/A4hlShIHWgtvDfYeeyUcnROHdW/BWTuVxeh9avIt+GD8Okk+bh/nHY3SXt6BdgVa1eYSIvqRc+yAUN1AWRwqCN4AvUPpOwgNm+FkgpoJEjGfjRtE0fyr5r72eHqSeVHD18kn1Okpon8MLCpw1rI6HDeIpCpJFtOIMYYNBewvlLDmDpfvB8WBMEB84AEkIhnEAl8rbykAAjZlZe7KMHN5s/9OBT6cF7nEFE+srxYUTlj4SMoI4DGKwroswkggGJyFiHRhC2EIGEOAJljUWrkf3Vh7mtfwstLG9q8hPaGMxK4/RBBhozQrIGoqlTsMhbT3hGC3tmLkg9JB8rzNK0GeO4lgPjhXyLZMrAHYW3K/A5Zwwel3Kvs9NKj7rdoiGEggvFV6155s/dQyO4OoAJ/FAe/45GSCSCstAjZkzvg4zmGm5cFtgQZog5gWvcnDwnVc+EnR2a2T9w84eBnMZNMwctV6aPh84qYfIEm9UKzghCQ+oF7TPgLFBtH8XTe/0OqbxsVKGr/hRoM9jd1hQuXtjgTHElrkfxnu1qs6LcfnxoDfqjhH7LhsU6MMlvrOT+CDr9tkGnnAhShEXbHVF3fjFTCPSCwJwcboRkTKs+jGhNoRFBaRQef6t1JSURLhNpLTeLtUNRUNhFlA0DFyF3xfL0k/C1MuARZAithhJijqPAfxDz8gfl/XNRXpBJeMc7AI6jPXhthXbEcOx+ypRy2//mTOzuN+ayU7C//TBIoX+1XEHYW9cbu4MHVxkByWH//q7bKbRH6bDCe2Rfkef5g+OLeFo8T4WDYOE9pRNWeLqKiFHNndk82QSnFzW5LqXGZQwCGRbwZ5Bwho6Jf9dPnoYDAgHa5lJb2pTsEGhPNg8r01s4qUj9hDQH5hBUAzikrLHErIjRyZQ3aKzRiDTRW7SjZLYA2WwzuFs24yIwsDQDHi7sEsK3hZEZfC188OBqKYgUkaA0RhpUaWkCrH6JxqPhRl7baBBuV8dl5GVswEU8/7mI9DYCdLimaMkRl3wYfBAZI9ONy7L6FPMMWLA7+txspo/6QSIeDfhBDJxgnQ8i34EB5UEE52SqgvQ0jWAE3mS2vC7F2nAaUffAH6VNy5RxCSIXP/uEWuPxNL3xpxawq/ZLYnMtC+JKu7MtQMG19wu2pSP4UbBM7lobmd8911s+axefeg+t1mW4qig8+8L47JYAbU6Edh/XVL5vSuHCRwXiskNxMU4c8mLtV1iVLGcQ+YC90W33PGUbb7GOt9nHKofOtJHpqeJ6S3mIXuT3PNTBdGQOQBzNXopn2xAtD9P2QrUtuBZHNtUXmnbZpQxHehby0D04KskAiAzLQ0LPWpsjEw6BDsmiGLVHOdwi/sHlENd7SSk2A23QZ61cCD+Zs0RONrEFkok5OTdI+Vxu44K0PD63ZC5zTIf4gGO90cYbJC/gn4CtHQ/7Dz2eVpuFqoSQEk+R5EwMjVIckcLbNMr4Dahc0YvVkGD51HY0M+Yxof7OkA8FyWgh89EnLR0RiGe2AORwBV40PfV3mXRl8HV/WmtfCUBPcxNcl2QFBmTaIM1CPiQWA+cowPbGAU1Di0QrG5sGqIO5t1lYck4CRhBA+Y4kuyoADubo/cd2W5JmO5Ov8z6AYr3ys8zUiEmWJJB+CID9BEBOHH1HJH0Ptr4Hn6AHqqbNQu5JZZwh9e+O/NGGo9ZgpN1/0Abd29aoi7zw+/bjXbc/0rq/tO4ebrvHD81sbO4iA1U5wkmrVnWQnREmVQt9l5e+xIpb7G8sFZEyAxx3Q1IKfZiYuKDalkR8IVGwoiUKVsh64X4v2SIjbkA5/8b+Of9nf9+sf8HYfp47MBeIA/n2rxtYROBM3DJhXHJsu9BWGLx5YjjPh79hsj6exI5n1COAOHEt4opfbcDcDQENk0XTMG2PR+OmJEwY11SKlESoN+DZ4txb7wUOGRjklEdL5qHn4BCtCE3cKa2exfp8jQsRiiWhC5Ik4bRc2zZNHfBGlPbOMpOW4LcCsNEaCHPoKa2X/LS8AID2G8/ZX5mOz8w3nifPcn8RQeAFIpa9JsMPAON1V5jctZ8Sk8Qx1VsQaxZzcASHfJE9sBjF2AMM85ZFK2IA+GY6CwYFLMdcrZDrS3+x031mog4ix1s6WLIlhz6m1uEsp5aB4zhzC8TIJkwgUB69iBl1+51XZkVQ4gAjqK8IUmLB9zgaL3LZs/I9aH0Ee5xG7NXCdmeQvjhMaI0hgoBOwLG14V0X3v7ZjFAaJy6l/rUyEUGQhl+uiO27s66cKjNsWWnoxtaio3xvB21TCUJE62YhVmgtPL10LrR7VUV5JU8Je5i9dVKzFRC9DH3anZb23rOeX4gn4YqYowup2mAKYKY0cki16a6t29vu4GOvO0y+i3t2mL7pamAytj+TAaGz+KSMfJmyr6itbI6wF6FnDzmW+JtKFgOq/WGod4EhfGohZcCldvG5csm6h4roIaV0ZS58cuvyjhxQ1ehb2AWFy8QWwhrCtOIMX2KzUa8Vyi8VmMwYosK26NhaYD6tzufuYNgFB2q1R737/jCsfxPbhMcIZ/hHdoYdfzOLjgQtpT8ppEFSYSzR5Jl0dnDtpdaarLWLAZZ6ybOlWBfZqO3hOOHUZI3o4MCEllQ2PMAmifAcGCQEJXG+TBxrhc77EFiEAM+K1tMZ9D4L9xgU3knMXYtdnmtLz7P4n93PfdlSIp2WuzAFoQ7EgGqxou/AKD5/20eohwqL23PTndkvmS4aN8wwrtTtig37stAYY3rDsMaFq6ltYCFwV+v65MqsR36SGBK274FHOx2camcZKQ6iaqBE9gJ3EHtSy4XGg3yFr2EBnzgFBQSqZg3u7rkzj1pPxDmJxIfQUlZ6Kovg+zEZu1aWm8HC1V2EYkLdxBNC47G1PkE4Th0fNrQaj1MyMRFWo7RBrrfLOTJEkLKwLOEicT4WBYvwf/j4/g/n8T1w/ddFpgm177mWqMghoJFJ5kyfucoWOfYB5P499EHPCvd3Af2etuVfRsejmPs0mTcm801kSEZkd/9+mCS7jNWEw6RoUR324nM5QYsHk0cjSYzVgl4v6ELHOHJItW9IclXTmhh6mZFcPU5y5TTJxYmuNRx2B8SUd1Ne6DDKRneStQto9VasWbzAOVar14o1jDCISYBMdAA1cuauHCuwH0s2rSSWQOtmtPQ9cN7yyyHaHenOqRp1neoKy6I6jX5iZmXOEpTme4TcshqrsTcNYkJZbomtNwGRnqu1C6SBDcqCxqPguhOpI0XGQMSw7HSpxLFWu6LU/ZTJPJY3MkyYdw1mDrzOChsJp1DBGa0rO8DfHt4pu4m1YrFzhVDvWv1HtS0a86yDdNz/7q6lAilE3nxEYiaVOpy6KDUGK8vFM15FrKakMAWFXSYZY+TOnkhlhTdSJ1C0T0VBz1d+EwovjrbXbjH9aXvbTNV4ScEvvt6ISvbTj++UrlsV4vKLFOKM+zMSHPOIATOihHAF1/WC/gJdN05Pn3rD0f3gP8nEjo4IKRHdhE6snF+2/ssPSoF2TPlV0Ynr95N1kVQM+BUUbhidbSDpXK3UxtElJKRCbMP3rc7dNpkpJWa0RloF0kNBtGmJeaBwM+o7BebhI2YoqBO4ZyqVqV6oTyw7Li0rGQrqgWpdLmdCvkdg/2kD7kLQym0FRTPYLMkRFTGhpelupuREA53B3LFgOm9hpxmHpObmvkypKVdOr9VgTLWzuts7DOLDG3mzjf/fjz7tJmbkRdxwm1CukfybnIOHWoF+VQUGNBIEbpEyAB9hxEIV0b6XJgC/bviT3TWpF6gCjYRFFE2lv7eCKP5a4Esku1IIRjdJZHKKtCA7qQwDr+n1wTu7g24H/bd3pNlhKaRlGZ7v6+vhvmoZ7mWlVNxIVMdbm19hcImyW2FRiZvAYMawwchLxH9hpgz3AMJWpJs3uLtcWIk4A3ZzgayNk4w7bLdVsnor+ttcCFfTkVKVEuVO6WXCeBkyFblo1XqhcTKZquIJhCmhynBIRkrCzZQFyWzhqoJaojmFbX/I2N9YxhKH/SFjf8jYHzL2cBkr5Qc5/TpOwKuD97fPIEW22IM5AjR5v5IiyI5bwrHm4Zb7Fel6vKOHzDYRmxUKh8QNPRnby9z3QTohv8slTw3kEvEmV1Ft1CqGUUj6dXav6sBl5axLwkvRSoU4zlxBtjjuRRaJIoG34n5ujPBhcP/+tnun3UKZ1A7xiax46ChyiOzWIZmDQ4acXjE6yK5cO6XeRgNmYbpRremF6skUN/UsEsqaeJXh/NB6HXbvJEVYvhgh4ss7S+itPCq8DY8vqwFV6KDNnCf1yV7M6qGmockT+zutA+YF+ggF5OmroTvF6XF4LDBrwJfHAnfxymNG3BHuq8Y1vVqGpkdbHnZ+/iirOANNhJ7JwKYAoPRCMxwVtRwqFF4UL4yOmf4Kr5CTkbF/jXBQiY2pnfbwBoUXfIjTlDm7rN0btj3bB8/hdy4gBja2WWqxK5pQRwsBWm5GwjcPa96cwcWvACEnkLg1yCdvsYWtCruVJ12N4LvU/vbX/xVr/dtf/w8TIvFarInFSuMz50QKWdEOAw3LiuMbQYowy2uREAhTrIqUniVfyUwg5NCJbF+Wmh1pHQSpfkvd/WFhSbo3cEGD3NlIKce2KP0MTESQneIOV05PXNOtxpkQbOXXMFhBdPsNctYQBb6PggRFVh6Y6ZFVhlfHfQc4b8QjcV8dj1wJ7Gfeg9BtxAsoBcdQI5ap/I5XiJRKTqUOy1jVy5yKu1wURw25LVJqZHCruuBWjXRUcoXkEGjchDcsXyQVaVSYUq1W1+nC3FR5FYPctjK8far4VK9gmKnAZh9+Qs6NdGsRhS9sEzkCUGa0/zaKxd/9mSd0cqJ5I+h/+On+8bbD0vmp/IRtkhJOGQ4PkR4jD5wVvl4wgR8p8FvU03KdMnVPpVMI2KnnknCJqmiisPhMJh+pErEB4x33DW9LgmY+QJGrgSOhJI2x4y28GSXaIPM1un/f1kZE7vIWl8T1WcqwLUp+JUfVcrPk49NtMyA7MDMklIojXMsscAz6Rlt5Kyo35J8aiLHqEgmHkG1NNuBlFL7Fm4ypexAQMjQMlZbtgCVJkUgSlTMUjMcqcPrQ92UeZHJhrFiIf10BEFHqeyjFUwqZjZ27e/M77f6N9uxtxIpcm6agS0lgX7CSkPg2mVhhWSY044xdo0iQRkN14ytk9fD7QNMQyJauO+VrnnBUSRU5Qya2Dgc84/TCgRxj9yIoD3Szo5oZSYe8JbKQ30BfSsGM4Z8qWggEHDEYm6BxzQXEcubgjMbDCbQLcnMz1hKiQpgrclncN9MiZIcRGDNp+xUTKxLlq2eHMwdKA8gcIpmzcZp0gaOjLMj0bt8/9hFRGR5kB4f52ce7gtjs0TDB61nG9B2K05rGbMSsoEa9XNULzdMlCiDkQHUaYJYRxBNGcnSC2X6TCMZ7uk0yEIYcJu1u53GQzqqOIwicOIJVUzY+r9vzJlqBMqOirzaIr9NYON7JWhV1ifr7i/79pfbY6YXIMTYp68ibIstyqmXV3o99e71emj4kkG+xEnyWC7WzEL/vfekRApCg+dKxqdAroPJ7FiyMLyofMsT+aLW5EMrwzCaMll4op5DmGPN5SZNqB2Udhse5CYehi1O4L5A+jdDwvqnhjZpxdVoPkQCx4rblDqJwZafyGWYdMQY65FjTLkDu21yQYuSseFGWgOOxHG1XTkWCKdWrezKlrPyjW637p8feAxUAxaHMSwZAPlQ8Bg2PAPxWexARcKpFdsmeD1nYKsIjplY6nOJYQZXFae6neNh71+BiBPCEVH9FOafEQnPmm6s58/sR0pTPb/LXmbEuluvHx0g7ANPJVuFO4xcS3bcPsKHjpBdlTUWPPpePz5xSrN3Du+5MugqtZ6s2rhvVsQVRC9aLdBmr0GyUmwXbmFq6YU0mjbKpOgkVtG3QzJRwu9ddNVGWTFJZ5MA6wKXH8WNvd15k5Wl7Jngp7bITYzvd0H98UFrsoe7ZtOOC+Bwk809x79tPYbV9RMNxdR4Hntxk3gLwvwYrm1MSm2Q2L5e8qhqt8jGdIUTlUIRI4oQQ9HE7LGcB18HEW2XmBW+5Hz/coTJ+9ji52cWZucXsExgc+icyAbTe3d1jv/df23KEE/q/wy4o4dXThxXN9WI9XzEtuHzqtOAcbR8N61eF+mto+zEoJxT+2Jll6z1qdynZDgtZHVGZ40rjMAtFtqUXp/OJDxOSCdxSE4xfGBKrbfsQ4rEjZolJ29AbV/q0YFSv6oVqo3xVaE7temFqjJuNcb1sXE0br5Fg7HubdfrrUK+UXRw7IyXVWFHST1FEVdutnxwz5iH5xuJ2HF6tBrKY2S7aTKBhTOg2Me4jI2sxJBkqzFvCMqA0nSeTXcxgUUYo+hcUQQYP/TeiSzngdLEJ7xb6ywbGNr//R9zgUaQrLRA2pXWApazhHP0KRrv08AA+Vf45NZLyz3CcRgjw+1S0IieDOuYYoz3fi/zT6DsDLFYfrwmK+9Y+M5AICy3X65YRMTCMpsGUgRgLFRA+NNv65RnWQj62YhcR8tOPMWPm+0jDd+Gt+VUPtPVtNW//JInc2ufeCIbjsPcxrVYkFApwavogBWRKoKkOoIMcigdmJO+RF6bI+WbDqBcqJxPzCmiSBrfyKluwD2QB72cGtSFB7XjPBj+O4X27h1llUdJOJTDXx7f0KHx4iJNvn+Qp+VFVqR2FimNCuB+aydfY5RJWr4m8atTLL7rsIFFQGdtSQr+Ln0cGHkimyBwUY1ZnSnfDwKlireeUiqj/W6QggROZVsQg1uHlf+zdTQK4SloCJp7H23bsYOI7q5yXzGfJ+7Mc+eg9/oiuHCzFFnS9HovbPGI/iWVaN20RhBsuPVaKzz/micGs7HYU8numz4Smm/xhA2Qsl99odOSx1+o6U0tgrqP39K3Rof2dVJbzG/YX8PF7ehL6RuqxU+N3BSj4K2LYSa+T+N53JnBAkLH54lfgbTUA9s8BSerhqSWIDJrpZqHRF3BfXPLXaJ665A8jxjRy9RON5Uq1Vm80t1zhqdr5/BNZUWoF4p+NMl1kXWZK2l6wiasGMX8YH+pkPGjkjaEswZoTyxLJWH3wnW2mRkZSQ5jSELc64FmjDBHlQgoZSk9MSTFnjnJUlp6XtLblMgo5f+oqjPgdF4lpxWpAIpmTM8qCwuQtkicXP7dyIpEGyjeTdzKPxvizWNcFsg8/vDX0qybMPCivl1FOjcCWnJSaHPrOQEaDsPqqWGnSdYKjXlvj9HEFsZacvpHCtS2XH1SvmnXui41/TDTJbRmIbX8vD114I206Ap6qhJcX+SyRLWJJhSD02Mcu4YBSwHkbkdx5azHx2DeZNct33K9cZcFCz+PcUNRIaCFHF2PE2eUL2OOB5a166loesLh63O+gsoZ6vXl1wvQpAkBL3ImptdYcLAd40GNi8ghHeulgDsBxl49ztzvDF3CI43n6A+d7oufu2ptMdRqxzMfbUf6tDK8TUz84R2NgB5vF+tUKdCqnzsugATPU94p+VaueUHSK00vo7eJphsJ+a0JLZ1f6ayMc31uYvS6/aIpkjvKWsfygJMBO7eitOAZ2xgeWvkiWGb4EmwNWgFY7DFFAWfAY8WxreaaslFneuJxMyUgP+IFdthtaEC8cTFyuTbYtl3Jbx7sQdz9PyJPFv6BQuxhfXhiQrfTf8uXl7jlldL4bRudftocH85kSmg4ZhN+GCZZrBwEvX1BFM2uC/+Yxi10/6BoN/bJx/jHYkgIoyZlS4nykeOBYCvYF9IFyUb9Ur4NND/RGRD7oWkBNYT6ei8XHJjmMM4VGxp6Xj58Lr28ePxK5kkazCnYZNo5/wgK5l8MhpW0kOZXyJtvNZEZwUS4Ceamj6eG21ac7b0aDbmvE7pP9+wu/uK+JFonYMA08ojzgGIrJsOTxLif9xLcV6ZlRyWajUS/UTmcnhoCgsHkCk6KjpMPN9VVR7YyA61oOJ1Sp/VGKFzF/9JCPjPMPQwySnJnNxLL9vgzKX+hy/i80J8viY+/ABXSt9xEG4eSrObOLRDD0M1IjmNaGJT0QzoU5bj1ZvhMeHhbA6I2SpSWfYRyC5LpcELMF6c4IErdkjdgmjD3J3Sj8w42MBbVRL6Pj2Jj4OZZpJ8fh8HuFwfcg2phQO5jr85WHDP/IO3QzaaZuGPwykhjmswlPdsFtbPnZbHeGJscyXK5CyE9T8Oq8IPuDVjHRSHJOkYjJASS4gb7xV7yIlVFB4GVQgXIshARhejddlf4T2va7P6d0M1k2JRCnO/pw4hxfdl/wF76RL3KPOXm+L1OUEnB8da0rcd9phh3Kqknkt8z4RbCkpMK25Qc8JXQQZZ1h1kaGmMzDECYeLz4bzJ3HsZF9vAAHHbFS8ERiw2+Qu8jayRPnz424T+rQevXmAREduhBBp6BePAMnsTd5n74IEJ+IEyRmSSXV9tzJYsO+HtTrUF0eC6LLWh8qll0svKfwCwOCf7D4BB9ZqYsP78hO7gwHpjdK5XJJhCLyU4Pa93cPsdQgNRuH1aFGKethPoOopg/RSZQtseIuSFY4cyJBsLv8fVcCkMrQgICx7z1QoVuYrB53eB6Y91rZIxkoKhu1zbFu18oFy2pYhWq5WStcXdnjQqNsVcqWNTauaqqfKwszj8Y2yQW2oPYBzrwkTuX580Iek5AT7JtU6n3b9M0Y8W5sT0yqm47YEBMh/ALtgy7KToUgRP0jjwEQk4mK5xILxOA+YSUvLpx6krrCvBtuY3gMv5GcYSMfPDB9cnqwAm9ePcnvb4NqCIc9m45X68uwAAYUNMG+RxUcG+V4UTH+EdVjhwlDNPt0P3xgWQyd3rD9qTX42NV6/eFo8Mjv8d9zoEMu6cu4ZKfn8s9FxDJN6Ytj4vZ+aTLIj7dlcgiFP7C/tb1SS+LSRnQUeST1WqXQPFee7XGzjraNyLWE+NoO+6QY2t46XevxKKBKuUVcKE0de5GQQxLVyKrhv2rMwqFa0XfnLFkBHv6IYWJbN60VK65ln1B4qw0nc+Q4Q0mhCy6iN9wE6yCOSt9u1MwpVelC27Dtr0XtA6NaqBO81f1mLS9iDG9UvC6xuWIT9xDAMfm9DVMKYr1hlzlqo+eF7SLuxxQZ+qgQU1BWSQs2PuR1ibYpqWtfL23ciTiwTfqIILs2gBixn/gsTKTo32GIyEka18HY1dz8JhBSvoTOdalt157qtF3VW/m5M0LfVb7Xck9azmEUmTt42ZA7LmXaYlvybxESv4aDgM6Ry40nn+6PV/QEwNLBO+WTwLxoXToPeddisVh+Y1TDe+bRjAF4u5MyYYntxZj20ovrO5PdeJFaFkZl1fcZunGln/Tqzj5Le0PI+jGVEhd7mZPtvtti3mIy7wg+7OW/fxnafnjsM5YbbvM0VJAkgz1JIQ0Flbsc6/rclZS9Y+rjp80qiGxUy/oJPaSpZScEbep8j0bjfCzusYs+8Fwty3k5avaosPwzSPAA3W0rWr5WWi8yX3ZfYBZz+ZUrzQYV78Rrw1wVjOLjrqjsOx5TErU7sfG3OgP51S286eG4wb7aHPtgmvr+utReINsbUc/wi4H/Dw0QnFFFpwAA",
              "hash": "ZDU1ZmI5MmRjYWM3ZjQ0NDEyYmYxYjMzZTNkOWFlZDc5OWRjYjU0Zg=="
            }
          }
        ]
      },
      "request": {
        "method": "PUT",
        "url": "DocumentReference/55ca462c-a6b4-0708-dffc-b5eaced1242d"
      }
    }
  ]
}