{
  "resourceType": "Bundle",
  "type": "batch",
  "entry": [
    {
      "fullUrl": "urn:uuid:03cc43fa-70b4-2526-3744-2e0a857bbba1",
      "resource": {
        "resourceType": "Composition",
        "id": "03cc43fa-70b4-2526-3744-2e0a857bbba1",
        "identifier": {
          "use": "official",
          "value": "2.16.840.1.113883.19.5.99999.1"
        },
        "status": "final",
        "type": {
          "coding": [
            {
              "code": "11504-8",
              "display": "Surgical Operation Note",
              "system": "http://loinc.org"
            }
          ]
        },
        "date": "2012-09-16T19:10:00-04:00",
        "title": "Community Health and Hospitals: Operative Note",
        "confidentiality": "N",
        "attester": [
          {
            "mode": "legal",
            "time": "2009-02-27T13:00:00-05:00",
            "party": {
              "reference": "Practitioner/151bd63c-93e9-9838-dd94-f74d3b63be52"
            }
          }
        ],
        "event": [
          {
            "period": {
              "start": "2012-09-09T19:10:00-04:00",
              "end": "2012-09-16T19:10:00-04:00"
            }
          }
        ],
        "section": [
          {
            "title": "PROCEDURE ANESTHESIA",
            "text": {
              "status": "generated",
              "div": "<div xmlns=\"http://www.w3.org/1999/xhtml\">PROCEDURE ANESTHESIA</div>"
            },
            "code": {
              "coding": [
                {
                  "code": "59774-0",
                  "display": "PROCEDURE ANESTHESIA",
                  "system": "http://loinc.org"
                }
              ]
            },
            "mode": "snapshot"
          },
          {
            "title": "COMPLICATIONS",
            "text": {
              "status": "generated",
              "div": "<div xmlns=\"http://www.w3.org/1999/xhtml\">COMPLICATIONS</div>"
            },
            "code": {
              "coding": [
                {
                  "code": "55109-3",
                  "display": "Complications",
                  "system": "http://loinc.org"
                }
              ]
            },
            "mode": "snapshot"
          },
          {
            "title": "OPERATIVE NOTE FLUIDS",
            "text": {
              "status": "generated",
              "div": "<div xmlns=\"http://www.w3.org/1999/xhtml\">OPERATIVE NOTE FLUIDS</div>"
            },
            "code": {
              "coding": [
                {
                  "code": "10216-0",
                  "display": "SURGICAL OPERATION NOTE FLUIDS",
                  "system": "http://loinc.org"
                }
              ]
            },
            "mode": "snapshot"
          },
          {
            "title": "SURGICAL PROCEDURE",
            "text": {
              "status": "generated",
              "div": "<div xmlns=\"http://www.w3.org/1999/xhtml\">SURGICAL PROCEDURE</div>"
            },
            "code": {
              "coding": [
                {
                  "code": "10223-6",
                  "display": "SURGICAL OPERATION NOTE SURGICAL PROCEDURE",
                  "system": "http://loinc.org"
                }
              ]
            },
            "mode": "snapshot"
          },
          {
            "title": "PLAN OF TREATMENT",
            "text": {
              "status": "generated",
              "div": "<div xmlns=\"http://www.w3.org/1999/xhtml\">PLAN OF TREATMENT</div>"
            },
            "code": {
              "coding": [
                {
                  "code": "18776-5",
                  "display": "Treatment plan",
                  "system": "http://loinc.org"
                }
              ]
            },
            "mode": "snapshot"
          },
          {
            "title": "PLANNED PROCEDURE",
            "text": {
              "status": "generated",
              "div": "<div xmlns=\"http://www.w3.org/1999/xhtml\">PLANNED PROCEDURE</div>"
            },
            "code": {
              "coding": [
                {
                  "code": "59772-4",
                  "display": "Planned Procedure",
                  "system": "http://loinc.org"
                }
              ]
            },
            "mode": "snapshot"
          },
          {
            "title": "POSTOPERATIVE DIAGNOSIS",
            "text": {
              "status": "generated",
              "div": "<div xmlns=\"http://www.w3.org/1999/xhtml\">POSTOPERATIVE DIAGNOSIS</div>"
            },
            "code": {
              "coding": [
                {
                  "code": "10218-6",
                  "display": "POSTOPERATIVE DIAGNOSIS",
                  "system": "http://loinc.org"
                }
              ]
            },
            "mode": "snapshot"
          },
          {
            "title": "PREOPERATIVE DIAGNOSIS",
            "text": {
              "status": "generated",
              "div": "<div xmlns=\"http://www.w3.org/1999/xhtml\">PREOPERATIVE DIAGNOSIS</div>"
            },
            "code": {
              "coding": [
                {
                  "code": "10219-4",
                  "display": "SURGICAL OPERATION NOTE PREOPERATIVE DX",
                  "system": "http://loinc.org"
                }
              ]
            },
            "mode": "snapshot"
          },
          {
            "title": "PROCEDURE DESCRIPTION",
            "text": {
              "status": "generated",
              "div": "<div xmlns=\"http://www.w3.org/1999/xhtml\">PROCEDURE DESCRIPTION</div>"
            },
            "code": {
              "coding": [
                {
                  "code": "29554-3",
                  "display": "PROCEDURE DESCRIPTION",
                  "system": "http://loinc.org"
                }
              ]
            },
            "mode": "snapshot"
          },
          {
            "title": "PROCEDURE DISPOSITION",
            "text": {
              "status": "generated",
              "div": "<div xmlns=\"http://www.w3.org/1999/xhtml\">PROCEDURE DISPOSITION</div>"
            },
            "code": {
              "coding": [
                {
                  "code": "59775-7",
                  "display": "PROCEDURE DISPOSITION",
                  "system": "http://loinc.org"
                }
              ]
            },
            "mode": "snapshot"
          },
          {
            "title": "PROCEDURE ESTIMATED BLOOD LOSS",
            "text": {
              "status": "generated",
              "div": "<div xmlns=\"http://www.w3.org/1999/xhtml\">PROCEDURE ESTIMATED BLOOD LOSS</div>"
            },
            "code": {
              "coding": [
                {
                  "code": "59770-8",
                  "display": "PROCEDURE ESTIMATED BLOOD LOSS",
                  "system": "http://loinc.org"
                }
              ]
            },
            "mode": "snapshot"
          },
          {
            "title": "PROCEDURE FINDINGS",
            "text": {
              "status": "generated",
              "div": "<div xmlns=\"http://www.w3.org/1999/xhtml\">PROCEDURE FINDINGS</div>"
            },
            "code": {
              "coding": [
                {
                  "code": "59776-5",
                  "display": "PROCEDURE FINDINGS",
                  "system": "http://loinc.org"
                }
              ]
            },
            "mode": "snapshot"
          },
          {
            "title": "PROCEDURE IMPLANTS",
            "text": {
              "status": "generated",
              "div": "<div xmlns=\"http://www.w3.org/1999/xhtml\">PROCEDURE IMPLANTS</div>"
            },
            "code": {
              "coding": [
                {
                  "code": "59771-6",
                  "display": "PROCEDURE IMPLANTS",
                  "system": "http://loinc.org"
                }
              ]
            },
            "mode": "snapshot"
          },
          {
            "title": "PROCEDURE INDICATIONS",
            "text": {
              "status": "generated",
              "div": "<div xmlns=\"http://www.w3.org/1999/xhtml\">PROCEDURE INDICATIONS</div>"
            },
            "code": {
              "coding": [
                {
                  "code": "59768-2",
                  "display": "PROCEDURE INDICATIONS",
                  "system": "http://loinc.org"
                }
              ]
            },
            "mode": "snapshot"
          },
          {
            "title": "PROCEDURE SPECIMENS TAKEN",
            "text": {
              "status": "generated",
              "div": "<div xmlns=\"http://www.w3.org/1999/xhtml\">PROCEDURE SPECIMENS TAKEN</div>"
            },
            "code": {
              "coding": [
                {
                  "code": "59773-2",
                  "display": "PROCEDURE SPECIMENS TAKEN",
                  "system": "http://loinc.org"
                }
              ]
            },
            "mode": "snapshot"
          },
          {
            "title": "SURGICAL DRAINS",
            "text": {
              "status": "generated",
              "div": "<div xmlns=\"http://www.w3.org/1999/xhtml\">SURGICAL DRAINS</div>"
            },
            "code": {
              "coding": [
                {
                  "code": "11537-8",
                  "display": "SURGICAL DRAINS",
                  "system": "http://loinc.org"
                }
              ]
            },
            "mode": "snapshot"
          }
        ],
        "subject": {
          "reference": "Patient/5510eaa6-2ad2-b82b-248b-aba749e28fa1"
        },
        "custodian": {
          "reference": "Organization/ccf335f7-e962-e711-c0ac-aca0f1f41b74"
        },
        "author": [
          {
            "reference": "Practitioner/b818f780-0177-affe-d9d2-2aefb7adeee2"
          }
        ]
      },
      "request": {
        "method": "PUT",
        "url": "Composition/03cc43fa-70b4-2526-3744-2e0a857bbba1"
      }
    },
    {
      "fullUrl": "urn:uuid:151bd63c-93e9-9838-dd94-f74d3b63be52",
      "resource": {
        "resourceType": "Practitioner",
        "id": "151bd63c-93e9-9838-dd94-f74d3b63be52",
        "meta": {
          "profile": [
            "http://hl7.org/fhir/us/core/StructureDefinition/us-core-practitioner"
          ]
        },
        "identifier": [
          {
            "system": "http://hl7.org/fhir/sid/us-npi",
            "value": "999999999"
          }
        ],
        "name": [
          {
            "family": "Seven",
            "given": [
              "Henry"
            ]
          }
        ],
        "address": [
          {
            "line": [
              "1001 Village Avenue"
            ],
            "city": "Portland",
            "state": "OR",
            "country": "US",
            "postalCode": "99123"
          }
        ],
        "telecom": [
          {
            "system": "phone",
            "value": "555-555-1002",
            "use": "work"
          }
        ]
      },
      "request": {
        "method": "PUT",
        "url": "Practitioner/151bd63c-93e9-9838-dd94-f74d3b63be52"
      }
    },
    {
      "fullUrl": "urn:uuid:ccf335f7-e962-e711-c0ac-aca0f1f41b74",
      "resource": {
        "resourceType": "Organization",
        "id": "ccf335f7-e962-e711-c0ac-aca0f1f41b74",
        "identifier": [
          {
            "system": "http://hl7.org/fhir/sid/us-npi",
            "value": "99999999"
          }
        ],
        "name": "Community Health and Hospitals",
        "address": [
          {
            "use": "work",
            "line": [
              "1002 Healthcare Drive "
            ],
            "city": "Portland",
            "state": "OR",
            "country": "US",
            "postalCode": "99123"
          }
        ],
        "telecom": [
          {
            "system": "phone",
            "value": "555-555-1002",
            "use": "work"
          }
        ]
      },
      "request": {
        "method": "PUT",
        "url": "Organization/ccf335f7-e962-e711-c0ac-aca0f1f41b74"
      }
    },
    {
      "fullUrl": "urn:uuid:b818f780-0177-affe-d9d2-2aefb7adeee2",
      "resource": {
        "resourceType": "Practitioner",
        "id": "b818f780-0177-affe-d9d2-2aefb7adeee2",
        "meta": {
          "profile": [
            "http://hl7.org/fhir/us/core/StructureDefinition/us-core-practitioner"
          ]
        },
        "identifier": [
          {
            "system": "http://hl7.org/fhir/sid/us-npi",
            "value": "99999999"
          }
        ],
        "name": [
          {
            "family": "Seven",
            "given": [
              "Henry"
            ]
          }
        ],
        "address": [
          {
            "line": [
              "1002 Healthcare Drive "
            ],
            "city": "Portland",
            "state": "OR",
            "country": "US",
            "postalCode": "99123"
          }
        ],
        "telecom": [
          {
            "system": "phone",
            "value": "555-555-1002",
            "use": "work"
          }
        ],
        "qualification": [
          {
            "code": {
              "coding": [
                {
                  "code": "200000000X",
                  "display": "Allopathic & Osteopathic Physicians",
                  "system": "http://nucc.org/provider-taxonomy"
                }
              ]
            }
          }
        ]
      },
      "request": {
        "method": "PUT",
        "url": "Practitioner/b818f780-0177-affe-d9d2-2aefb7adeee2"
      }
    },
    {
      "fullUrl": "urn:uuid:5510eaa6-2ad2-b82b-248b-aba749e28fa1",
      "resource": {
        "resourceType": "Patient",
        "id": "5510eaa6-2ad2-b82b-248b-aba749e28fa1",
        "meta": {
          "profile": [
            "http://hl7.org/fhir/us/core/StructureDefinition/us-core-patient"
          ]
        },
        "identifier": [
          {
            "system": "urn:oid:2.16.840.1.113883.19.5.99999.2",
            "value": "998991"
          },
          {
            "system": "http://hl7.org/fhir/sid/us-ssn",
            "value": "111-00-2330"
          }
        ],
        "name": [
          {
            "use": "usual",
            "family": "Jones",
            "given": [
              "Isabella",
              "Isa"
            ]
          }
        ],
        "birthDate": "2005-05-01",
        "gender": "female",
        "extension": [
          {
            "url": "http://hl7.org/fhir/us/core/StructureDefinition/us-core-race",
            "extension": [
              {
                "url": "detailed",
                "valueCoding": {
                  "code": "1966-1",
                  "display": "Aleut"
                }
              },
              {
                "url": "text",
                "valueString": "Aleut"
              }
            ]
          },
          {
            "url": "http://hl7.org/fhir/us/core/StructureDefinition/us-core-ethnicity",
            "extension": [
              {
                "url": "ombCategory",
                "valueCoding": {
                  "code": "2186-5",
                  "display": "Not Hispanic or Latino"
                }
              },
              {
                "url": "text",
                "valueString": "Not Hispanic or Latino"
              }
            ]
          }
        ],
        "address": [
          {
            "use": "home",
            "line": [
              "1357 Amber Drive"
            ],
            "city": "Beaverton",
            "state": "OR",
            "country": "US",
            "postalCode": "97867"
          }
        ],
        "telecom": [
          {
            "system": "phone",
            "value": "(816)276-6909",
            "use": "home"
          }
        ],
        "communication": [
          {
            "language": {
              "coding": [
                {
                  "system": "urn:ietf:bcp:47",
                  "code": "en",
                  "display": "English"
                }
              ]
            },
            "preferred": true
          }
        ]
      },
      "request": {
        "method": "PUT",
        "url": "Patient/5510eaa6-2ad2-b82b-248b-aba749e28fa1"
      }
    },
    {
      "fullUrl": "urn:uuid:ee674bd9-634f-7bfb-de2e-510f1248a374",
      "resource": {
        "resourceType": "RelatedPerson",
        "id": "ee674bd9-634f-7bfb-de2e-510f1248a374",
        "relationship": [
          {
            "coding": [
              {
                "code": "GRPRN",
                "display": "Grandparent",
                "system": "urn:oid:2.16.840.1.113883.5.111"
              }
            ]
          }
        ],
        "name": [
          {
            "family": "Jones",
            "given": [
              "Ralph"
            ]
          }
        ],
        "telecom": [
          {
            "system": "phone",
            "value": "(816)276-6909",
            "use": "home"
          }
        ],
        "address": [
          {
            "use": "home",
            "line": [
              "1357 Amber Drive"
            ],
            "city": "Beaverton",
            "state": "OR",
            "country": "US",
            "postalCode": "97867"
          }
        ],
        "patient": {
          "reference": "Patient/5510eaa6-2ad2-b82b-248b-aba749e28fa1"
        }
      },
      "request": {
        "method": "PUT",
        "url": "RelatedPerson/ee674bd9-634f-7bfb-de2e-510f1248a374"
      }
    },
    {
      "fullUrl": "urn:uuid:c897ff2d-4584-a8c5-fea2-73f9d95e9590",
      "resource": {
        "resourceType": "Procedure",
        "id": "c897ff2d-4584-a8c5-fea2-73f9d95e9590",
        "meta": {
          "profile": [
            "http://hl7.org/fhir/us/core/StructureDefinition/us-core-procedure"
          ]
        },
        "identifier": [
          {
            "system": "urn:ietf:rfc:3986",
            "value": "urn:uuid:d68b7e32-7810-4f5b-9cc2-acd54b0fd85d"
          }
        ],
        "status": "completed",
        "code": {
          "coding": [
            {
              "code": "73761001",
              "display": "Colonoscopy",
              "system": "http://snomed.info/sct"
            }
          ]
        },
        "performedDateTime": "2012-05-12",
        "subject": {
          "reference": "Patient/5510eaa6-2ad2-b82b-248b-aba749e28fa1"
        },
        "performer": [
          {
            "actor": {
              "reference": "Organization/bb481cff-4e21-5cd1-9057-7e8b00a33843"
            }
          }
        ]
      },
      "request": {
        "method": "PUT",
        "url": "Procedure/c897ff2d-4584-a8c5-fea2-73f9d95e9590"
      }
    },
    {
      "fullUrl": "urn:uuid:bb481cff-4e21-5cd1-9057-7e8b00a33843",
      "resource": {
        "resourceType": "Organization",
        "id": "bb481cff-4e21-5cd1-9057-7e8b00a33843",
        "identifier": [
          {
            "system": "urn:ietf:rfc:3986",
            "value": "urn:uuid:2.16.840.1.113883.19.5.9999.1393"
          }
        ],
        "name": "Community Health and Hospitals",
        "address": [
          {
            "line": [
              "1001 Village Avenue"
            ],
            "city": "Portland",
            "state": "OR",
            "country": "US",
            "postalCode": "99123"
          }
        ]
      },
      "request": {
        "method": "PUT",
        "url": "Organization/bb481cff-4e21-5cd1-9057-7e8b00a33843"
      }
    },
    {
      "fullUrl": "urn:uuid:23e60c9e-3979-f3cc-ed95-50ee257fb0b2",
      "resource": {
        "resourceType": "MedicationAdministration",
        "id": "23e60c9e-3979-f3cc-ed95-50ee257fb0b2",
        "identifier": [
          {
            "system": "urn:ietf:rfc:3986",
            "value": "urn:uuid:cdbd33f0-6cde-11db-9fe1-0800200c9a66"
          }
        ],
        "status": "completed",
        "effectivePeriod": {
          "start": "2012-05-12",
          "end": "2012-05-12"
        },
        "dosage": {
          "route": {
            "coding": [
              {
                "code": "C38276",
                "display": "INTRAVENOUS",
                "system": "urn:oid:2.16.840.1.113883.3.26.1.1"
              }
            ]
          },
          "dose": {
            "value": 20,
            "unit": "mg/mL"
          },
          "rateQuantity": {
            "value": 2,
            "unit": "ml/min"
          }
        },
        "subject": {
          "reference": "Patient/5510eaa6-2ad2-b82b-248b-aba749e28fa1"
        },
        "medicationReference": {
          "reference": "Medication/893a5b7c-5465-35d1-0ef4-a101b13eb69d"
        }
      },
      "request": {
        "method": "PUT",
        "url": "MedicationAdministration/23e60c9e-3979-f3cc-ed95-50ee257fb0b2"
      }
    },
    {
      "fullUrl": "urn:uuid:893a5b7c-5465-35d1-0ef4-a101b13eb69d",
      "resource": {
        "resourceType": "Medication",
        "id": "893a5b7c-5465-35d1-0ef4-a101b13eb69d",
        "code": {
          "coding": [
            {
              "code": "153475",
              "display": "Propofol 20 MG/ML Injectable Suspension",
              "system": "http://www.nlm.nih.gov/research/umls/rxnorm"
            }
          ]
        }
      },
      "request": {
        "method": "PUT",
        "url": "Medication/893a5b7c-5465-35d1-0ef4-a101b13eb69d"
      }
    },
    {
      "fullUrl": "urn:uuid:fee80902-1e41-a981-01bf-6d75b27b0864",
      "resource": {
        "resourceType": "Condition",
        "id": "fee80902-1e41-a981-01bf-6d75b27b0864",
        "identifier": [
          {
            "system": "urn:ietf:rfc:3986",
            "value": "urn:uuid:ab1791b0-5c71-11db-b0de-0800200c9a66"
          }
        ],
        "clinicalStatus": {
          "coding": [
            {
              "code": "81323004",
              "display": "Alive and well",
              "system": "http://snomed.info/sct"
            }
          ]
        },
        "code": {
          "coding": [
            {
              "code": "233604007",
              "display": "Pneumonia",
              "system": "http://snomed.info/sct"
            }
          ]
        },
        "onsetDateTime": "2008-01-03",
        "subject": {
          "reference": "Patient/5510eaa6-2ad2-b82b-248b-aba749e28fa1"
        }
      },
      "request": {
        "method": "PUT",
        "url": "Condition/fee80902-1e41-a981-01bf-6d75b27b0864"
      }
    },
    {
      "fullUrl": "urn:uuid:60de2a68-4c04-7d0c-164c-f073f238edeb",
      "resource": {
        "resourceType": "Condition",
        "id": "60de2a68-4c04-7d0c-164c-f073f238edeb",
        "identifier": [
          {
            "system": "urn:ietf:rfc:3986",
            "value": "urn:uuid:ab1791b0-5c71-11db-b0de-0800200c9a66"
          }
        ],
        "code": {
          "coding": [
            {
              "code": "103679000",
              "display": "Sessile Polyp",
              "system": "http://snomed.info/sct"
            }
          ]
        },
        "onsetDateTime": "2008-01-03",
        "subject": {
          "reference": "Patient/5510eaa6-2ad2-b82b-248b-aba749e28fa1"
        }
      },
      "request": {
        "method": "PUT",
        "url": "Condition/60de2a68-4c04-7d0c-164c-f073f238edeb"
      }
    },
    {
      "fullUrl": "urn:uuid:99154d91-c862-75c7-2700-072437ba0545",
      "resource": {
        "resourceType": "Condition",
        "id": "99154d91-c862-75c7-2700-072437ba0545",
        "identifier": [
          {
            "system": "urn:ietf:rfc:3986",
            "value": "urn:uuid:cd1791b0-5c71-11db-b0de-0800200c9a66"
          }
        ],
        "code": {
          "coding": [
            {
              "code": "429430001",
              "display": "diverticulosis of sigmoid",
              "system": "http://snomed.info/sct"
            }
          ]
        },
        "onsetDateTime": "2008-01-03",
        "subject": {
          "reference": "Patient/5510eaa6-2ad2-b82b-248b-aba749e28fa1"
        }
      },
      "request": {
        "method": "PUT",
        "url": "Condition/99154d91-c862-75c7-2700-072437ba0545"
      }
    },
    {
      "fullUrl": "urn:uuid:c7b35804-20c2-4322-f39f-13f06adeda20",
      "resource": {
        "resourceType": "Condition",
        "id": "c7b35804-20c2-4322-f39f-13f06adeda20",
        "identifier": [
          {
            "system": "urn:ietf:rfc:3986",
            "value": "urn:uuid:cd1791b0-5c71-11db-b0de-0800200c9a66"
          }
        ],
        "code": {
          "coding": [
            {
              "code": "90458007",
              "display": "internal hemorrhoids",
              "system": "http://snomed.info/sct"
            }
          ]
        },
        "onsetDateTime": "2008-01-03",
        "subject": {
          "reference": "Patient/5510eaa6-2ad2-b82b-248b-aba749e28fa1"
        }
      },
      "request": {
        "method": "PUT",
        "url": "Condition/c7b35804-20c2-4322-f39f-13f06adeda20"
      }
    },
    {
      "fullUrl": "urn:uuid:0dbaee66-fe1d-ab30-20c2-48f84d986e6e",
      "resource": {
        "resourceType": "Condition",
        "id": "0dbaee66-fe1d-ab30-20c2-48f84d986e6e",
        "identifier": [
          {
            "system": "urn:ietf:rfc:3986",
            "value": "urn:uuid:ab1791b0-5c71-11db-b0de-0800200c9a66"
          }
        ],
        "code": {
          "coding": [
            {
              "code": "74400008",
              "display": "Appendicitis",
              "system": "http://snomed.info/sct"
            }
          ]
        },
        "onsetDateTime": "2008-01-03",
        "subject": {
          "reference": "Patient/5510eaa6-2ad2-b82b-248b-aba749e28fa1"
        }
      },
      "request": {
        "method": "PUT",
        "url": "Condition/0dbaee66-fe1d-ab30-20c2-48f84d986e6e"
      }
    },
    {
      "fullUrl": "urn:uuid:78f56ce2-74d6-8028-a5d3-5531cb94a75a",
      "resource": {
        "resourceType": "DocumentReference",
        "id": "78f56ce2-74d6-8028-a5d3-5531cb94a75a",
        "type": {
          "coding": [
            {
              "code": "11504-8",
              "display": "Surgical Operation Note",
              "system": "http://loinc.org"
            }
          ]
        },
        "date": "2022-03-25T08:35:32.909Z",
        "status": "current",
        "content": [
          {
            "attachment": {
              "contentType": "text/plain",
              "data": "H4sIAAAAAAAACu1da3vaWJL+nH9xlp2dnd4NF4m7l3geAjhhxgYacGb2Uz9COjaaFhIriTjeX79vHd2OhMTFIWn3bDzd0yCda1WdqrcuEr0/f9lY7DN3PdOx35WUSq3EuK07hmk/vivdL2/KnRLzfM02NMux+bvSM/dKf77uUbey5z9b3Ftz7jP/eYubPv/iV794VomtXf7wrjQY9iv0FR3+pVxmS9O3+BUL/6Zb7mq++ZmzieNzdmNa3NY24f1BGX1/mau/xK1+oVYVWu3A5ZrPDbZ6pra3mo3laWzg2N7O8rFu9sF1dtu37PZ2wNgfbjXPH6w1+5EbQ3S7YmpNaZQVpayoTK1fqc2rWpeVa81ajf3pb9x4y3B94nwWzX5if8AM//HCPzY0Pd3SzA13r9hybXrM0zZbi7MHbJXpDtZt2h5z+dblHsc3QQxD8zXGLb7BFY/5TnKfaRmaVRiGDYcz+NbU0UHDV90HMzWL6WvN1XSfu//usTXXLH8tRq+wvv2MYT2+WVmarXOaRcMFdMH4nmMzrFV3TFs3DVqXRRM5zLSsnedjfs40j200DJJeLK5uHc8zVxZ/y3ysTLdM29QxrKeDt67poNczsx2frTjbWtpOtA23IcYybXTMUApfqYtp+9w2wPcUTYJVgya0grdYv0P9HDeZm3+mW2KSZGB8MrhnPtrBeFjOzsNHTA++/GNnCxKyJxMko40IcWSDaEgivsfGNBLtXBONP+xArcrLpaVcvu5FMwwdfUcjM8i77V198cx3pbXvb6+q1aenp8pTveK4j1W1VlOqf7+7XehrvtHKECacBJ2Xgl7vSjvXvlpb7TLaXn2uh5evdEMruuUZvp6+R1dK12/E8cUaiQofuWZwlwUrftMjBmwGjkESbUAH3C9KVVwmhTA2mOs4/ruSWlFalU6jVlEqilLvdOr4gEmhLbgdKJ7ZdDD85eOwhr9GTQxAM94v2AduQ+StaNYlB9FJAsXcfvjt0ES1iop/cKOipGYUaqDWKte68XTEBWLtVSCQNlqzZIq3YoMMqpD5pMggHZbFDPPhAevC8YNwkvIhsVlrgUZkzgMzIlZC5FacWpDcCjkJNkEzQ+geHHcjzjvJW9zJ23LdxImGnP/PznTDg/aS3bcP7d405JvLZbcDtV84aLfSrHTpDySl3oIu9H+LZw+LyuvTIuonTSZQ9O9Kt9PxZBBchulRmrUGWRvD9LCt56DJYuc+iiMXaj5QlzgUiBhx4XrgbDY72/SfSURIxRGDPjre1oTi8q4yKrNXDXq96XHwDaf8M19CQbPPmrXjgixqrau0lK5SK0MSA1Ek7ghNaGoWJpKEfVI6su9mRW2KMaBoH3faI5c6c7scHhaP++MUB7wzWBBwMDThk91mBXEMtxOwx+W64xpLzX3k/vWbN71QW84dosObLPO73U63q5w0tUrDvwkk+Eb7lbPxEGqURPzjbRtjBqp2Oh5WhMDuTaXACtdqZbVerxXP1wiETJ5m4ejgBFtwfecS48NNB1PT8YHR21GDxSQ1u2YY1AqE+TiDUovG/Dijs1nauuZGc5/Z2tlAhT64zkbiLctjLdbfDccGD30XQKiPKbjn3Zo2v1bqzTbri6UNXQhar7rfRnTVsYnr91wDD33H7lXF93BQnO/r6Zy60idxETYWok2CdN1td1rtXlW6Egzo7Gzffb6+X2Cw8HO8XShV2u49zgws3oLG9cL9jhdTVldarbICOCW64b+wk1cMwLBCdypKRMwqUVN88gEAdPQOhQ5fr/7UUVo/qe1WudWFholpnvCxmOYkOiGF7j1+jO6RMAfbI/wYTHYb8DeY7FbMdcsfNUuaZITz7As1UzRPoxlx903vEQy0r8eetuKWpfWqwffMvfRlmnoQzD3QYCpSW0xmn2mu/zPEFWoekpK7jnqyjgdtY1rP138BGPd61fCbuFOl3QcfNWMDHCGwGtYDEwrTKSmem+NaS8no4RsADEuoXRp/Zbr+Oq03AaCbtfCkvumBqaR+Sbh2njTzXWbYO811TW6coEX3rcdddo5ocpdb5qPp7Lz+A/CjKayGtAalptQzyxisXVDL1Gz2J9uxywPNXzuWqb8F7rTLkQn+aX8JxMh5NBuTpjuBwLV2K16wpst2QenSCcwssW/xnX9s2FZFrXf2lznH+OyP0Mb/xUb+GgCTlCZkcziIVsDFZeE3SQtRlU6r3MwsBFaUfcQFDR0IZ99iw7bzzVYGo+ka4Ewo/jHUeFf6MJ/NJ5nFfXBh/beaC41wAgsUpYClsIziRriIPMtxSdvxVdbjkP0osCCn2JADVuSidkS2JOfbEklAZsJzjRYY68JEP881a7tOaehD6jSlUPE5Z5rkoqQVIYt61En6HIhQPO0BjhWx7CSeHWSaTOdqsrZeNbNwCasKaK0LlRZ2zMWxMTM2uCDdGS1mmQM6+kKOO7na3tb5FT2PntJWLcdxCBfRX0Hh+s938lHdug6UNTCB/nwL119QJ9IYWW3hOCeYnpZydAGzZE5pHRyOIS7xMRySSJ7dXWymqoVkBncSVEMb+gzvw526j9C5/5swg9D0UZReUerdejSlEOjDDpMMI6LDKI7c38BK6VSyZrNZFv/CZY/GlwQsR6EhWsE+wWfGllkfh3BXrNOCAzJzXB9EMuTzkX86Umejq6j1/bNRDIoTJFstoHXMkMBn6lXTLlVP2wEw0BDwSTOgqK52VbXRIE+nGRKqp3lB5Kkfddv3wYK/Q15RiB5ki4gJg7+/HzfHQEF7CMNysM01zHpgkafoHV2ZrZ89SLhme+G0MavzOa2GwqXDFgf2ix12f3J4fdz7yeV0EaNzPJY8wY7kmjYR7TXkl6z7JdsQWJSP3Haf0w5AaE4WFIEswOpYVHbw5FIkH7gSfaIgKVwHKBYhblHLwJuIJOmQ0OSIWaOuNtXT2HrqAf7B0yKeRpzqVVOs7JkiAIhcRjFbJc79dYZTriCkd0j//2Dp92apxMQ0Q+GSUsoqaInUBLqSvkLce74Q/kQQBY6uM1xOchyU1AnzMiIhEXxGfEuMCnnw1uY2yVWEpiqOekkGYjFbZOOrs+n9YnTMXNAHiFSzVd+HQrNoNXN5NcKFWlII/BOpVsTq/FAcQ1Ic1KU3cON+zWXSobgHmeX02PGVfBbpSGc5IX6Pz9xAukirDZkg3cgFYi+z3i+GZHlITFis2KZJkCy+dgibnWGxfzN4dgI3kmMpMRIjSl9CEaAOc4R2tiHS7kUJRvliYetL6paiKShyzzGYsS9xZ4mNwKt5A9HUe3suWk/PogAqYRLKhMBbyUW83ZqqtpU6wvoJ3iV+IEjnyq6hSHycYOm652DhH+jlu5m6PGEQftAP4fj/6q4kwpGRg16UzhYqZfogcuMB/hlOB2SVkAF1P5s6H1GtRgofDWbzUhbGtOvtFjkjx73cbmsfsCwm07vRkA2W2SSAgwonx9OdbRjESaeIw9CY85TOFSNbLOeKqc3afFwfTCgT0fbG7gHWkdpFvDchz2w2vwkzlQ9hUYqkQ0Gc4+ErSiPvYTaknODNE1J07Jtw4Aw5ZmFIe0B4YBbGRSIE4bjIeQD0LaGpr3Nb9qqpNoEYyXsI8UxE2ZNIexJtMU88ao592bMwM4/vDOduWK6fAtgyAZf2/ENNEQGXdGQRRWeuQ0DFhVQ9IrmUw4SQUkFo/LSIjZyPCD5+baTtAJY7KXmQj+YOxKGPhfv/UymnQot7Af8c9ZZScGHs1fxyPXQrFNITn6NbRdrvkP6TNWCuDgywWoxN9+DaC2K1Z7sGL6NmJi/xlbJ0SJhOy2sUiNPpeY1DbNg3VXQt1rvCmMmGSERp0qYrDvaG40q6un+//ChsGcqFvIwZG0wn8Lw3yDcE30efJoFVi8WipXYNvmrXys06yrIUxXgodzvtbrnWgWGv1fSu1tqL+H5NuVWroXbr5cae0nd0bgCps3AT4ZReNpEPMUNtD4gcwPhq2DyJVcZ0jyrrXlYUKWqBUXT43jGexZevKa8k0m22iCAE/h6keIdCIZcbNHochTk0QNDkpWvoT0aL5cfRYtx/6QhxSCfZhgBPwqrGOvX0skD8r3mgLjBr75rddhu3S18hfWlxm08Ho+H9fMQS0sTzBoV6eU3iIr5wvyG+CI4etuKjEA31IdxolKA/bU8X5RlIOgZHNgiiuc7WeXAs1HnX2OaRjT8h3BF2j3RJMnKPywpnm5wSOZIHKJtzxM/mCQreGkd4IksqIa5wNaxPiJJsRXItLpiVhThtkYxWZ9XmdbXc7gBINR6aq3JX19WyphvNxqr2YHSawTHfk4dvD8SjWTOQk+XAS8EymiNlcA5orZCzhXWgTUWV2m1QIxPwltk7y7qxtM+Oi3LnyV9zuDKdLcfTSf9WOrTBiqiWCOZEMhuLmfCAMg2CEpREuhazkdRMYp6uct7FP2WN15Vyo6V2yhpwcxmbUvTVqtlpdRJIIc8wA71RLykD4z3+1mtIXraQxrwsg3ViMJKKW8d63oYV+ak1Vg8vMrkf1bCmrybIQjLt4aU8h+B0gNZopjNoarejdNQ0gWVAdQlMdQRWHUBWp4Krw/hKkDa9qcKIRE5RwCno+IUI+UUo+UXr3+PqRdh6jK+HGHsyZ4+wdp+3ByF02CP3EKWhdLjIKNIAoyxFfUafJJ0XPXox3YbPLaUNVWqQrF6860/uZb14nqGtt1NCSgthZDsN4EIWPU4TPwKCe9KqJIFtN1SN8zoq2RUdkTiFK+XVAwzoPnaPNhSotSEnV6NA93ZrDdigWutb2daMxi1YUo+a5pqJePd81a23EAQpt1dKmzwXwIcHkCDe/arVTM+VPyYV2aT4fJ13I3b6YhAWoTUJoqXhmrdbBZzsS2XRwIGyeX3fH95dCr21TkVvDCwaD/oEFVh/sBx/Gi//Oxeh6cbKqNcfauWWbvA8EqcETEbEQvWGdWiRkvtXgYyriNvFEHjzWN2gUt3+R+BJML7ZWbR81qzh+md62kKGwy/DVl888yp4TnT86faXZZD4zo/9paBXTtQvDc32g6kHZ5+F04sTbvo72vEiKPLmRlijx3BAICaE8PrSOnHRdOJqPuBeMjrvSuvji0FptS/nvwb1Dmpajx3uekWFM5XnTk0GY3pIzdN27s7LHPLxZDnvfxpNkNqXFmY4Hv95hyNEZjImZrQFIQFSa3rMc6913Niq4iTJ4Fj7MpSHzyLkhII2oimCsMUoGkvltoMJDjfrVTOzxjfkxx8cmwqUcwhfSLELsUR2mGxvt9FWiUYjgtm7By2IPkQG52JmDYD0mAZK4S2thSZAPV0DZYqNepeXu+qqXm4aQLfNh4eGwdM95cXfYVUu9EOBFVOa9Ub7BPchL0sx/zIBmNiPUEVKi919qN7dsrHQWkRettjBBRC7loiX9R2lGweUo9wo19fcczcDiTxEGZlw++W80QEhqIpFhPXA7AbtHWRXxrZeyQLZ1IT5I6bXFIqa7C9nZBPWOd9c7ptZCpbGgScaSgpKfU2YbDC9m92GdnHxeiJlAItnRMqaSq1LGaULRcrg4GytUCRi3RI9ASvT67TYGMATWL5RStd9z19TqYfOvOfN1nc2Hnta01P3O3pojD2Gj19rKLtCTtcztcrJYTJnRcH0Paw1fZ8bCo9x0SxYG5O7xxBcQkfn6cQTQmqxQtQAZLvKCrF4va0EcGtVA/AqgFtyQKxZV1V6iPmSbNdQpHMGuot5K1nKr4RuBUAN9FBq9ePYR3SQANhgGGUh1DpcB2Ru26d5OWlLYPPdBnEkTV41yV+qEFEKtN2//wthvvBJ6bEdYb1kd+dL7Pkup5LjcrI+Iga58p5xOSVRazSgYyCQncs6iLSSvs+mSOdIQnei1OTwevZzElxpR/hRYhlZ12TjkiRlOXkSj+ejm/n35eex9EnM5TAwFZDxmHJLO39q/XRtlIFfSl2tX9AMpTaRmlS8+ufrxSVRDR1aeq3WuLB4W1TYStHBJ25ZLxfDnObfAxpNZ6M57PynEZtMlyN2c3s/Hr4OiNSuJC55SgJrqoLzcDEJXNzPPwDr3LKQFAidSKTIIKNccuUgJLUJZ+KWzRGUgnFgt0DL2LNkNr8TP+PNxVnP18LbRgFvoV1a35y3+2TJ8Hm/wWkwmNKkwMC3GgKMIigKGNzf0pt8QChn81wMdb+VQMxu+xM2vWHL+ai/vBtNlq/H/1Fqx/wfAWZocoa8nU0vPxIlgeGkEqgRbeLnv2WJ6rTb4pUDF5KoJb0qTrxICdfsbGlBltbFQhOEF1aOC59IxP2eTMNf0wmo/ZsUJ15zzUgsip/KmK2viSj0vrEoS4/p1vkt6EV1qbv4kuRUqql5ev4qrF7Jm9W4lrLp6Gmkb0bB1NSdzGTS8PiWhApOqY9IQNb852lpr1zipb7coTd5pSPsKUHMKY+IZbKgNgLgylBWml5W2gbKpZRus9zp6vT+QFVZ6Z1ad9WU/Y/vX6ScD7Zs/nTcl9NFfeq5cfWDmZdvqRYnoMfrsotBWOh0tRirRjrjiQwucvVjoY6kIiyVKvcuVYSVXVCOmkzRPkdNppXMD7VQrBbUdqMGuHnpkpqBXFITgJeL6wd6N6OqvE79MF0sEyw9HPc/TKaL8eIVaYlmkXPUuSCALiBD9kDnt8o51gEWprcymV787LGphVfpzavaytNR2PI9kPF89Lo5fCzCnGV894I6vMhzShPt73u1taOT5CBMGfDpdvillBKKYmUPFzoTYpPRH6odXgr+UExyMvhzeZDGp5jP0NQeYaIgyKg7QT4tDfi+IW/yV3FO0PorA5pnJFXOh+JnZZrPS6x899RK2ukrTK8E5yBV0ZTudmrwM9/uHsuyFBnew+HUdgNplpOzBemYqXTgvyZiCpXwHRFB/NzAcLQYzMeiIPv1WAs1rjxMgcNus9m4YLg+lwiFD1hIbXKwwDJ5tQh70jy2QkXT49qP3lgdqjj7kXa/eUvxFoDA4H3uCAHtUPCH/tB8RLK3IgK/n1sWA5s2ShS4UWF9ZnBfQy7agKrS6e2QaCz92ZobalU4+Bqz5ChegFECIBy8kxClDPT+ZvxXN0VpGxYuFinCQzQCvc+eqnSxCY+hxASn0KucgWxOeTZJLFwi+XgBNDYWBvvEp5vYRYVR6VBkLzdyT35ms9z+FsKY7LpYGJM2Jwijr/1KD1UEojiyjcAVZXMUeSPd+8yoBoxk0QsCeYjqGkIQz2HvS5VHsqfRYjm+6y/hv72/nU6H7Ha6eB0AVkhB4RNftQta3cPEKJSGvMY5YnGHQ77RrO/K1JvxZDiefFi8ItvSOfORvktG3PcJU8jUqEGe48lSeZoH2ARoZaRqWmyzQUIBShrHWAQ7khyN0AQPDgqXIrOj0e+OiF9lEI8cCavj8g10Av16DPNgQTi95JnpGqpz3ecKe29xLjrQWNIfzeHCJJBdyluaWrqmt5CKH0cxYJKoXn1nEdCX1kfT53Wul67XWJXrrh3TkDs8AXuy5GdYrOeU+XN8sZof9VdpJ0G5YLY5/sWXkFNnlGHFMvs7KMNC91a7K94PcLZ3sAgP44wOo7SI+J2oL3uIIvhZi7jzCa9Vjebde7lqeOPlL2kLiJo/cPJuzlPqQv5ZKiR145/nhKq/hxPaULsNVEOdmk5MkShtj8jVgSBvYGp+nNYfp/X3dlrrv4fT2q01mp2XVTXTCxldeghWQoQ/zulvU22ZuCrjO8qCL1+Rkxf8Sl6eN6dcMqG4R4FCby5qkOPNTRxm0t7oVcbCpQmCg983+ELO5unPFH0Dr7x7nlfe6pTVb8HHhAzFrEzaFMXe4uIVAIroqX8DzrfLPN3l3CYXGk44orLQrK7p/UphXRRfGTv6NdGL+qxnOhbdM2CusWrXG61Gu/ygd5ESVBt6Weu0GuU2r+uG1lF5G3ZCHq7RbMkPu/9GpvRylrCLZOjX4Val0e1S6UhWIJF5s+A5IhyDWmuLrcK4y0kWs/pazAK9lWeMytEFW/b/OnpF6aXkKaOsdah/E62SIUShZsm0y4v8ZUJ2YYzvmxuKuIJiOO+Pv7+JaFeU+JylH+Bp1tsXjL9ntllURx/czWHPDC/OxCP3SJThAId2/DTuiFfhpN63J9/vVbM/fXz9f7ZFZ8KbfAAA",
              "hash": "Njg0YzBjMzVmZDhkNjE3ODAwYjlmZTdlNWE0ODRmYWMwYjU4NjU5NA=="
            }
          }
        ]
      },
      "request": {
        "method": "PUT",
        "url": "DocumentReference/78f56ce2-74d6-8028-a5d3-5531cb94a75a"
      }
    }
  ]
}