{
    "resourceType": "Bundle",
    "type": "batch",
    "entry": [
        {
            "fullUrl": "urn:uuid:79229697-621c-1df6-55ec-f6e52c9fb4aa",
            "resource": {
                "resourceType": "Composition",
                "id": "79229697-621c-1df6-55ec-f6e52c9fb4aa",
                "identifier": {
                    "use": "official",
                    "value": "2.16.840.1.113883.19.4.27"
                },
                "status": "final",
                "type": {
                    "coding": [
                        {
                            "code": "18748-4",
                            "display": "Diagnostic Imaging Report",
                            "system": "http://loinc.org"
                        }
                    ]
                },
                "date": "2005-03-29T17:15:04-05:00",
                "title": "Chest X-Ray, PA and LAT View",
                "confidentiality": "N",
                "attester": [
                    {
                        "mode": "legal",
                        "time": "2005-03-29T22:44:11-05:00",
                        "party": {
                            "reference": "Practitioner/e1ba9b33-b82e-7558-1732-131914e8e2cc"
                        }
                    }
                ],
                "event": [
                    {
                        "period": {
                            "start": "2006-08-23T22:24:00-05:00"
                        }
                    }
                ],
                "section": [
                    {
                        "title": "DICOM Object Catalog",
                        "text": {
                            "status": "generated",
                            "div": "<div xmlns=\"http://www.w3.org/1999/xhtml\">DICOM Object Catalog</div>"
                        },
                        "code": {
                            "coding": [
                                {
                                    "code": "121181",
                                    "display": "DICOM Object Catalog",
                                    "system": "urn:oid:1.2.840.10008.2.16.4"
                                }
                            ]
                        },
                        "mode": "snapshot"
                    },
                    {
                        "title": "Indications for Procedure",
                        "text": {
                            "status": "generated",
                            "div": "<div xmlns=\"http://www.w3.org/1999/xhtml\">Indications for Procedure</div>"
                        },
                        "code": {
                            "coding": [
                                {
                                    "code": "121109",
                                    "display": "Indications for Procedure",
                                    "system": "urn:oid:1.2.840.10008.2.16.4"
                                }
                            ]
                        },
                        "mode": "snapshot"
                    },
                    {
                        "title": "History",
                        "text": {
                            "status": "generated",
                            "div": "<div xmlns=\"http://www.w3.org/1999/xhtml\">History</div>"
                        },
                        "code": {
                            "coding": [
                                {
                                    "code": "11329-0",
                                    "display": "History",
                                    "system": "http://loinc.org"
                                }
                            ]
                        },
                        "mode": "snapshot"
                    },
                    {
                        "title": "Findings",
                        "text": {
                            "status": "generated",
                            "div": "<div xmlns=\"http://www.w3.org/1999/xhtml\">Findings</div>"
                        },
                        "code": {
                            "coding": [
                                {
                                    "code": "121070",
                                    "display": "Findings",
                                    "system": "urn:oid:1.2.840.10008.2.16.4"
                                }
                            ]
                        },
                        "mode": "snapshot"
                    },
                    {
                        "title": "Impressions",
                        "text": {
                            "status": "generated",
                            "div": "<div xmlns=\"http://www.w3.org/1999/xhtml\">Impressions</div>"
                        },
                        "code": {
                            "coding": [
                                {
                                    "code": "121072",
                                    "display": "Impressions",
                                    "system": "urn:oid:1.2.840.10008.2.16.4"
                                }
                            ]
                        },
                        "mode": "snapshot"
                    }
                ],
                "subject": {
                    "reference": "Patient/ed5160e5-df41-5e17-49f6-a8e0873676bc"
                },
                "encounter": {
                    "reference": "Encounter/b4d9de2a-5f31-773c-6bc9-a19ddc23af7d"
                },
                "custodian": {
                    "reference": "Organization/93f37570-5790-ddaa-f614-1a827f39d4ce"
                },
                "author": [
                    {
                        "reference": "Practitioner/7876b236-bb9c-7e0b-4e50-d35b6f2ed1b2"
                    }
                ]
            },
            "request": {
                "method": "PUT",
                "url": "Composition/79229697-621c-1df6-55ec-f6e52c9fb4aa"
            }
        },
        {
            "fullUrl": "urn:uuid:e1ba9b33-b82e-7558-1732-131914e8e2cc",
            "resource": {
                "resourceType": "Practitioner",
                "id": "e1ba9b33-b82e-7558-1732-131914e8e2cc",
                "meta": {
                    "profile": [
                        "http://hl7.org/fhir/us/core/StructureDefinition/us-core-practitioner"
                    ]
                },
                "identifier": [
                    {
                        "system": "urn:oid:2.16.840.1.113883.19.5",
                        "value": "KP00017"
                    }
                ],
                "name": [
                    {
                        "family": "Seven",
                        "given": [
                            "Henry"
                        ]
                    }
                ],
                "address": [
                    {
                        "line": [
                            "21 North Ave."
                        ],
                        "city": "Burlington",
                        "state": "MA",
                        "country": "USA",
                        "postalCode": "02368"
                    }
                ],
                "telecom": [
                    {
                        "system": "phone",
                        "value": "(555)555-1003",
                        "use": "work"
                    }
                ]
            },
            "request": {
                "method": "PUT",
                "url": "Practitioner/e1ba9b33-b82e-7558-1732-131914e8e2cc"
            }
        },
        {
            "fullUrl": "urn:uuid:b4d9de2a-5f31-773c-6bc9-a19ddc23af7d",
            "resource": {
                "resourceType": "Encounter",
                "id": "b4d9de2a-5f31-773c-6bc9-a19ddc23af7d",
                "status": "unknown",
                "identifier": [
                    {
                        "system": "urn:oid:1.3.6.4.1.4.1.2835.12",
                        "value": "9937012"
                    }
                ]
            },
            "request": {
                "method": "PUT",
                "url": "Encounter/b4d9de2a-5f31-773c-6bc9-a19ddc23af7d"
            }
        },
        {
            "fullUrl": "urn:uuid:93f37570-5790-ddaa-f614-1a827f39d4ce",
            "resource": {
                "resourceType": "Organization",
                "id": "93f37570-5790-ddaa-f614-1a827f39d4ce",
                "identifier": [
                    {
                        "system": "urn:ietf:rfc:3986",
                        "value": "urn:uuid:2.16.840.1.113883.19.5"
                    }
                ],
                "name": "Good Health Clinic",
                "address": [
                    {
                        "use": "work",
                        "line": [
                            "17 Daws Rd."
                        ],
                        "city": "Blue Bell",
                        "state": "MA",
                        "country": "USA",
                        "postalCode": "02368"
                    }
                ],
                "telecom": [
                    {
                        "system": "phone",
                        "value": "(555)555-1212",
                        "use": "work"
                    }
                ]
            },
            "request": {
                "method": "PUT",
                "url": "Organization/93f37570-5790-ddaa-f614-1a827f39d4ce"
            }
        },
        {
            "fullUrl": "urn:uuid:7876b236-bb9c-7e0b-4e50-d35b6f2ed1b2",
            "resource": {
                "resourceType": "Practitioner",
                "id": "7876b236-bb9c-7e0b-4e50-d35b6f2ed1b2",
                "meta": {
                    "profile": [
                        "http://hl7.org/fhir/us/core/StructureDefinition/us-core-practitioner"
                    ]
                },
                "identifier": [
                    {
                        "system": "http://hl7.org/fhir/sid/us-npi",
                        "value": "KP00017"
                    }
                ],
                "name": [
                    {
                        "family": "Seven",
                        "given": [
                            "Henry"
                        ]
                    }
                ],
                "address": [
                    {
                        "line": [
                            "21 North Ave."
                        ],
                        "city": "Burlington",
                        "state": "MA",
                        "country": "USA",
                        "postalCode": "02368"
                    }
                ],
                "telecom": [
                    {
                        "system": "phone",
                        "value": "(555)555-1003",
                        "use": "work"
                    }
                ],
                "qualification": [
                    {
                        "code": {
                            "coding": [
                                {
                                    "code": "200000000X",
                                    "display": "Allopathic & Osteopathic Physicians",
                                    "system": "http://nucc.org/provider-taxonomy"
                                }
                            ]
                        }
                    }
                ]
            },
            "request": {
                "method": "PUT",
                "url": "Practitioner/7876b236-bb9c-7e0b-4e50-d35b6f2ed1b2"
            }
        },
        {
            "fullUrl": "urn:uuid:ed5160e5-df41-5e17-49f6-a8e0873676bc",
            "resource": {
                "resourceType": "Patient",
                "id": "ed5160e5-df41-5e17-49f6-a8e0873676bc",
                "meta": {
                    "profile": [
                        "http://hl7.org/fhir/us/core/StructureDefinition/us-core-patient"
                    ]
                },
                "identifier": [
                    {
                        "system": "urn:oid:2.16.840.1.113883.19.5",
                        "value": "12345"
                    }
                ],
                "name": [
                    {
                        "use": "usual",
                        "family": "Everyman",
                        "given": [
                            "Adam"
                        ]
                    }
                ],
                "birthDate": "1954-11-25",
                "gender": "male",
                "extension": [
                    {
                        "url": "http://hl7.org/fhir/us/core/StructureDefinition/us-core-race",
                        "extension": [
                            {
                                "url": "ombCategory",
                                "valueCoding": {
                                    "code": "2106-3",
                                    "display": "White"
                                }
                            },
                            {
                                "url": "text",
                                "valueString": "White"
                            }
                        ]
                    },
                    {
                        "url": "http://hl7.org/fhir/us/core/StructureDefinition/us-core-ethnicity",
                        "extension": [
                            {
                                "url": "ombCategory",
                                "valueCoding": {
                                    "code": "2186-5",
                                    "display": "Not Hispanic or Latino"
                                }
                            },
                            {
                                "url": "text",
                                "valueString": "Not Hispanic or Latino"
                            }
                        ]
                    }
                ],
                "address": [
                    {
                        "use": "home",
                        "line": [
                            "17 Daws Rd."
                        ],
                        "city": "Blue Bell",
                        "state": "MA",
                        "country": "USA",
                        "postalCode": "02368"
                    }
                ],
                "telecom": [
                    {
                        "system": "phone",
                        "value": "(781)555-1212",
                        "use": "home"
                    }
                ],
                "communication": [
                    {
                        "language": {
                            "coding": [
                                {
                                    "system": "urn:ietf:bcp:47"
                                }
                            ]
                        },
                        "preferred": true
                    }
                ]
            },
            "request": {
                "method": "PUT",
                "url": "Patient/ed5160e5-df41-5e17-49f6-a8e0873676bc"
            }
        },
        {
            "fullUrl": "urn:uuid:c381d143-1762-43d8-9fb2-df8fc9e51d77",
            "resource": {
                "resourceType": "RelatedPerson",
                "id": "c381d143-1762-43d8-9fb2-df8fc9e51d77",
                "relationship": [
                    {
                        "coding": [
                            {
                                "code": "GRFTH",
                                "display": "Grandfather",
                                "system": "urn:oid:2.16.840.1.113883.5.111"
                            }
                        ]
                    }
                ],
                "name": [
                    {
                        "family": "Relative",
                        "given": [
                            "Ralph"
                        ]
                    }
                ],
                "telecom": [
                    {
                        "system": "phone",
                        "value": "(781)555-1212",
                        "use": "home"
                    }
                ],
                "address": [
                    {
                        "use": "home",
                        "line": [
                            "17 Daws Rd."
                        ],
                        "city": "Blue Bell",
                        "state": "MA",
                        "country": "USA",
                        "postalCode": "02368"
                    }
                ],
                "patient": {
                    "reference": "Patient/ed5160e5-df41-5e17-49f6-a8e0873676bc"
                }
            },
            "request": {
                "method": "PUT",
                "url": "RelatedPerson/c381d143-1762-43d8-9fb2-df8fc9e51d77"
            }
        },
        {
            "fullUrl": "urn:uuid:4462b2af-cad5-4826-1853-38d52e64fe60",
            "resource": {
                "resourceType": "DocumentReference",
                "id": "4462b2af-cad5-4826-1853-38d52e64fe60",
                "type": {
                    "coding": [
                        {
                            "code": "18748-4",
                            "display": "Diagnostic Imaging Report",
                            "system": "http://loinc.org"
                        }
                    ]
                },
                "date": "2022-03-25T13:32:47.511Z",
                "status": "current",
                "content": [
                    {
                        "attachment": {
                            "contentType": "text/plain",
                            "data": "H4sIAAAAAAAACu1ce3PaSpb/O9+il5nacaZiQAJs7MG+RbAde9cPFpybVG1tpWSpDZqrB6OHbWZrv/v8TqsltYTA4GDf1N5QeUCru0/3efc5p9X75cl12AMPQtv3jmpavVlj3DN9y/YmR7XPt2e73RoLI8OzDMf3+FFtzsPaL8c9GrYbRnOHh1POIxbNZ3gY8aeo8RQ6NTYN+P1RbXDSr9NPDPi33V12a0cOP2Tyc2IbE88PI9tkF64xAUA24jM/iNiZ7XDPcGXXwS6m+TbSv+UDvskB35IBddrDIOBGxC12N6dhl4aHRRts4Hth7EQ0+afAj2cf2OXlgLE/XxphNJga3oRbJxh2yPSm1t7VtF1NZ3rrUO8cNg/YbrPTbLKdL9z6wNB+7T+Ibu/ZnwHhry/8YN+h6Ri2y4NDdju1QxYa7szh7B67ZqaPddteyAI+C3jI8SuyHzizjMhg3OEuWkIW+flzZizHZJ0BgpzZ4jPbxFgDP80I1DYcZk6NwDAjHvwlZFNuONFUAKqzvjcHhJC7d47hmZwAGmjAkBlYxfcYlm36tmfaFi3RIUA+sx0nDqMA+GRGyFwDkxTXjdaZH4b2ncM/sAgrMx3bs01MG5qgeGD7GDVnnh+xO85mjhGLvnIbYi7bw8AS0vCThthexD0LLFBAT7JqYJFW8AHr92mcH+Sw+QM9EkDyifHN4qE98ZL5sJw4xFeAB4n+HnsChezRBspoI4JJ2SCd8tqPeAhizJKdG6LzpxjYqr+ccXZ3j3sphBPfjGlmBtb3wsOn0D6qTaNodthoPD4+1h9bdT+YNPRmU2t8vbocm1PuGrvgKwiFyWvJqKNaHHiHU2d/F30PH1qy+dC178uPGmhLH5uWsWxkaEVm8Rm11I7fCfHHFghJ59yweMCSDb3rEX3cgW8R71vQIZ/HtQaaSaFcWCzw/eiopte1vXq33axrdU1rdbstfAFQaBvuJYpreDM4+XZ+0sSn3RQTEMTPY/aJezwARSTUWw6aEIMK2JH8tQpQs67jDx7UtQJEoTCae7vNgwzcco32PWA7q8DaK6Y4qLfr+n5pdHOv2dW72j7+1fY6ySRmjn2tu9/u7rZr4ud4HmKpVXPvETLyLtdQ1ke1y5uL60GNWXaI3c2TtqUoSYhMBuF4MOVhxL7ujoz5BzbsMxgbdtm/Zb/a/LHXSPq86/H7ew6he+C3UJ3swXBiLvbTabb0A21f6zTbQl/LHXn3QjXZhmNHc4W9rp/bWqeud8Qc0HyT2JhwZTD3diV7hjwC9RTMavgcHDR14GU5QcRQaWyvY/cODCk3oolHATf9wLo1ggmPjt8Jpro+/cIGN9dnpHjZnRFyIUO7qUYb+dBV4/P+5aXQmFLn+ffsv7V6/a//Q+z2rqf0xU/BNOrK9VYbPLaCjQQ+MM6wrIDU4FHtfAihpiaoe5j/Ph7wMLy0PX6s7bMT4zFkI6veayw+FqNM0OT4IzbOPnLH6TXEbzkf5OL4qk9D6ZtohM2AjSE6HDf11l6311Bakgn92IuC+fHnMUamP+hBg9YsvkWwQqbvpgjHz8Od/a72vtPpwOhrei3bWbJZibRkfvJGkueXycbf9SZgRe+4bxlur5F8T9rvDdd25senIPMcJrDXkA3iYYMmSr4algtVLswlRkNNQT0prHb1PJ8KnqGp7uwgmqpioR102pqW8DF1cGFaga8xUBqHRSAFab0ygsDm1hoisij9V2UYKfCAO/bE9uOwfw9rbQtbqKxBa2qt0jIG0wCIsQ1vEcr55T4UiJyQKTOyNfDV3N/LFmWYqmDrGlRqeRlfpnbEn9eEequ7uM4R5mf/Dlfib+w0msJkg8MhtYOTQboCLpqFU1pYSHdvt1NaCLwJdo4GAwPIc7nEjj3/1VYGrRdYwL5kaMU6fBqd3Z6XFvcpgL6+N+AEBWuQQNOW0JT0GD2Qi6hSNi9VN6sUzhKVs47SWaF2VMWzuepRSDAU3nYKLlMeuf4ZGc5sWlBAuQqCnAjdUlBBBSWE7xWQ8kZFvYDgZjpI+Z7QKYNcjcu1kLkKm0V0NnL4vUZpcYrVdt2YXGVSDnJghUW/D3YH1xnaXbQpD0dfRiVmH3GTA6MW+wJlBwv6PMfvNSscJbmO/h20VzS/Utl+Fvg4n8HymPNLHEwEhlLpK0ue76+hqve0ZxcwzGEq6+D3PEATv4A7lnJuEGdqvbEU0yBQbjtpQw9wxYKbYAL99c+cHs/4rpnxEtxKeyUfno6oyRlItaVrCtiXVMAUpq1QKbqG8xu4ivVJdpboFKlS4gCLmUS+p+qUajFYQwiWi4DiyDSWYDRDe+Ln9RpFb7JnxNHUpyngdi960LrehsuQedDoHian3346rOw3/ucQhy0N54tlRGzXpblVTQjgJZ+va5wxmlqJ5fuO42OXU9jBxITdYHTaMpzOQ7Cx4YWKv3q8BpGfc1SriPzGnio4OeHmZrNV4uaMUqoKV1R8YhvOuRfMKz3VMcU/lripWFV58rwp5Qy0pN8oRHOKMEzABaOlPdEk8fas0Ksc1m7pHf0nLd+ClimFeo0CCXsmAnq+dAUycg6URvLv5bFTefDWyj4Tj2XKPms7/h5HcoUf+co6fw0k58RU6IMZlR+2d+8HrhgAT8aeSSPdSyOnauPS3tvULstAUCREOFqLjPQshwjDVzWYwC3sc9kaeg6fGA6pOIoiwbnZwHQSFXAKDlRfUoSNlmnETaxqKR7z0769gU6s4gXhT/3kjeiPzhslNkDcMMAPG8GaJCtK28fB8fSMTA+t14eLGqUzIAuFpqTPcHTzay1VCV7sOGeO8eAHiP9cqAHYyicp3qqHZUBXoqmPcKVlVOKpL7ddDCX0whgBuKfjqxMYveRrBQrLoNXGHI0K2oShOosdxPYcynHd3NMoHGWEU7kQvm52EMDezyLYWl1PFKbW2oOu1Ot7ev3goN1st/e7nY7epZRIghZK2bD/pVH/h0YKmhumCXtP0UQvic4D4ZRSRtjdYmj1FYNCWUXfsc0526HkYxp6R4JwPEqTiFaapbvjJnKZXCwxTVeGM1ibe1ukrNnJxeDm6r0I11fG5/X1t9et2l6XtkcIxaYEJn+4HWrr7/CgaocHtEMRCPoBdthrSHYl96LEyr10RrGEhLlDHjzYJkfSAIAUldAf3GYaYU3saFpb7yL+r3ebHQVPYRRbc5ZmgNnnixO2nBat9Wmxp8BISbFHpAj4P2Lk9YAaxCtMbsEdYgD6+/CbEoDYb3ba7YW8B5Qb5SgBEusgBCG4ZfuTwJhNkZREbYT1N5Hs9+NI1GgEqB9BrQKOScgw7oTv1whmVORMBsPbtsRfIb2ZqFHHf1RcTcrbtnT4ms1m7mqCvxYG9pApJI8WrJ/bn+FI2J93GySfkT/IU0yLfmsF58BAI+GwxjGPsWJIqNsZNfWmvm5IaCGBIA4CpgEOG8rYGLs1nnzPd8FL5xfDfv/98rz0yLBs3/EneexzqZl9xtBW+yMFU5sZW5nj8viS4P0A8lIK3C+zt6rFrXRbqhwXES9MGUVoLFUHiUBAWU0JGQfne2F2YBJGMxE1ElJZ0EHsZWUVKjkTfj0bXQkvCMYeT9Iemf4Y3wzZhaqhdnAW6n7Aeaj7niAtqoFcha2rr6QgZV90/ME/9cSmCD+ksDQ6TRb2I6oL3BmK4VLPhOrl3Bkh2JucesKvrfRUDg5a+01SA+laiaHb4G76q3dbSI+l0a5lxQ5K8UbaMwU4rPQ7+7fXJy8RfH1F0cma+qAtP2sEiMsh4u7JRiHiLeiDtExoSPVwkII30gWUZYEUnwSIOcnvRTVxZsyXKIgz8d/K3N7aiqCKiYQ0LGFtOr0pIpALhPBlkCUyKfphffStBID6PJH1lxbBlUriqj6JNrq5+zskiA0QzYRuZ2MSJ9/bFthE75DfltQBKi7byc1gfAq3jbmIUSVNp79ep3HHDYSQCs4qpANmVusWmF5Re6QvyWxDryyKxcmgXO9RhaoMJlfzr69LsjE5p1umDQmgueBMV1JlU+WYaa3vdMwXSKu1oGi3Q1qBUgXM2hYlJXeZRlugTCXp4UGjVPZ1gWUsIbk6qYxAafjUninGEsKQlZpsxD6bMBB8Ddi9Vo7sF/kvcFvATu1up4mDszpVmZ06W2InQSZlw+96/4hRW4nTVlb9kZk3RVO1DrYDHzUSopKzdsxUGyeBCnaWUAej7UBEWcMspuOrOB8kJ0EBXQBTEdGowARZyLy0ZVP5q5bAV5HBsT8ruNxvATMXx3SjOor6ZLlJyHZQrY7TdV4J/L44Yn0RprDhHZ1rjAUr/eni6tNycd7UIsiY23cI9MKBpKAhSoJdYOmOPEGIAvVVnF9ZtA3GB9nX4H1Rv41aY0S58b+QhCKLC5w9ISrCkW28FfeBjNkM8RyB/IZlwwssoJiOipLoqUAoVxj4kzjqiXsMj4bl/yIDSmLmL/2TG1EAIsJa2MDRRuY3GSpU2lpjq7SumMMXrtNGcywSWsxEQSUwttjdItoKrCBkJkdd5DNbkEZjO8N+UVZIERFRCi2rVJFcVQEggpm5EKkqbkEQ/0hCCkb4KaR/BCFNCL0tIdXZzoJFe5GUYlnfK6UIBpgZ0OUdlW6ykwwlyNPvGxzqT+EIIAD4hmd7JcTxqiGMETfoPiUiqjJFs9Xd0LVJP7AnNiVXsjBtlkSJpoZInrhgZlh7y+dJIkXeQkVot4bqX8nloVjkME3m1Jgkf11czjSiKLDv4DQkrMpqysboguQoSwcpM1CAt938AAdFfy/SK+J2J3WWcmOl44AW/E+SlAzpI5QqYsLUHVuiDA2ifFMjRGaIe+mOYrpVI/rAqMTuTFgYsWtqk4PKS88mkT5RcgOUfFHbM51Y5K/mYgJRF8IKFQD1UmioOoCDQOpWDinLqZPFKMX1uaX9svt10pxCCY1jyqMRpZzYm7Aodv1A0U+vJfZSxF9XHt5WtisU2TmSPn4wf+V4ZAXTaShU221u7V6n3EeJzWRrBVNJS4LsiiGOE3n4yxBCmQ9NG7IOic1F7vioduZZ3kSrHY99hPajaeAbEQLnskdmrUpAVNu6ENTMCBIkF3XlVXW2c3v6VbXSy1zUm4/j7cQU09RPhbaAyd+OtigRbeOoYKIen0L7MHndw6lMLVWf5f4kqZWPL4ROKvyV39m7eFXZ/B11DmNnNvS/NwnfRu1slOPI2L7M9PtbYvp07yVVlTa/RFfJsWvoKr12TM4RUpGIo4jACOX8Y5ecLunveJRLd5hjuza9hIK6I8eOEJghPDPbQnkzT9qRIXyge6/OnN5NYcJpoSKamSGucEqfpvQRMB0GF3AaJfZc3CEnF8d0ODKklpga6pSypZ7PPP4INwf1SuI9HsmC8ARLMcSzADlAeIqU5M2BOvw+YlPbicMPLIxRVmD7ARa5A9guR8awvCrjjupo2h3XfV9nfTa4ZaFpiJeK0J0lFxqYnCzyAe7jgG6WMk6qQ6gKiQqHx5SvDbF7OK20eLGf5OmDHVJI9p+YxI1DM3b88DdodhwXWJadXMg5kINHm4nhOcIpvLNAME/MjPDoHYoOqEPsBdw1gt+o4XnTs4qJTiRuVnMR9QITEaq+C9rYjwOoZmi5KzhY2D5ZudWgxxhwc0/ddUXNgxt/O49cR77h52fArjoWkLzU4hti2KgelyjL7eCLPZYXeCHixUsUl71RxioJsa15KftbSkpL7fqmXoq6rWKCR+APCpEH0JXsPkC5h5tL0LqZxfFwlBRyvpSMGxNK1hUukkpv72l0CXP/+bPAwd4ivcbXN1enJ1DZC+8osGLoyBBKtxjaldGH23J8a5ESia4rxbQqhy9k14hIMF5JhCM/zzNxK6vwygvyu2AJuAVApbTSMwG3A5X5K/hs+F+1dBS9TyX2bNDILaQ8eqJ6LuEQuR50eJYOFW9x+Dz4XHhDyK/5G9yU4oIFbq7k5yQwuXaKbfz543/8ANF72kdSH6hpnc57NWZUriMsxVpfITlXWExzYTEDwopSc/3/OqlXjnsPRlIuEz5Djgr+GX8sh8B/ZgNflg3cQoIv4V+FZ88CcExYZtZNUnrL1cLo5uIjalJX6IWNbZ2shV8iVwi3Hqx1liy96aOEjQUYm6FDIvkjHZ8MBBmqvbHvcRBehLpC0Ul1CVFrb2Pkibca0WFDMhKd5E6SDhXwyob04hrOhfpetGL36jzXsxnpVUOfGSgoN4yDmY+js4hRp+ptAwkZjW9K1HoxlTejcVqzXUng/nh8Orq9wNKefZFMwaOsJNwAYp0LXfHCy3eUnlUdXReEa5mfucTXVA+3FRy2dLLF8q8Xs9WLErYVQ1Ylbn+0EOvrBiJ/zxjrhUv31cgHf6Moa/n0vSVpU/ZRziHmT14SNM2HrxE3bdWOr5FyNekQlwRPZ7Hj+h5ZTnGdMERkclQIRSKUKsKQafwxjUcuRhCTt/Yi6FiKN5bjgWGSPnbm9NZSxGjprQ6eCUhJkpw/Jcng781A5Yh5jSTU24V/WttmwDeNALVemKcqEZRqxouUqLrOuznm1RsDwhvJ7tQOiPdA33Q6lbila6/dF197fZU7r9lm6G3Z8l3oYsX0Fm5I2zSiRIcN0tOVPCrbSKpDRJ/0bdxKHUfpwqKI1/sPCHTYyJYwO/rAHqe2ORW5l6QEBN8E9agJPmq9EM5bfYgq3cP9ocqkLl7bFhUNrXhdUuHKl/q81yi/s/z4X4Z12sV1YAAA",
                            "hash": "NTYwNTM0NGI2NjgyOTZlMmMwZWRjYWZhYTFjNzc1Mzg2ZjE5MmQ4ZA=="
                        }
                    }
                ]
            },
            "request": {
                "method": "PUT",
                "url": "DocumentReference/4462b2af-cad5-4826-1853-38d52e64fe60"
            }
        }
    ]
}