{
  "resourceType": "Bundle",
  "type": "batch",
  "entry": [
    {
      "fullUrl": "urn:uuid:5d770c51-45c9-fe1f-6a52-d3fa6a9a3a86",
      "resource": {
        "resourceType": "Composition",
        "id": "5d770c51-45c9-fe1f-6a52-d3fa6a9a3a86",
        "identifier": {
          "use": "official",
          "value": "2.16.840.1.113883.19"
        },
        "status": "final",
        "type": {
          "coding": [
            {
              "code": "11490-0",
              "display": "Discharge summarization note",
              "system": "http://loinc.org"
            }
          ]
        },
        "date": "2005-03-29T17:15:04+05:00",
        "title": "Discharge Summary (UD)",
        "confidentiality": "N",
        "attester": [
          {
            "mode": "legal",
            "time": "2005-03-29T22:44:11+05:00",
            "party": {
              "reference": "Practitioner/9a8ec740-4376-d542-141b-0984f6622a4e"
            }
          }
        ],
        "subject": {
          "reference": "Patient/a5e07268-e082-3212-493e-e68dd1d17d95"
        },
        "custodian": {
          "reference": "Organization/93f37570-5790-ddaa-f614-1a827f39d4ce"
        },
        "author": [
          {
            "reference": "Practitioner/e1ba9b33-b82e-7558-1732-131914e8e2cc"
          }
        ]
      },
      "request": {
        "method": "PUT",
        "url": "Composition/5d770c51-45c9-fe1f-6a52-d3fa6a9a3a86"
      }
    },
    {
      "fullUrl": "urn:uuid:9a8ec740-4376-d542-141b-0984f6622a4e",
      "resource": {
        "resourceType": "Practitioner",
        "id": "9a8ec740-4376-d542-141b-0984f6622a4e",
        "meta": {
          "profile": [
            "http://hl7.org/fhir/us/core/StructureDefinition/us-core-practitioner"
          ]
        },
        "identifier": [
          {
            "system": "urn:oid:2.16.840.1.113883.19",
            "value": "KP00017"
          }
        ],
        "name": [
          {
            "family": "Seven",
            "given": [
              "Henry"
            ]
          }
        ],
        "address": [
          {
            "line": [
              "21 North Ave."
            ],
            "city": "Burlington",
            "state": "MA",
            "country": "USA",
            "postalCode": "02368"
          }
        ],
        "telecom": [
          {
            "system": "phone",
            "value": "(555)555-1003",
            "use": "work"
          }
        ]
      },
      "request": {
        "method": "PUT",
        "url": "Practitioner/9a8ec740-4376-d542-141b-0984f6622a4e"
      }
    },
    {
      "fullUrl": "urn:uuid:93f37570-5790-ddaa-f614-1a827f39d4ce",
      "resource": {
        "resourceType": "Organization",
        "id": "93f37570-5790-ddaa-f614-1a827f39d4ce",
        "identifier": [
          {
            "system": "urn:ietf:rfc:3986",
            "value": "urn:uuid:2.16.840.1.113883.19.5"
          }
        ],
        "name": "Good Health Clinic",
        "address": [
          {
            "use": "work",
            "line": [
              "17 Daws Rd."
            ],
            "city": "Blue Bell",
            "state": "MA",
            "country": "USA",
            "postalCode": "02368"
          }
        ],
        "telecom": [
          {
            "system": "phone",
            "value": "(555)555-1212",
            "use": "work"
          }
        ]
      },
      "request": {
        "method": "PUT",
        "url": "Organization/93f37570-5790-ddaa-f614-1a827f39d4ce"
      }
    },
    {
      "fullUrl": "urn:uuid:e1ba9b33-b82e-7558-1732-131914e8e2cc",
      "resource": {
        "resourceType": "Practitioner",
        "id": "e1ba9b33-b82e-7558-1732-131914e8e2cc",
        "meta": {
          "profile": [
            "http://hl7.org/fhir/us/core/StructureDefinition/us-core-practitioner"
          ]
        },
        "identifier": [
          {
            "system": "urn:oid:2.16.840.1.113883.19.5",
            "value": "KP00017"
          }
        ],
        "name": [
          {
            "family": "Seven",
            "given": [
              "Henry"
            ]
          }
        ],
        "address": [
          {
            "line": [
              "21 North Ave."
            ],
            "city": "Burlington",
            "state": "MA",
            "country": "USA",
            "postalCode": "02368"
          }
        ],
        "telecom": [
          {
            "system": "phone",
            "value": "(555)555-1003",
            "use": "work"
          }
        ]
      },
      "request": {
        "method": "PUT",
        "url": "Practitioner/e1ba9b33-b82e-7558-1732-131914e8e2cc"
      }
    },
    {
      "fullUrl": "urn:uuid:a5e07268-e082-3212-493e-e68dd1d17d95",
      "resource": {
        "resourceType": "Patient",
        "id": "a5e07268-e082-3212-493e-e68dd1d17d95",
        "meta": {
          "profile": [
            "http://hl7.org/fhir/us/core/StructureDefinition/us-core-patient"
          ]
        },
        "identifier": [
          {
            "system": "urn:oid:2.16.840.1.113883.19",
            "value": "12345"
          }
        ],
        "name": [
          {
            "use": "usual",
            "family": "Everyman",
            "given": [
              "Adam",
              "Frankie"
            ],
            "prefix": [
              "Mr."
            ]
          }
        ],
        "birthDate": "1954-11-25",
        "gender": "male",
        "extension": [
          {
            "url": "http://hl7.org/fhir/us/core/StructureDefinition/us-core-race",
            "extension": [
              {
                "url": "ombCategory",
                "valueCoding": {
                  "code": "2106-3",
                  "display": "White"
                }
              },
              {
                "url": "text",
                "valueString": "White"
              }
            ]
          },
          {
            "url": "http://hl7.org/fhir/us/core/StructureDefinition/us-core-ethnicity",
            "extension": [
              {
                "url": "ombCategory",
                "valueCoding": {
                  "code": "2186-5",
                  "display": "Not Hispanic or Latino"
                }
              },
              {
                "url": "text",
                "valueString": "Not Hispanic or Latino"
              }
            ]
          }
        ],
        "address": [
          {
            "use": "home",
            "line": [
              "17 Daws Rd."
            ],
            "city": "Blue Bell",
            "state": "MA",
            "country": "US",
            "postalCode": "02368"
          }
        ],
        "telecom": [
          {
            "system": "phone",
            "value": "(781)555-1212",
            "use": "home"
          }
        ],
        "communication": [
          {
            "language": {
              "coding": [
                {
                  "system": "urn:ietf:bcp:47"
                }
              ]
            },
            "preferred": true
          }
        ]
      },
      "request": {
        "method": "PUT",
        "url": "Patient/a5e07268-e082-3212-493e-e68dd1d17d95"
      }
    },
    {
      "fullUrl": "urn:uuid:1aeabd37-80e3-9a71-2e7f-562c94618f14",
      "resource": {
        "resourceType": "RelatedPerson",
        "id": "1aeabd37-80e3-9a71-2e7f-562c94618f14",
        "relationship": [
          {
            "coding": [
              {
                "code": "GRFTH",
                "display": "Grandfather",
                "system": "urn:oid:2.16.840.1.113883.5.111"
              }
            ]
          }
        ],
        "name": [
          {
            "family": "Relative",
            "given": [
              "Ralph"
            ]
          }
        ],
        "telecom": [
          {
            "system": "phone",
            "value": "(781)555-1212",
            "use": "home"
          }
        ],
        "address": [
          {
            "use": "home",
            "line": [
              "17 Daws Rd."
            ],
            "city": "Blue Bell",
            "state": "MA",
            "country": "US",
            "postalCode": "02368"
          }
        ],
        "patient": {
          "reference": "Patient/a5e07268-e082-3212-493e-e68dd1d17d95"
        }
      },
      "request": {
        "method": "PUT",
        "url": "RelatedPerson/1aeabd37-80e3-9a71-2e7f-562c94618f14"
      }
    },
    {
      "fullUrl": "urn:uuid:4dfcb84d-bb7b-f5ff-e8b1-b323fb56d98e",
      "resource": {
        "resourceType": "DocumentReference",
        "id": "4dfcb84d-bb7b-f5ff-e8b1-b323fb56d98e",
        "type": {
          "coding": [
            {
              "code": "11490-0",
              "display": "Discharge summarization note",
              "system": "http://loinc.org"
            }
          ]
        },
        "date": "2022-03-25T08:35:30.928Z",
        "status": "current",
        "content": [
          {
            "attachment": {
              "contentType": "text/plain",
              "data": "H4sIAAAAAAAACu1aWXPjuBF+1r9A+JCaya546bCsyNqyZY/tjQ9Fssd5c8EkJKGWhxakbCu/Ph8AUoIuy3NVbWWXNeUBcXQ3ur8+AKrzy2sckWcmMp4mR5Znu9Yv3Y7srGb5PGLZhLGc5PMpO7Jy9po7r1lkkYlgoyOrd3psy1cs+Fu1WrnjecTa5H74OGA0ih8vGA2ZeLxj8TSiOavcCj7mCY3IJx6xhMZvzLXBv/JZC9UmEKoyYM9cvpELnuWpmLcrrufUPMd3PY880ZgEgmFhSPC4B45/qEcGD9ckTkM+4iysVrudXsQTHtDoNA1mMUtyAkZJ1n7N+JE1yfNp23FeXl7sl5qdijFIgMl/rq+GwYTFtMqTLKdJwCyC+e1MdV6lAc2V6mYiaU+igyoWtp9rpKD2KtjYtxMIbY/T53bLbbnOhOfZ9DONeKiWOpqSE4RU+EHNd3gyEjTLxSzIZ4LJfqdX8x+1ukNLy7zOsOhux3y0PuSgz+pWpJH+8ZUPIeBOtJW+lkYFBqh0YKYo7qUhIwH+HFn3Q8tBt0TYZUhEmuZHlm97TbtVd23P9rxaq1VDAxsE/Fiicdq/7Z0+Xpy6eOquIoDNAU7knCVMAGNaVFICiijeefH2FiPX9vEPA7a3oCsVcJPmACy5mzCSQBCypPWz2gmhSUhy6QLkhUcRAeZGECBkU5aEPBkTYPdlQrUvkXREwhKCPCNPTM7I8GYrZkpayTlIk1Eq4ozkKcnBerEom7IAqA6IYL/PuGCyMyNftU2tPx6a+j08PHR9z9q9/lAtUhuXf4bzDFy3zWxCj8aUG/j9kXV1e3nT092IOV790K26FlSWQe65nnLK4RZUjBnJZnFMBf+vchaSwA4aMVLX3eW0oZo2Jx/uTz92HD1a6TBYIcj5M7vjMSPPNJqBNvy64db8Q+/Aa7j1n/CidSC1zUNoksM587mB0htrzzYbtt9QNCKajGd0zIzFLKkWKM9YfrmiZw/P+1RdhOibWfwEWBUb0RAVLEhFeCe1kHcrlc4UmsImBqnUQGXdtJ5fqzf2scMqGoaCzDJwuegjesguiciLvgSsNRVcaXuSxoiHI5HGhoLINv3InSp8SkqIbsgrx2DBsuyKJ6zrHZBT+pKRQWh3nM1htSqAUbon2Dk5YVHUcdR7QQ94714fy6WypTqnKV4iaYiu69earY5j9GiC6SzJxbx7PwSxor3YKaKJ3Ol9wmVeGUq6WbHVy+EtqXnNZtUjPb0M/4csU7nKliO2V+y140hFqlbOIlgqLo2H1/aHg5b3sdFoVD3f862FurUF3lb3xdUBKTR0n7F9Ki9Bobcns69mdqVNq5ldKV5XbEwjg8kZ/CFXXrmLT71RGhZ8UBrw1+61gBmLth4YwwmT7nFI446j20Y/+X0Gl0OWFigrINMnQZPfOFudKUXsaRl7FCF2RRVLKftU5P8uyW2Xt7aUd0RjHs27Z/CveUyTjlN0qEFHKko3aRijdAAwocdnhjSD9GL4+PX+AOGtRbhrGqlIJqk/cZFPzBDlHTbqnqdjipwgIyCgK1E4y1b5rhEVArXOO8LVZlS+XudRMhcsQumWzrLj0YhHXAViQwbP9WprYvQmArriNCEfkjSp9mg+SSMe/IzwnVTL3PVxUwRpyUHJjRjsyL4dyQaCl9daqEzQwIzCvuc2q+tyPqAWA4r2pTC/1tqUdQD65O80nv6TnOUTlJXAHwFCT3ulBEx1n4t0Nl0RpNWsNtYEQXkhS9spxQKSCnKFXSfpD5MMKUqEME/hBIs8fmSdDz7dXawJdw5vDEewIRPvgLnn7bAr8pEaKITYlmK+Z5L52jTzVqLZkWrek2zeSDffNeGYKefLk46BjT4qjrRAiE4ZRbuM5QMaTScrIXoZT+HEKlCuxNOViIr2Fk7LTiMwAolBuchoawAtOG83zLssY5rmeMM2pjqdJf+OsyacUfvF8UyeM2XkKhZuqQtHotq7Wagdx1RzcPAwWPPCAaIme2bkAVEa1dx+T2y6WyrvQozjJ0TWfH5tuqNM10wwnHAvcZYpASNmizzg7Nwg9LKsL0AofUYdLW7FGPFMF+6aAkrRfYVnAbXzNA3lKS7KJ0Sf2s1sXKJaYfehb+2Gd0HTMOGm1/sejncwJTmWgN0RFYqgMBMQZpyniRkVtmPvHcjbjTujbnR26HOhdF3pd5zVg0CHzpB1JQmclTYPP75fR4WxOPxgepbxccLC43LZ+snhX30ct72Dt84OdpF9l/reo+59xf42dX97tb+q6y0l+lZcAVMaV65bK7dZ6MyMYEaE06HxgiVivlrKFkFxCH/eVXJCqnXiy67SRugpW7hMoiiC4cDK5OVMXReX1nzTcqat6zW/UTjPX7b8sbYsLdRxVkzY4erqh6qYusOcf07n/MPb0bDcqhVxkJKX1HomCSIslRrAfeZgqApgfelX9hN044IPeVleDWaEkqliixtGGEi3cdepqAIE2YRP9ZC8Kixyg11eABg1/rA/XKsthv3b++HZO89YjWZts7Dol9IMTGlUzX8nbzxx341yesjywkqFKt400iDN1q4A3ndal5lwlfqiZ7uRghk+KhRF5wI/PaNTyluYwRj4wvqm9L8vqnC2gn1ZtyNHGRXOoq/7LeefN44/P7jQeYeSl/5m2AcUjZfCsnKBrJmnRV2KfkTLkIVm587Z3zNo7GIhb24ZiIWbQNqLEFXtbVss2W3sc5cMnUhe9slqQt56o57/gnpRWgE3RcI8tahr7u+Trf4/ctUfvZBcxsNtSFBHiL+Q8SdHxhoIvuU78uqz+Mx59orLykh9Fl3cQYTLj51qHnQ2TZMilOMaGd/lT9JQa1f+MkHvbbGcFGq9P33MFHF7Go4KlTrFfGjCoCMNtmCxLhbDZ7cQMXVNKDmLGKLJnx+Ywsl39Eh++FyB/CRroSML15pjBmuNEADLlFf8jOCkWbe6v34+ORtw20ZQU6IqIqaw8nXJVf6ywVn/aUP3f/R/SYfbIQAA",
              "hash": "YzIxZmRkOWUzNzEzMzQ2MjZiMGQzZDI3NWRhYjkwM2ZkZDBiZTY0Yw=="
            }
          }
        ]
      },
      "request": {
        "method": "PUT",
        "url": "DocumentReference/4dfcb84d-bb7b-f5ff-e8b1-b323fb56d98e"
      }
    }
  ]
}