{
  "resourceType": "Bundle",
  "type": "batch",
  "entry": [
    {
      "fullUrl": "urn:uuid:401ad95e-8df5-2b70-8054-e64169658362",
      "resource": {
        "resourceType": "Composition",
        "id": "401ad95e-8df5-2b70-8054-e64169658362",
        "identifier": {
          "use": "official",
          "value": "db734647-fc99-424c-a864-7e3cda82e703"
        },
        "status": "final",
        "type": {
          "coding": [
            {
              "code": "52521-2",
              "display": "Overall Plan of Care/Advance Care Directives",
              "system": "http://loinc.org"
            }
          ]
        },
        "date": "2013-08-20T11:20:00-08:00",
        "title": "Good Health Hospital Care Plan",
        "confidentiality": "N",
        "attester": [
          {
            "mode": "legal",
            "time": "2013-07-30",
            "party": {
              "reference": "Practitioner/2cc9a3a8-789c-1981-1868-ed0f20d85191"
            }
          }
        ],
        "event": [
          {
            "period": {
              "start": "2013-07-20",
              "end": "2013-08-15"
            }
          }
        ],
        "section": [
          {
            "title": "Health Concerns Section",
            "text": {
              "status": "generated",
              "div": "<div xmlns=\"http://www.w3.org/1999/xhtml\">Health Concerns Section</div>"
            },
            "code": {
              "coding": [
                {
                  "code": "75310-3",
                  "display": "Health Concerns Document",
                  "system": "http://loinc.org"
                }
              ]
            },
            "mode": "snapshot"
          },
          {
            "title": "Goals Section",
            "text": {
              "status": "generated",
              "div": "<div xmlns=\"http://www.w3.org/1999/xhtml\">Goals Section</div>"
            },
            "code": {
              "coding": [
                {
                  "code": "61146-7",
                  "display": "Goals",
                  "system": "http://loinc.org"
                }
              ]
            },
            "mode": "snapshot"
          },
          {
            "title": "Interventions Section",
            "text": {
              "status": "generated",
              "div": "<div xmlns=\"http://www.w3.org/1999/xhtml\">Interventions Section</div>"
            },
            "code": {
              "coding": [
                {
                  "code": "62387-6",
                  "display": "Interventions Provided",
                  "system": "http://loinc.org"
                }
              ]
            },
            "mode": "snapshot"
          },
          {
            "title": "Health Status Evaluations/Outcomes Section",
            "text": {
              "status": "generated",
              "div": "<div xmlns=\"http://www.w3.org/1999/xhtml\">Health Status Evaluations/Outcomes Section</div>"
            },
            "code": {
              "coding": [
                {
                  "code": "11383-7",
                  "display": "Patient Problem Outcome",
                  "system": "http://loinc.org"
                }
              ]
            },
            "mode": "snapshot"
          }
        ],
        "subject": {
          "reference": "Patient/aca97b95-3c1c-ce73-ac65-f520242997a9"
        },
        "encounter": {
          "reference": "Encounter/e3b99f69-936d-5d8f-0388-4dd7eccc6cb2"
        },
        "custodian": {
          "reference": "Organization/63407f17-1d85-02ee-516d-1fc729e6eae9"
        },
        "author": [
          {
            "reference": "Practitioner/2cc9a3a8-789c-1981-1868-ed0f20d85191"
          }
        ]
      },
      "request": {
        "method": "PUT",
        "url": "Composition/401ad95e-8df5-2b70-8054-e64169658362"
      }
    },
    {
      "fullUrl": "urn:uuid:2cc9a3a8-789c-1981-1868-ed0f20d85191",
      "resource": {
        "resourceType": "Practitioner",
        "id": "2cc9a3a8-789c-1981-1868-ed0f20d85191",
        "meta": {
          "profile": [
            "http://hl7.org/fhir/us/core/StructureDefinition/us-core-practitioner"
          ]
        },
        "identifier": [
          {
            "system": "urn:ietf:rfc:3986",
            "value": "urn:uuid:20cf14fb-b65c-4c8c-a54d-b0cca834c18c"
          }
        ],
        "name": [
          {
            "family": "Nightingale",
            "given": [
              "Nurse"
            ],
            "suffix": [
              "RN"
            ]
          }
        ],
        "address": [
          {
            "line": [
              "1004 Healthcare Drive "
            ],
            "city": "Portland",
            "state": "OR",
            "country": "US",
            "postalCode": "99123"
          }
        ],
        "telecom": [
          {
            "system": "phone",
            "value": "+1(555)555-1004",
            "use": "work"
          }
        ],
        "qualification": [
          {
            "code": {
              "coding": [
                {
                  "code": "163W00000X",
                  "display": "Registered nurse",
                  "system": "http://nucc.org/provider-taxonomy"
                }
              ]
            }
          }
        ]
      },
      "request": {
        "method": "PUT",
        "url": "Practitioner/2cc9a3a8-789c-1981-1868-ed0f20d85191"
      }
    },
    {
      "fullUrl": "urn:uuid:e3b99f69-936d-5d8f-0388-4dd7eccc6cb2",
      "resource": {
        "resourceType": "Encounter",
        "id": "e3b99f69-936d-5d8f-0388-4dd7eccc6cb2",
        "status": "unknown",
        "class": {
          "code": "IMP",
          "display": "Inpatient",
          "system": "urn:oid:2.16.840.1.113883.5.4"
        },
        "identifier": [
          {
            "system": "urn:oid:2.16.840.1.113883.19",
            "value": "9937012"
          }
        ],
        "period": {
          "start": "2013-06-15"
        }
      },
      "request": {
        "method": "PUT",
        "url": "Encounter/e3b99f69-936d-5d8f-0388-4dd7eccc6cb2"
      }
    },
    {
      "fullUrl": "urn:uuid:63407f17-1d85-02ee-516d-1fc729e6eae9",
      "resource": {
        "resourceType": "Organization",
        "id": "63407f17-1d85-02ee-516d-1fc729e6eae9",
        "identifier": [
          {
            "system": "http://hl7.org/fhir/sid/us-npi",
            "value": "321CX"
          }
        ],
        "name": "Good Health HIE",
        "address": [
          {
            "use": "work",
            "line": [
              "1009 Healthcare Drive "
            ],
            "city": "Portland",
            "state": "OR",
            "country": "US",
            "postalCode": "99123"
          }
        ],
        "telecom": [
          {
            "system": "phone",
            "value": "+1(555)555-1009",
            "use": "work"
          }
        ]
      },
      "request": {
        "method": "PUT",
        "url": "Organization/63407f17-1d85-02ee-516d-1fc729e6eae9"
      }
    },
    {
      "fullUrl": "urn:uuid:3e4065e3-f89d-a1e3-dd51-7ae0e849eae9",
      "resource": {
        "resourceType": "Organization",
        "id": "3e4065e3-f89d-a1e3-dd51-7ae0e849eae9",
        "identifier": [
          {
            "system": "urn:ietf:rfc:3986",
            "value": "urn:uuid:2.16.840.1.113883.19.5"
          }
        ],
        "name": "Good Health Hospital"
      },
      "request": {
        "method": "PUT",
        "url": "Organization/3e4065e3-f89d-a1e3-dd51-7ae0e849eae9"
      }
    },
    {
      "fullUrl": "urn:uuid:aca97b95-3c1c-ce73-ac65-f520242997a9",
      "resource": {
        "resourceType": "Patient",
        "id": "aca97b95-3c1c-ce73-ac65-f520242997a9",
        "meta": {
          "profile": [
            "http://hl7.org/fhir/us/core/StructureDefinition/us-core-patient"
          ]
        },
        "identifier": [
          {
            "system": "http://hl7.org/fhir/sid/us-ssn",
            "value": "444222222"
          }
        ],
        "name": [
          {
            "use": "usual",
            "family": "Betterhalf",
            "given": [
              "Eve"
            ]
          },
          {
            "family": "Everywoman",
            "given": [
              "Eve"
            ]
          }
        ],
        "birthDate": "1975-05-01",
        "gender": "female",
        "extension": [
          {
            "url": "http://hl7.org/fhir/us/core/StructureDefinition/us-core-race",
            "extension": [
              {
                "url": "ombCategory",
                "valueCoding": {
                  "code": "2106-3",
                  "display": "White"
                }
              },
              {
                "url": "ombCategory",
                "valueCoding": {
                  "code": "2076-8",
                  "display": "Hawaiian or Other Pacific Islander"
                }
              },
              {
                "url": "text",
                "valueString": "Mixed"
              }
            ]
          },
          {
            "url": "http://hl7.org/fhir/us/core/StructureDefinition/us-core-ethnicity",
            "extension": [
              {
                "url": "ombCategory",
                "valueCoding": {
                  "code": "2186-5",
                  "display": "Not Hispanic or Latino"
                }
              },
              {
                "url": "text",
                "valueString": "Not Hispanic or Latino"
              }
            ]
          }
        ],
        "address": [
          {
            "use": "home",
            "line": [
              "2222 Home Street"
            ],
            "city": "Beaverton",
            "state": "OR",
            "country": "US",
            "postalCode": "97867"
          }
        ],
        "telecom": [
          {
            "system": "phone",
            "value": "+1(555)555-2003",
            "use": "home"
          }
        ],
        "communication": [
          {
            "language": {
              "coding": [
                {
                  "system": "urn:ietf:bcp:47",
                  "code": "en",
                  "display": "English"
                }
              ]
            },
            "preferred": true
          }
        ]
      },
      "request": {
        "method": "PUT",
        "url": "Patient/aca97b95-3c1c-ce73-ac65-f520242997a9"
      }
    },
    {
      "fullUrl": "urn:uuid:1e516bfc-532c-65a4-45e2-e8536f0eb630",
      "resource": {
        "resourceType": "RelatedPerson",
        "id": "1e516bfc-532c-65a4-45e2-e8536f0eb630",
        "relationship": [
          {
            "coding": [
              {
                "code": "POWATT",
                "display": "Power of Attorney",
                "system": "urn:oid:2.16.840.1.113883.1.11.19830"
              }
            ]
          }
        ],
        "name": [
          {
            "family": "Betterhalf",
            "given": [
              "Boris",
              "Bo"
            ]
          }
        ],
        "telecom": [
          {
            "system": "phone",
            "value": "+1(555)555-2008",
            "use": "mobile"
          }
        ],
        "address": [
          {
            "use": "home",
            "line": [
              "2222 Home Street"
            ],
            "city": "Beaverton",
            "state": "OR",
            "country": "US",
            "postalCode": "97867"
          }
        ],
        "patient": {
          "reference": "Patient/aca97b95-3c1c-ce73-ac65-f520242997a9"
        }
      },
      "request": {
        "method": "PUT",
        "url": "RelatedPerson/1e516bfc-532c-65a4-45e2-e8536f0eb630"
      }
    },
    {
      "fullUrl": "urn:uuid:1eecd6b8-281c-6e6d-7f34-7a216f812202",
      "resource": {
        "resourceType": "DocumentReference",
        "id": "1eecd6b8-281c-6e6d-7f34-7a216f812202",
        "type": {
          "coding": [
            {
              "code": "52521-2",
              "display": "Overall Plan of Care/Advance Care Directives",
              "system": "http://loinc.org"
            }
          ]
        },
        "date": "2022-03-25T08:35:32.835Z",
        "status": "current",
        "content": [
          {
            "attachment": {
              "contentType": "text/plain",
              "data": "H4sIAAAAAAAACu196XKj2J7n53wLxtF32tmd2GIREh6nO5yyK9MV3q7lrLodMxMVCI4sqiRQA7LT99O8xrzePMn8/uewHBBIyEvlUlLcyisjONt/Xzn8jy+zqXLPotgPg/c72l5nR2GBG3p+cPd+Z5GM1f7Ofxwd0l1qnDxOWTxhLFGSxzl7v5OwL8n+l3i6o0wiNn6/Mzg53qM/8cB/U1Xl1k+m7EBJPwMnYsr11AmUn/wpC5xZ+tNAxWO/3ei/0Q2/0Q17tKRBxJyEecrokW47d4LECRxlEAbxYppgccrHKFzM3ynn5wNF+ZdzJ04GEye4Y94JHjtQ9I5mqpqmarqiGwd696BjK2qn2+kou78y752C65fhPb/trfIvmOHfnvhRTvzYnTr+jEUHyu3Ej5XYmc2nTBljl4obYt1+ECsRm0csZvgr8e+Z4jmJo7Apm+FKrCRh8bviFCe1p2DEdCSPzX0X9zr4000ALGequBMnctyERf8aKxPmTJMJH3hPOQ4eMWLMZiOM4jKawMEFPDIHpMNAwTLd0A9c36MlTWmiUPGn00WcRDg/xYmVmYNByuvE1XkYx/5oyt4pCVbmTv3AdzFs7AKikR/iqUclCBNlxJT51Fnwe9Nt8LH8AA9WDgl/0iN+kLDAA8hLxyFWjVOjFbzD+kN6LoyKudk9/cQnKQbGN4/F/l0gxsNyFjG+YnqA5PdFwI9QefBxZLQRjoTKIBvyMkxYrJzRSLRzh9/8cYHT2ns6oiiqenSYTXESugsaWgGuB/HBl9h/vzNJkvnB/v7Dw8Peg7EXRnf7eqej7f/j4nzoTtjMUYFIoAKX7YinQJ9RcDCZ9lTce3BvpJcP7kO3+tM+rmU/x15S+Z2u7By94USLhdJRfGKOxyL6C6t+c0hQmA1CjzDaA+V/Hu7s4zKxgTNPicIweb+j72nWXt/s7Gl7mmb0+wa+YE3gESwQ3OX6anDy26eTDj5mRwzAcMZAuFWDdPZ0/A8/7Gld/pCf3eyNeoZpmT117Nq2auqmqzp9y1R7zHA9p6+zXsfgT7jFyrt6V9dUfYf/OXyMsYK6Wa09Tb7lEuzq/c751dnlYEfx/BiLfhTXrsA7nelUcLZwzIl3/9i753THKfnEjxjQ7Z7FYsvEFY8+hqFHh0w0+ymM5z6osCD8w31x15tDNh6Lh2/BYZR7Z7rAnOBaRqePfzW9o3b6HXGWQOwxp2ffmfrJowSty3W77e7p4mgx993CuWPSwyxQU2hznk405mXIi+9EPTHD3J50OUgvJ8puzPgXAHgMogXo6P+yXzluiV8FRIEYo1HHMNSRbfZVcwyIjrqjMcDqjbye1/e8FHFoLUMMHTFCHy8np2x0sI97P1zEmWiT18RnTa9fLmYj4Hl2sPnY14LjKLuAXRh5t050x5K3GTEUl47evDlMudNNSBDD39ikhPSmaer8s9OI4iaQbZ8/SlOffhEsbBi6gCR26S4iwFNJlwqeCulHewHrX9ANw0vl6uxkjy8OYzieR3dhO5+uQdXZsJ+uCVw788ifOdGjMgln4CPjKJxJuKHUoYamaXY6NoCVRJD/x5iCxfG5H7Aj2hpQGNg55L8d7i/fwx91sYmjD8zBySchUJz/nQ4KGB5d3dCj9I1fhKQBTRAiHtm9vtU73JeuiAHDRZBEj0efhxgs/Z5v9/OQb/dz4JMWMaRx43S/Z8MrxdAsS9WgT/DH8P+QFgcK1J89+mVPyw5zn06Tf0sgBl08naIK/jz4d2232+2+xX8qODV4XXbqBTCbT/3TeU9Jz+hzzNadfIZkxQaFZhDFiUK6VCakC8kZKw8TJxHEkCIzVvJHED4EJMgzgPKH+brPBbK8ObwDuwmOTu/Z4b74+qY06c7weodvajgHgcnb4VwjxaRT8KGE88hrJ0r+DkT1xz7Qt26fppEt583h2Jn500flv7IH3tN0QJsEas7EmY4P98UdYvX7tPzymaTMqOlQHKgaE6yD/+7EMREZYUiuCmSHtXxAw5vBp7Zn9OFGnNEHP0omr35EmI3WEj0+hFDbGo/I8WbQPriKhzV/JG0rkjj9TxXR9hN0jilbLztqJOVxzUyCKsQZkZJO0nJEx6MEDAAIA+yJ1EawVx8EAa2NwOFBocxAwe+WBaFm97pQ6lPu+eYQNEaClKh9EUs7u6js7MKJIp95LcTi8tYuqnNkk0MU+Xckc47HUGuBVWD/0ho0CO3KMgaTCGfkQ3HYDcJAHTjJJJz67juow4Eaz3EO0PXftgBAp2ctL5TQ7SZbkyItSgbE4GSg3DhQVRzQzGkygXJKsoYrTCQrcwOGYDEm04UAO1vMlCh7ihVPAap3IU6WlO8xGD+Zb8rVxQfiv4HnRF7Bd+hx6XR0rWOp1fP5dQLmvV5T043+8u75pv47JOn/kLbF9ytvn2g1X0kutIlyOToKm2Fc3IIfOOp5hUCE7nxQ3QzgAbu5vJlPzoPjE6yhoVxxFnTtcAArZzHULiKQ19qpgBA3mEtH3rfUbmWVsHyUT7jg4AFa6TkwJghfbWVQNiMPh5JyNklPv7769fj2trK66/AB5wa+cZwkYRSwx3ULoy97mt03OjWrY/Ec7gSyUIn/PqZrqlOgnqX4rFJ9GpSfNurPCgVIUlvaKC6AHN/tRQaWAi7X3F2QzZdLkkICfgC5xyUZmP0ky6cBdIsPYfW2VEo1yPaS6ML3miUVFyX5AGxxs4ek7wKs+dzLoIKebrYD50p4NgG0FURXgLQM0/1iZ4f7lW1LRtxstiBvAzH99MFaA+8uhzvxRH6BOB3pyZZhq7riTOcTRzWEWCATa+c0uJv6MTSbXCuZ4Tdp1FPSEkvEe/qFlDDiqKC7P1iwXq5ZNVR7nm7geARxljxeFAIYJxyF4KfQ3tzHc3iFptJyPlYWQ/Z3iwVoaxdwXcxZOsXUgIRnDrsesyjCvrPDLw5N/IaH2RkkaUah0SJXKvYbgQkcKEwC2vo9jP/oKroD6/5nAfKKNapr9od/rLJErWxmTnskH2Fbg9nGtyHMXS62Jo8xdgxJxiWKrGBmrIazk1+BABLPUSSmAz8sN+PLZFlDlFqn08vcJCcRuEcjVQqavA6jhISpTJL1BFkiR1vTjWVybDYwC6twv+Hgc+gIr8DhftlpwFHkeAF9LxI+BYd/pweTqqOnZ4izOoS1wh2a4rnM1ZCCsuOONXM8UkdW11VNtw9XWNf01FHHdZ2+Ybpa303NUknIapbxK3njOv9o4Q+Dmr2sY3LQuNxvlR6Ecut8CYNw9qjsfjq7Pj5+W6G8G3YHpRdIDxttEcF+FKvK0aAeC8Cai6k4JiirHQ01mLDez1CLB01oUOMbqMN7Ce1pH9l2U1jK0kySdkJQXtL5lA3MVEBe+ncTioLAPisLzcN4AUX/y9HNJTYpvpZFKVa9NPVhbh8zr5aBNPpm7T3uN8xXX+fWlOdunqhYV4beuJJ9S01Gh0xmYE5KMxRQSC/I5CHM6hpPnGEYPf5pwf/W4WNvCR+/L3QELnY7m+Di6RRBu1pc5CBo8DnUYFtxKQPU4X4JkhzaZwHUDPgyUm+tn/3ZCtD97LPTAnP/ApAWUZC2kP7kROHUqwX1J38+D12KEMa1bEfW+Y8HO0cne1d77flQHWZIgBf+CkQoEZyG8sHxws3+lPEiv6fK2/If1mlJhq4NNtCSSlzv7LStRlSWDLasEOX3r9KM7PYy8aupRy1OvwC7BDiMKP2RYgE9cAOv2DxVew+zkLF8UeAJrjD/niIlAr0K9QSxptSlngs2R3M9fdQzVdfymGqajCHq1NVVw/Ecd9SD+8DNlKfy2BfMg0aOgJ/4ggGlaaqzuD19bJmuro40b4RZTChro/FYNT2daZ418qxuigP1Ozg7qY44doCNY1qtDhwyTaur9scjYJPX14wuM+y+ba0aMcUSKW60gg8qwk7P8PzG21vNB48DTBCNwmiZEV6crYj0dNtHeiREa8CQpp2TKio7+FuqXRSgjZ1pmGysdDWtj4KJWFqd3lVeuPx7jlwydpmuqVlOT3UYA3Z5rqvalqWrzqhvWOMxkMzKVbUVIxf4e6LsXl6fiZBnmVpGZm9suEiv0a2eao5sptqObqsM8426CMBrbr/FTASCUpAldQQ1q48rh0uRMB9xnVnZHp1X4HM9QrfA6DbMs7pdnh0wxKrpj1tkXignLHYjf077P5CNLOTCrHqMVnEgfDlFWFf45+GFoBSgx8EUPJm7T0q223lIY7BoJkbNQCTsQkjKvn661pykaDhFvPG9Y1lPNCkFU9tvIB4ityXB0ESD/JTPGUwpbpBT/gScLJldPqUfStdX2+gkyBAYimRXGM+eSCMF+e+3UDeUGcSGcyvl0s1wlnKqGCkjHyxz5yicDX/+fOrNPGb/bpr/nF34iCguXfIuTobxr97Zz94f8dnPN7B3jN/Zom+IDDyLeb//8+Li7Pem2y4u//Okb/w+u/Bqxlb29oBX9Fl529pJxBgtb37/HoS1dG7NRsCf6gzZujW2bo2CUVOAFMl0gZNJJKAjhUd5/kCWTdLG/1EYP3XMp8jCckrcSkpxyDIYnDuIM57/gN9pbDUcjyl6xjMes1yz3P24msP1Ozw5asvhvjKHe2pmmcTori5Ph6fn1WyPIZuOW6QaaDVeYPJxF5kQ2wS0byUBrcnd0y7fqz4Ta22aUUvHjtPE1uaIxSO8hAyEUt4WT80SxtvDhBLE7332QMndMi/bU84Ed4NDkWUpn5yVZZlgmCC9PHfihGexpxnpYkRlgtw4Z4p8Z+9RSRyEKSmP3SWVOvu0n2K8IHqWJ0kTZvmzKSMOSBGMkeDtLabYj1iGSOYsDoWlOaHxJHygGoCimOJGLDuhXL+GtYux5HOlvG3CuPc7v9z8RGhwOE5T4iW11USmtIXk4v56dQhuhiWmMLy8ujg9UQbVHI50wWmqNN+EECw1Ikcwr8MiTU/gj+Jm5gncjMPh2cfL05OdJ6qAHDdLoxN2Sof1cripvCp2bo6Wr4CXw/z+egytLuI7RU34D/4E1CwJ7RqJHbeW2M9CdFFTAAlAsPPgVPAgESi7OFTiBeIBUTnJOF64E0owdkRuPnmlqVoHB0rCJVoF8bNLflYiC37GECpHVgXVfCWOm/D6mTUnfjq4utxZ78zsIZgIdP3GXJg18n3Xtm0RH9A1aHlZUCCX7ulBNIRzKLkErsiLKMY+0z9kiY9MVhBlraPz5zCohHgqAr4683eGXYPSA6uRanB8c/rx7JdT5FhvMevbxKys8ogb01djbqay6N53GdRVIIEEzevBdQrIUmmVWMk0fCi79fQ8TWmCjIuydiKq0WiBSyPlucXQCsjnyKLd+G1VY5gUjs4siYho4D6cwqOZiUl3gcwxYcGDcqAq8/pE/lAqp1PKkBRU8bktfvt//+f/xsof7LF+yodwMUWiNlOQ0EemCnK8GOjPB6GJn/zAnS4giERdlShkmedJYOTjoFLR6gcsm6jTLSp282dirtlEzhwT4juxQ8gy5Ji946Px9SXMmcE/SiVPVNuZVcFk5ynR9bXQE2rdslpX1w1L6+ZVcm9qDesl0xo8N/20iQKXBDWSv/9+jOSK7j8q4voYilEiQoYQM6+ZcCUnMouvz8+qWhVCbpXEXB9E3jSJeU2iQ5peVW/7lqRjzquQqAmi8svcqimJGTcnjw15zNeCNCpJzE2pERd7J+XUCJkR1lrRdXY0XctpgjNLme/x1Joqa8x5U6Gh82pwjBhgibD4GbEgIlgiRu8Ri/LdvcojVCOclSMLescgl1e3xf2nDhgIp0in+lysQLMD/RO38cvVWUocOHNYE0k6aCCGqDotFV7Zhn9mSNgm5vcrTBmk/EYYocTeiHFmugP/ZDOXrOh3tAzMmjLCIKSVJROkt4LpV0tM+edhIpJhZR5drA47IrMsptmd+RyhqKLwrGQQpny6MgVFhES5CTQiKqqJa+eTy3AFy8W5eNCnvMUsK5+6xmxBkq999/j6EoFdsaa3b2l9tSNmEHWyrQg38rh2zJvr8wEVyvIb376t2ogN1cIArSPKcetP2OPBzRH2LqRcaYFpHW75sUIk0Iq4ricey+6o2GG60bPsEVPHFlIozFHHVJ2OS6kflsNsu+/2+1mGnMTeCXzcbf7lxUrIy8bm0wqi3zRUNGe2X/UgKBRROj1eQD6bQzsLEqFBURuQGfwQVG98GnDWzHlMVVbattHrkHnSnGtXPcZV9qqZRZPPLqoVBGdBSspSUovrzMmRQFjCeYJwZhBTy27m/Uz44jMtooXmB51BzmG4DJVCAQTG8nmksto48adTQulJVsufuW+rc+FK/bmS9JPOP23G8LQPcdkPoff41OdFbl22HK5OJ9HCpYP2aNz89J86QZp1AdPeZVGA86MzCoPnrPdNecWcjvigqUDl1diVaYfijqIeY5N+FPpeN8tzKXGIXhf+oaVaxurUGd09g4tkc4teEQ17y1tJpPvjsSXx3RnBcwfvBsQkMQrlwfeSCRWqdv6Wlb3hLtgMXvYX/sxLqPhvR+l0mGVS/kHUxy5fp8rf0lX8UZRl7ZemO0xGKbLVTe4dDVKxRYKfetU8KvEs/IOSkfFj6c5jToLL19Pli7DMz4uAKZr1jroCGaV75TUuL4MKCX3oFCEWAZ2IVDpREFQ3H7lLwXZbLcXYeCnXAVvMwoC02Q2mbrdxfJfAgb8If14UmW6ESFLCEWmxXGN9XQSCCeUtMjsVul7T0XSfczQQvYjEO/OJwhtoCQ3lA1KsuTnBJQisalj2yeMBF9Ti7iMhcbKflJXjZNpu6dNi1MNRlHKRN/LXl4GmH//Rni+cZnJSeUkAX8DmQlgdRxxQ4ygEVXyX+DJzKMOzLZd4AfqQDvf7wAesP5cVUAWlOtRlQarg4HIZCtMbf8lhEIqzzMLQS330vwgX/cbyFrkMhshBEc/mirzJnFGHIV/bg0asmnq/q9o2kmB7umfonjfS7K4rPVcnql9Iky8fizRnbgxVDo7H8wC/vF8FTKzUcTZirgNvB1mmQqEtHGr80fy8hfel1O9C3Lo0P4KBOZVxs1oO+6X6M6suEYNHvBEfI5fAOJxCVab+B0sOv6UPV5K9kIn2bgFyNePYiSinwA0huAnumZkKJyEsQTn8mDae4P5Ivh4/jhcszVUXSNnYGsvScs9cLb4eKE2agzw84TyXSBBD8cSfy/bl6U/CiSydbjhyXDdUqJfP7i96njfNb5AEmkwZVx+GTZSxMW304amU63yp/2HHUvOykgrNdAxtZPS6TGWa46im1dFVu49A09jqMtcYjRjLysOWqQaTI/G783JUwx3bjxzy6SlSXyF59iUMdzNtpnTbsmFXwf/czIPPYQyPYuqK5zheRr/C706heHlhsnoiQ7lqRXbsjq7lDknBUxsWeCjW9CX2D0RnzcFJZgWbpt2nULdedRo0YHCriHixpsN9aTeFJFtC/hXURI5oSLrZgdKoCCtPp6t0cOVKOvSvQV/mRuTV98aO6/UMVbP6OmL8rqnaRldTWRffGaL8FhwmDeQFoaRbqv1i5JWe4IvT09USz56nsFpBFJw7G88mio5t6Uan033p/I8G/H1hgjnxnbsgjH0k/OUG25ZENiAR3Ub8VTVfjERygLw4kWSNzrxshrXEYT2XOHTDsDpmp9N7WeLIMbW0PuwR//2vVLtFWAqkc5P1NCEhSxFm3n74LnSmiLOQs5NiUyCTd1kHy3CR4GgpI63Fh3LZqUuPiKZwulOyZsFp0LwIxDQptTyjTjgbkhDLP2o1dQvZ1WocGqqFkdR2LGVTM4oyxvc3GL4A8NmJwiiQKdQm/JVyfgIut12U+WJKKtIX5Y438Kb4EuBg639TWh+zmDSXpYgudEbGqKOOR8xTNY3p6qjX6/OQPrQs13aojGyD/eQbEnTN+08vppS0CETduUTUgbqgXQuc2tl03XxIGu+nqXMfwn1CA7Zf3Squs8kw+0CwVnfXyS5Zt3qKvMs+HGeE9SoINZJpJ8Wd4fXNrbKbJnu95RSVpp+IrNLsk9PyvOK1yxLF4jpK363VTrPPWUlLpXh3rWyWt7PMAyp5PfIe8+73SnVdn46HyvDz9fUVNi/rtuLTUl+mo/sh9OWO5o46Xo8sUZC3SfblyOiPVNu0uuPxaGyZzGhSBpBme3pze4bMzxaxxVdUgtcJ9u6zBXu/Z7680lv1gT9X173OHJRgoJke0Nb8G6bpu2tGK+WsFy3UJA6Rde9Om6iKRqT0S9pz6zpLH+QkkGH222XumOVxCMWiQsN/MklpZpkGior87sgyeyAv2zSgFnuaofY9d6xaXc1zDDbuG6Nxoyqtd3s9YFXnpbEqg0pp4mbkNpDfYNrcz/GS6/gke7ermmudOKxFkNsUTnUPnKUlFC5CCuKtGKJtVZ7uIhpNp6KBmsApCe8Cp+xKqPo2L+vI8l7yFFCKd7BoKb+zJCXI6553hXsidmVpGvnjTfU4xZRLDelKpyukv6fMQ2j9sQIH2h+Zv7d8EKWNlvnoc2oec4bVtM6iw9izlJ0n8qgsRvNcJtWSRW3Kedcw8q/L8XqeZY1NZESNHPKv6bamOrbnqDbreqMu6yJ1y/iTOd78q3C8b5bdwRKUqjCewNygMSPQBO92aRY3y9F0sHFoUNwHnpOSyl0DSAFSGFmhpTne8WRMhKEeivspLkV3IrsSHoOcDuuX80Mw3zJY1jHeTQvWXp3jCrNWvqkpQk3ZB39+fFqOOxatmUbuaKx3HNXraJqKgM5Y7fc8cCzdcF2Ddcc9V1LPSqyqr1k2XHn2y7KqY+Rc0/EgbXxFjJqf4BMC1Hzo145O88U9PTT9DcamaUcHyqqElW2IYJMQwauSzov6Eb6fANkq7Nz6DdYq5ZxpfSsq9NZpsHUafD9669Zp8Cc4DSr8aesx2HoMlj9bj8HWY/AdeQwaPF+bh3KVHZlLItvj9Gao3F5VHK477VxGm2ZBVhNrah0bG7k2Nhf18LlXHYoVYU3+pUDy9YlXADYHzZ6cw5+ZepU0i42NMsmd9ASvExXb5xWGUvnmURPWPbW8sTrOR2TbFMWLrzBJ23rK8kKeWEVp5Ynmsv1uaZppqb2l13ZhwhcrmSwt/5ULJWmu5aqnX0hTfuUatzQhC4o5EHe5uAmpWcsXh2yOk6M6cv3HL31bXepEgCtl0xSO5IIFcv+nbM07IyQ1chnCvkBT51WNIsuxkiZHvJK8l7hq6xSiSPPm9qR52rkJPl5lHT3Xrnxz3i8ZcRtm5tU6tk0TflBVe7kc9xKSI8YRsKk083oXdLPD1k4bH9e73M5+Of/t+u+StJaceTa1bAt8HNTfpBH2+a+rtZO0l2MRWSMPdMkKFi+SU3az9AEKkqWImGe/UFJmbSiraXg8mlJTabiMwprGw3AjZOMWfaeRRpc/RKm4NDzFEfh8sTx2wO7CRLyAu2Z0CV/T1DYxpvTivPTnqo74HC9Gc3f/bLImVTUnDK9v2B3KX+tpPUR8NKurOj2rg+y2nq13R8jS6fYaq6ukNvSrO8y/fgep5k5KS92UVr4/Jf05bYz00zTkWmy1U9KKV6lktFOesbZJUvmHMoyqxoT8ps5GrJI08+PPcrrls5GsDU7JarYLIcNV7RVuscZIO/UESc223TSHPg+U08CIqRfPUDy8lDK61L1x6kR599e1vrqqzl/qHgMtr2uppr2i1Zr0nsGNwfsUS49LzmYTb2vHUQlFXb7RsjHwHZl5P37+KsfrbQBqm7W6zVrdBqC+pazVCmPaRp62kaflzzbytI08fUeRp5rbN4oePNWRfyaVWOf6+FMHaxsJqJ20XHi4gb2sISxgrCkgLAULdKPfU62ldqHymlJnh/di0YPaLb9yFIGK2immJs/9dXovnk4ZMFvQIzmv4TVYDiMIN+tzwgvLE199ebxj1Oh45gfwh0VCz4AOEjgxb40fwFx0nrIWbeO1zMtuZyoWphb9wd1Tpje+ev/FvEXk94JfubFf08tvcbeIk7UwXXGoq8NChVspe/kRT4Antwh/+Sy1Jg+9ZSVmd56SsNwJg1LWZ8wJKBCUaeDZK2zJo0a+ObBfePmXPw8+3C/CheXQG6jghbjcodR+4eOnF+csfUTCPP+9EqznivjuUnTqCMGpGu8Cz9ovbSRNjU/ba6QCkWcGFOU6uTCB+i8iEfIQcuCLe1BqWN5GBR1nl4XTduPk2dqCjn537JgjS1eZ4dgqefOhX1imOmYdJKY7RtfxRvVxL8PS7a7FX9X3knnZ8tlsFvbasMkdvbiLl1nw93mkkOFoT6Ycb9Oet4mvIPhODUXLrtQytAnAS20L2sN5Y0gb9kb9CnpWt29bBlOhWzrwXVtjdTTW+qrHHM3zPMdBVLQpwGPqBqJCL96fp+54V3pKq8jQPgqawmqlPSZ1vvgq1YPfUPFgTaVgU0zpmVGluuCl/WMWDq7mXYOri+vSqcq8ZRACMZy7aseOTbjL5nDSy3AqteIcd5nWQRCE9SBNLK2j2pZuqZ5u983xWMNhlSFY5ib9ntUn0+elMimcR/4yjWG4iOCgq0zcgolsCJmND74QRSBSPLqfv0EuAt8AJSLl4r+QoyFfzrSheTj13Ufe1DMKkRQ0S6k504bcFDMkHWQJXCbSWowR09TuuEPg8jy132c9VQN+M9fSdGaWkboCsMoblOuAZQBnNEQ8l3k/Bwpx9wxMt4/YU3j3mMXhqKFRxF/KQy+R4a8VVs5hJlULuegtVHRYny6ulhbbCsjloNqawNry7atubh2ue572EoUu8+gdpOt1F2WnndXZrM9c57MtaTXFQuTX1N1cDV5MuTG1jZQby4GKOjYIr8cUpLV11Ta1rjq2jZ7meA5zZbW4ouD2NLvTe3EFt+Xxb6rvLBUec72Hv5koU24L6FQyBrigleMi6W3pa6RC113ISXzr1KsSixdZYRv7u/9cDesb07K+spr1g/Zn2KpZWzVrq2b9oGpWLrReXdmSM9hbuIoa/erNCtYL9Lt8no61WcPLUVcfMWabqmuYI9Vkuqv2XehYcB3angVvrN7pNjaI1/rdjqq/mMmXKlcx0DFVrP7nNWkyMxyUMo4ILcPgf5MwGjhzf4rMz0dlNCXvNhSwqxRIr6F7yWBbqX3JNz5R/zI2c299feXrK6peW01rq2ltHVpbh9bWodVW03pCyfoT6hZGLHlg5CYJlqOlVJTlLJcE7pZupKbkN6fHSGPnd76tFT0ktKv16JmuRIJOBJcXcVpGInrf4jqfm7qupaHmQrRIFSr5y6KfngzauLZvvVB+Zew9PaP6iuvnlGV+lSKL4xoMHX46Pj8XrwzhcFvG1j3lQ9pzMM8ZlnGZKgqbVKnqp4Rr2Yvs/1Ugaf464ncK9GHx1nXxUneGidJQwRjHxbMdpBejV1f0ri0Wfzz95fz7w+LcZ1WPyj8+Jm9gEm8EKd4VEgw7HI/hWpjNENFyy+n0SgqM/G9JLOT6O5DWU2kMVx4DPL102JtmxJQd1XIk0tBx+4vnNdAuljYBNpn5Lt4+uxdjuda30lLyT3ck94z2juQnFxw3lxy/Xk3xmmrm8uoai45ryo7XFh63Kz1eU3xMrGCp4LmpAHlDH7vsDSgw7exmUE5ikG67CfPczxwVJPcTgcswV1bUviI6XH4eDPLC0FqkaEaGyzpk8LwS3hOZR4wlx7jO4vgcIucICVVWNudJxFNtl28qjeH6yePRcQDlI0Le7OE+/7syC+j66OKMhqJvpR/nIS5OCVJHdq9v9eBOLa6UJwoXPHv085DS/MX3MhJV9geeMmVgXBlfwJ8H/67tdrvdt/hPxZnD2Qg16P3OryXxRqvCmULUQntY2k0N2aREcAnl57GBJFLK8u8mpPo40wb62pxymlbKO7bUo3npp03FdWPr8HbGFpSckpea+x55d+xU9UmcP2B68bK2ouRhKW34yVmsz2pLXtu9ZWS4HVsbGYjrOyZkBjNVp49/dE8badpYZyNZBfyGslhrRPrzohMrE1g3S1/N0wD4u+SpvPIJmazPVNz/cpms9ToewePXCWiSex/oxJMw/KNCoWu0wXJUfyMT99vw3/zQbpQ1BuhfxJfyDERLHsIlTIsrOHVzen58e8r7oMjX3+5VujMJ2MhPihdDcFhxrwkHVOH1y0BVXxDzYq0yv0G8rUfZ0ql/l9j4l3NxNaXFLX1+fE609YVtfWFbX9jWF7b1hW19YVtf2PfpC2vR0PypfUTy95+L3gHKKVnZYln7V6IxstTR/LW7lWyylqd2Nc8dB+XiL/jll7qaZx1I83e3i0W8WKeS9tt95fYlZ1jmctuIdBFfuQ1692+NTSSs12oike68ob345m8H2ziYa9Y5hjsOPppuqDrykhFChIvY9kxbtUa9ruEiQOox99ts613rGV7h3LNWdPa+/vtO3si7W9fIe6nn9MrxJfMyDSkXzgA5UbhU8ZM6omuSotp0od6wLmjzrrp16Cu5IBscGn8tR2TpEFLo1jfLqjf7N4vSfD0HZB0unP5yfP6ZOw9Tz/Xudd1rD7oKEyIJcoiOhzrB8xrnWp/JXzmlautvaod4w8/X11c3t0OOTtCq7igDQLkNH5zIW/lajFUYNby+AS74wT1SPfDrWeAhMh8t2FLH5zXT1aLdn/EmUK0cyCvkhDN2x51uT3UcMBaz51IIkDG4F027z4xOx9QlPaEs8Y+Hw9Ob2zMw7TUyv7tnPiWI1/yKWyQ89cnx2X/Z4CMHl+NOfHZf4Ygv2fyxogtuEPqXzv7kajA4P7usbMCd+pQlN821hvWQqTkeBIIGtCBJ35G6ATfFXyjuHAXO9CRTWKRN5attROccIan9I1+iZliaTcaUvmfbZsc0e/1uV+8vx7g7Vqev97Ue/kXuWznULZtf/b6pqy1eitxSPz3x4wm94UAZLmYzvD78n4KAL8Ok/Drk6rkU+JMf6pMtc57ntHBRu8e8D9wKkX8/3B+k+JDP/f8B7hfYoPPrAAA=",
              "hash": "MGIxZTEwYTMwYjJkY2I2OTIyMjJiY2M3ZTJlMDFhY2ZjMzlmMjIyOA=="
            }
          }
        ]
      },
      "request": {
        "method": "PUT",
        "url": "DocumentReference/1eecd6b8-281c-6e6d-7f34-7a216f812202"
      }
    }
  ]
}