{
  "resourceType": "Bundle",
  "type": "batch",
  "entry": [
    {
      "fullUrl": "urn:uuid:5c2fce20-72fc-16a4-a566-14da8975e24e",
      "resource": {
        "resourceType": "Composition",
        "id": "5c2fce20-72fc-16a4-a566-14da8975e24e",
        "identifier": {
          "use": "official",
          "value": "2.16.840.1.113883.19.5.99999.1"
        },
        "status": "final",
        "type": {
          "coding": [
            {
              "code": "11488-4",
              "display": "Consultation Note",
              "system": "http://loinc.org"
            }
          ]
        },
        "date": "2018-06-23T09:00:00-08:00",
        "title": "Community Health Consult Note",
        "confidentiality": "N",
        "subject": {
          "reference": "Patient/75d72dd1-7f86-8a14-d4db-94b59ddc3627"
        },
        "encounter": {
          "reference": "Encounter/10f50b3e-c967-023f-fa99-b7b1deceefae"
        },
        "custodian": {
          "reference": "Organization/d9b17f7a-c973-98ba-d798-05a68eafe519"
        },
        "author": [
          {
            "reference": "Practitioner/08161958-acd8-1ccb-1416-a6a3b9a2c973"
          }
        ]
      },
      "request": {
        "method": "PUT",
        "url": "Composition/5c2fce20-72fc-16a4-a566-14da8975e24e"
      }
    },
    {
      "fullUrl": "urn:uuid:10f50b3e-c967-023f-fa99-b7b1deceefae",
      "resource": {
        "resourceType": "Encounter",
        "id": "10f50b3e-c967-023f-fa99-b7b1deceefae",
        "status": "unknown",
        "class": {
          "code": "99213",
          "display": "Evaluation and Management",
          "system": "http://www.ama-assn.org/go/cpt"
        },
        "identifier": [
          {
            "system": "urn:oid:2.16.840.1.113883.19",
            "value": "9937012"
          }
        ],
        "location": [
          {
            "location": {
              "reference": "Location/6dfdc7c6-e225-71eb-cec1-75870e529061"
            }
          }
        ]
      },
      "request": {
        "method": "PUT",
        "url": "Encounter/10f50b3e-c967-023f-fa99-b7b1deceefae"
      }
    },
    {
      "fullUrl": "urn:uuid:6dfdc7c6-e225-71eb-cec1-75870e529061",
      "resource": {
        "resourceType": "Location",
        "id": "6dfdc7c6-e225-71eb-cec1-75870e529061"
      },
      "request": {
        "method": "PUT",
        "url": "Location/6dfdc7c6-e225-71eb-cec1-75870e529061"
      }
    },
    {
      "fullUrl": "urn:uuid:d9b17f7a-c973-98ba-d798-05a68eafe519",
      "resource": {
        "resourceType": "Organization",
        "id": "d9b17f7a-c973-98ba-d798-05a68eafe519",
        "identifier": [
          {
            "system": "http://hl7.org/fhir/sid/us-npi",
            "value": "321CX"
          }
        ],
        "name": "Good Health HIE",
        "address": [
          {
            "use": "work",
            "line": [
              "1009 Healthcare Drive "
            ],
            "city": "Portland",
            "state": "OR",
            "country": "US",
            "postalCode": "99123"
          }
        ],
        "telecom": [
          {
            "system": "phone",
            "value": "+1(555)-1009",
            "use": "work"
          }
        ]
      },
      "request": {
        "method": "PUT",
        "url": "Organization/d9b17f7a-c973-98ba-d798-05a68eafe519"
      }
    },
    {
      "fullUrl": "urn:uuid:08161958-acd8-1ccb-1416-a6a3b9a2c973",
      "resource": {
        "resourceType": "Practitioner",
        "id": "08161958-acd8-1ccb-1416-a6a3b9a2c973",
        "meta": {
          "profile": [
            "http://hl7.org/fhir/us/core/StructureDefinition/us-core-practitioner"
          ]
        },
        "identifier": [
          {
            "system": "http://hl7.org/fhir/sid/us-npi",
            "value": "555555555"
          }
        ],
        "name": [
          {
            "family": "Primary",
            "given": [
              "Patricia",
              "Patty"
            ],
            "suffix": [
              "M.D."
            ]
          }
        ],
        "address": [
          {
            "line": [
              "1004 Healthcare Drive "
            ],
            "city": "Portland",
            "state": "OR",
            "country": "US",
            "postalCode": "99123"
          }
        ],
        "telecom": [
          {
            "system": "phone",
            "value": "+1(555)-1004",
            "use": "work"
          }
        ],
        "qualification": [
          {
            "code": {
              "coding": [
                {
                  "code": "207QA0505X",
                  "display": "Adult Medicine",
                  "system": "http://nucc.org/provider-taxonomy"
                }
              ]
            }
          }
        ]
      },
      "request": {
        "method": "PUT",
        "url": "Practitioner/08161958-acd8-1ccb-1416-a6a3b9a2c973"
      }
    },
    {
      "fullUrl": "urn:uuid:75d72dd1-7f86-8a14-d4db-94b59ddc3627",
      "resource": {
        "resourceType": "Patient",
        "id": "75d72dd1-7f86-8a14-d4db-94b59ddc3627",
        "meta": {
          "profile": [
            "http://hl7.org/fhir/us/core/StructureDefinition/us-core-patient"
          ]
        },
        "identifier": [
          {
            "system": "http://hl7.org/fhir/sid/us-ssn",
            "value": "000-00-0000"
          }
        ],
        "name": [
          {
            "use": "usual",
            "family": "Betterhalf",
            "given": [
              "Eve"
            ]
          },
          {
            "family": "Everywoman",
            "given": [
              "Eve"
            ]
          }
        ],
        "birthDate": "1975-05-01",
        "gender": "female",
        "extension": [
          {
            "url": "http://hl7.org/fhir/us/core/StructureDefinition/us-core-race",
            "extension": [
              {
                "url": "ombCategory",
                "valueCoding": {
                  "code": "2106-3",
                  "display": "White"
                }
              },
              {
                "url": "ombCategory",
                "valueCoding": {
                  "code": "2076-8",
                  "display": "Hawaiian or Other Pacific Islander"
                }
              },
              {
                "url": "text",
                "valueString": "Mixed"
              }
            ]
          },
          {
            "url": "http://hl7.org/fhir/us/core/StructureDefinition/us-core-ethnicity",
            "extension": [
              {
                "url": "ombCategory",
                "valueCoding": {
                  "code": "2186-5",
                  "display": "Not Hispanic or Latino"
                }
              },
              {
                "url": "text",
                "valueString": "Not Hispanic or Latino"
              }
            ]
          }
        ],
        "address": [
          {
            "use": "home",
            "line": [
              "2222 Home Street"
            ],
            "city": "Beaverton",
            "state": "OR",
            "country": "US",
            "postalCode": "97867"
          }
        ],
        "telecom": [
          {
            "system": "phone",
            "value": "+1(555)555-2003",
            "use": "home"
          }
        ],
        "communication": [
          {
            "language": {
              "coding": [
                {
                  "system": "urn:ietf:bcp:47",
                  "code": "en",
                  "display": "English"
                }
              ]
            },
            "preferred": true
          }
        ]
      },
      "request": {
        "method": "PUT",
        "url": "Patient/75d72dd1-7f86-8a14-d4db-94b59ddc3627"
      }
    },
    {
      "fullUrl": "urn:uuid:1e516bfc-532c-65a4-45e2-e8536f0eb630",
      "resource": {
        "resourceType": "RelatedPerson",
        "id": "1e516bfc-532c-65a4-45e2-e8536f0eb630",
        "relationship": [
          {
            "coding": [
              {
                "code": "POWATT",
                "display": "Power of Attorney",
                "system": "urn:oid:2.16.840.1.113883.1.11.19830"
              }
            ]
          }
        ],
        "name": [
          {
            "family": "Betterhalf",
            "given": [
              "Boris",
              "Bo"
            ]
          }
        ],
        "telecom": [
          {
            "system": "phone",
            "value": "+1(555)555-2008",
            "use": "mobile"
          }
        ],
        "address": [
          {
            "use": "home",
            "line": [
              "2222 Home Street"
            ],
            "city": "Beaverton",
            "state": "OR",
            "country": "US",
            "postalCode": "97867"
          }
        ],
        "patient": {
          "reference": "Patient/75d72dd1-7f86-8a14-d4db-94b59ddc3627"
        }
      },
      "request": {
        "method": "PUT",
        "url": "RelatedPerson/1e516bfc-532c-65a4-45e2-e8536f0eb630"
      }
    },
    {
      "fullUrl": "urn:uuid:e0c97642-0168-79bd-a88f-928e48361894",
      "resource": {
        "resourceType": "DocumentReference",
        "id": "e0c97642-0168-79bd-a88f-928e48361894",
        "type": {
          "coding": [
            {
              "code": "11488-4",
              "display": "Consultation Note",
              "system": "http://loinc.org"
            }
          ]
        },
        "date": "2022-03-25T08:35:32.049Z",
        "status": "current",
        "content": [
          {
            "attachment": {
              "contentType": "text/plain",
              "data": "H4sIAAAAAAAACu1bW3PiyBV+zr/o8JB4NiOQwNw82FsYewZX2YY1eHfeUm2pAdUINSsJY/bX5zutC5IQN+8kqVRGZVeB+nb63Po7pw+dn9/mDnsVnm9L97JklPUSE64pLdudXpaex5+1Von5AXct7khXXJbWwi/9fNWhYZofrB3hz4QIWLBeoDEQb0HlzXdKbOaJyWWpd9Mt01cM+KumsfHM9pnP5wtHMH8mVz6zHWfpBx4P7FfBbHcivTk+S5ediTfTWRIVWN1bmsHSE9a1tNYfGDoxznrS9ZdOEPZ+lIFgmnbF1DJ3AVtxLLQQpj2xTe44a2aJV+HIhbBYINXajP45M9PTuDSNyV28JRrxhTPsQ3ged5gj5WKzxnhG9H5eOhNsYS7cYDBhwhH0iTm2+81nL9z8RosF6Ck9e2q7mMQTvy+FH4CMZN5kykHcKeIQt/iCek48OWf33IUQeNTms4UnX20LrSs7mLGeBk6zallnX5Z4S3N2eiCDNn8jzaUiCxJz/cvS0nMvZk5Tk9704rVWCl9fvPn2ZWkWBIuLSmW1WpVXtTI6VKq6blS+PtyPzJmYc812SRVMUWJ4woGv0szPWcG7eF7fCnLt9KZ0xaJN//QTI9L7glvCo2/EDjwdT3Bn3pPYDJQRqvU8KlXCFlK1OzBQyuCyVC0bjXLrXC8bZcOotVo1fMCmoIfCDVV6OOjd/LN/o+M51+M5lJpY4AoUBNy0Yh5BbaARSg3xDdJ7HrEnoiSm8OzX6gc2FhACj1ROkRS92EeWXq7iDw1lI0NfVTfqmt7SdCNN3LZ6/1pl71zv/MB6tpVuH4/bLdj8znnb5Xq5TU85mcCMxTRaQ7fnRcMatOtNl0c+h0zvB3ePvfA1XI9x3mppoDV6LNvHHtdhzy12QIOiR7Gra1k2tcF6Ro+Dh9sbNSlbzWxzxuB0YHb2K3dIxJFJqrWLzJ/GRXxOpidr/33JHTtYs7ngPpwR6z2M6jp7bSqbtj1okfImplgEocluM6FWPm+cQzI62FjFW/TQ9UbRapgfVHO2AElQUmyLvF6abgsLYisv5CfID0TbWng2OmKrS7hYEXxk3AlmcjkFFwKaEntk5tLzMCu8In/ltsNf4GzSNMAfu74T8iSUTa1p1GtkQKWDYm43tuUcikTrjRPhbgs48lZZiXhiIb2AnXnClJ7FuAd75WbwIVa8Cq0UmYQdOOKqJ+fzpUtigr1i57EdKZ3pVMJOqr+YTIRJx87YnouQYco2WnqjWtPbug4b0RN/QU4BjlWJArOn/NLjIZbUy9V6PI3D3emST0VqvHC1jWuDxO4yxuifYI3teJboNH9czl/gsaKtJcYa8nLMvakINjJfgOHY3pOM+JNRyNu38EQaSZNUcSSgQcTjaIWlT8c0aR9kAytho9EjG9zdlNNaVeBpoFCa+gOfd+4Q9hJRniGpPyRtLkHd59xb4zCf41BSZreRRoEF1vHBaG/RBROibYBN/eHGsyTNQCDAOPAxsHL/3nbFVRUP62NRNlJtncp2n61pTPDs6lpwyCeQLpSXvhcsBsd+NXiiKenTVoeFRINDKnTVbrYazU4l9WarNzELhxgx6xmGAU8xomn9iFt3owGrGY2GZsBUlm4AXtI8/gUDFCxTS9nIsyvcTNj76nlEVhh+znSoEFNPEVz/vski/j374njhBcBdAGyxouPrxT+Ms3q9/gH/GhAM8EAs25wmRVpfzDVy+hPb8wPmwkUl6A4+CSTik4/jhQeh1w3noZ19c+XKJRxRxDQ1kaLlflvNVI8pPJJ7dfsKZxV+LOw14XMb7lsdSQAwHlws9PZaBIHwZtyZdCphj20KKkTC7v364KRr7dwwx/GBwyls575P/iCIQWiaEfs3P3rq9b/z/q+fSjTKW68koNvJ++fWHOdPHIl8ES6wXspJfy5lT6vPAMNOiILzz6HDoAAGdQsWz2lqIqQbgp1ywl5sDyx3BZgvXbACOABSMm0YToQELL4uFIMamT70jHazrtcTOJjpDBu14VrIZSz9FEMecgx54J5nC+uIs/AA05LpsssW0eYJBwGTXPrdCYIwKCIOlRSJhm7A8AueLO6YeeC8jZjvzJWu1uNAS45tfgRQcrU4gvzwPknrzQIsRF7uKaacpUjfJfHeTY89cRP2BsO8DWaASXT2KpwKvECAKeAIzJTQJxRHkzbNl3PmxaNEMuov9JjQoSlCUgp8xARHlcVe1mzwcE1HAwJ9zyr2XjRfisFVQ29oYHGGn7/NcMYcRonVWusoRVAb/xvQx6fU1hVPdrGLvFhCaAI2yDMrO4H/sZg92XRBg7IDq3DLFKxe5PcNuVJWJLPvPl9xm9QI6HugfOSQK91hd4DSyqJP16GIT3+OKaHwv3hyucgIr9XQ6rlNACSzPl5wDKCN3EMxXfnfIhxI2bPA0uIjIIk5KcL/rTse5/YylCsIAZ6yGwTSc8W6cBuHt0IfgK1bNb1gP8JfIL6wEUANEZusC3ZxBLz8zjDzNLh5NOx8H/w8Gi7ugY3HAz2onOLyQ5E+ZXRqiBBJFmuW6leIErIzKXRyDTfq74Mq2f5pxNIDBLyWR42NwMwR+O4AzgmbDjBh02EHeICRmTvm3t2kmnfKNumxrd/neN5rA6fbwUm28H57OMkmDtlFpZjrncoeaaVSESpjAkyAY7J4fjpWkaeYluiwpICxUWtrVWSWFjOu1UIkQump0q07dWx/Vio6SnfnP6a7jHWODqmet4hxsj7+9o0iEzrR4Ye/CfedLr5ebhQ49/uI1u4LEFqwfihGoYpQJONx0iPwMdf3dM+QIvpLjuQvUlrvJ9M4Ymgh9cMNhbs2QVIehuHb3+l+Qd1PgLWxzHYKNeyKqcUdsGbsnL1lIWivHNY76HNBWN6Jbjy8gTcFPvmjWF+ji5RND5+N+oPn+xs2g/0DDLPH4d0nQGVoskqw0jWDyj19YhP+LY0Yi+BgNn9VNdrXX/dlrhpFHFCOmVAqLmaATPyxRCJOAcbZ2oeMQKMCa7tC1fgUVCfdbzCJ1HHIUudhndJqBevv9iPbfhXp6WacSb3xcFAd63xDpztE8pbA7x6fe5SvzfjYtlGtHfSxR/nWohRVZa+aJaqZ5Ek7la18aocvEURu5kVqOpNhrunNWjrY7iCRYk8RhXWz4wo0DnINn1O0Lg2VEbv80kWwX/+a80tdi7LkD8KCBrrbmY2DlztIH+weE4VISo9MjruNYcRkNuZv0pXzNTvr3w273Tixv19ZixUVIGGzgFJWdnxW9oCmnpaUPaih70qe7rP7yOw1YsMWCyPt2oX2dgPFEJniTPDILe1NyBWiW4wM1kfk8a6GYTJ4L6rt+EvkSt7Sa3R7pauH8k0ZQlFtx2T7wNlifmwaUmaIl6kvFg/4rQsILlLGHY9CQ15zcsZbq9Wa6jnJeE+wgOaWBfwfGkBd/94GcOvg3vgYNVa6cUrq+QhlTKlVp5JXwE5UMZOCSifoYyt+9l8v/lDIP6eQuH76zgrZ5550rGM0sm8vFtLEvYLw3+Ncb8qD7+1cM/qcVd+OiVIwmck7JKzqbTWp5uRqKtVjf3yQc8lVo/dOBE+BXAyN+3e370HrKR2J7+53pA0x8ATI3n4fEvrfxu1Hq8JGF7NKhfWy31PliE+4B1pkQlK0QotQeLPddHjw0ZY+4t5+3BXZ9IguqmC6f4j/DIY6uDuqMhEg29pvjflYuLtAGv2IQFhFXbvnJwKLpLOHcBW0UX0PEhJ7Y7eWbhh6LVMdFLIWKoXbSi+dsYrrek48mH9EeSFHf0R5P6K8f1uUlwEi28YfFlsI3/TsF1VuTWWVyPNgOmQPUfZDZ+skLP9GkvTMdlENhKQQXZuSE/tAV+p0I+8L79XGtSfywlRBY0VT4hLaVe3FdezKKeTKy6numZwLyk/uP49SBbCKLGY62FrY3qVKyzkASvj16ZdBFj6ozam11FZU4YB0HLmiOj74IiS0PHW1iUIAVJMkpepR9fpWBdameojAnG0it+oikcTTCySTUGm+6Uhk7Stxmf3W3Ts5xBCUtXnDMl64qRlNq6adG+261mrzc81AAe2L2dLbL+diT74LrrrRbqqbweztcFSnlFBFvwqIDlE/OJjKimqMic1H1MOmDoGKklVyGGUEHIFg8ES6mxfqJf0iY74g1XWnt67CRakcRMER0m7XmrpR3RfZ7eTa3jwfpswzozccU9l2yPB2u1pQdpO9taHjNNR3Kk554C6uA4gFeYr2lujmOztyxxVWZ6bAcA8G+xklGXQbUgyOEp1TG6/n4uBq4W3Ggblx3ZEnq1PZLUyCvFnp5yx181MY9iKttapqmdu4FY7cCVW6h7W6H5lPZWCb39usoGeq+ht8tJFIoDdUGR4wGACgV+J2EmPO/OwG1yjd+/u42IiqROAp11RfMQxhN7tzHBehBVUH04Y/MtaFa/SmVGZEcr5zA/hHlJabItUJmWBUT8xTb9J0dHG55/vhLzMwxRBByaaj9MAERF94l+oXNav+PBwBIse45wky7ell8AsPHBLqDvMpdgjqc/L6V9tH/Xx+bCKtFAzMcC1vYUn3lKRTmlEwON2xU8n/pufqX4wMxdm/NQAA",
              "hash": "ZDA4YzdjN2UwMTlhM2I5ODAyYTVkMDE0ZTcxZDdiOWE5ZDg0ZTBhYw=="
            }
          }
        ]
      },
      "request": {
        "method": "PUT",
        "url": "DocumentReference/e0c97642-0168-79bd-a88f-928e48361894"
      }
    }
  ]
}