{
  "resourceType": "Bundle",
  "type": "batch",
  "entry": [
    {
      "fullUrl": "urn:uuid:dc209780-9893-e9c9-8d0f-17a7f70c1d3b",
      "resource": {
        "resourceType": "Composition",
        "id": "dc209780-9893-e9c9-8d0f-17a7f70c1d3b",
        "identifier": {
          "use": "official",
          "value": "2.16.840.1.113883.19.5.99999.1"
        },
        "status": "final",
        "type": {
          "coding": [
            {
              "code": "11490-0",
              "display": "Discharge summarization note",
              "system": "http://loinc.org"
            }
          ]
        },
        "date": "2012-09-16T19:18:00-04:00",
        "title": "Community Health and Hospitals: Discharge Summary (UD)",
        "confidentiality": "N",
        "attester": [
          {
            "mode": "legal",
            "time": "2009-02-27T13:00:00-05:00",
            "party": {
              "reference": "Practitioner/151bd63c-93e9-9838-dd94-f74d3b63be52"
            }
          }
        ],
        "subject": {
          "reference": "Patient/23fbdd4a-87da-2c06-561f-aa650d1fcbcf"
        },
        "custodian": {
          "reference": "Organization/ccf335f7-e962-e711-c0ac-aca0f1f41b74"
        },
        "author": [
          {
            "reference": "Practitioner/b818f780-0177-affe-d9d2-2aefb7adeee2"
          }
        ]
      },
      "request": {
        "method": "PUT",
        "url": "Composition/dc209780-9893-e9c9-8d0f-17a7f70c1d3b"
      }
    },
    {
      "fullUrl": "urn:uuid:151bd63c-93e9-9838-dd94-f74d3b63be52",
      "resource": {
        "resourceType": "Practitioner",
        "id": "151bd63c-93e9-9838-dd94-f74d3b63be52",
        "meta": {
          "profile": [
            "http://hl7.org/fhir/us/core/StructureDefinition/us-core-practitioner"
          ]
        },
        "identifier": [
          {
            "system": "http://hl7.org/fhir/sid/us-npi",
            "value": "999999999"
          }
        ],
        "name": [
          {
            "family": "Seven",
            "given": [
              "Henry"
            ]
          }
        ],
        "address": [
          {
            "line": [
              "1001 Village Avenue"
            ],
            "city": "Portland",
            "state": "OR",
            "country": "US",
            "postalCode": "99123"
          }
        ],
        "telecom": [
          {
            "system": "phone",
            "value": "555-555-1002",
            "use": "work"
          }
        ]
      },
      "request": {
        "method": "PUT",
        "url": "Practitioner/151bd63c-93e9-9838-dd94-f74d3b63be52"
      }
    },
    {
      "fullUrl": "urn:uuid:ccf335f7-e962-e711-c0ac-aca0f1f41b74",
      "resource": {
        "resourceType": "Organization",
        "id": "ccf335f7-e962-e711-c0ac-aca0f1f41b74",
        "identifier": [
          {
            "system": "http://hl7.org/fhir/sid/us-npi",
            "value": "99999999"
          }
        ],
        "name": "Community Health and Hospitals",
        "address": [
          {
            "use": "work",
            "line": [
              "1002 Healthcare Drive "
            ],
            "city": "Portland",
            "state": "OR",
            "country": "US",
            "postalCode": "99123"
          }
        ],
        "telecom": [
          {
            "system": "phone",
            "value": "555-555-1002",
            "use": "work"
          }
        ]
      },
      "request": {
        "method": "PUT",
        "url": "Organization/ccf335f7-e962-e711-c0ac-aca0f1f41b74"
      }
    },
    {
      "fullUrl": "urn:uuid:b818f780-0177-affe-d9d2-2aefb7adeee2",
      "resource": {
        "resourceType": "Practitioner",
        "id": "b818f780-0177-affe-d9d2-2aefb7adeee2",
        "meta": {
          "profile": [
            "http://hl7.org/fhir/us/core/StructureDefinition/us-core-practitioner"
          ]
        },
        "identifier": [
          {
            "system": "http://hl7.org/fhir/sid/us-npi",
            "value": "99999999"
          }
        ],
        "name": [
          {
            "family": "Seven",
            "given": [
              "Henry"
            ]
          }
        ],
        "address": [
          {
            "line": [
              "1002 Healthcare Drive "
            ],
            "city": "Portland",
            "state": "OR",
            "country": "US",
            "postalCode": "99123"
          }
        ],
        "telecom": [
          {
            "system": "phone",
            "value": "555-555-1002",
            "use": "work"
          }
        ],
        "qualification": [
          {
            "code": {
              "coding": [
                {
                  "code": "200000000X",
                  "display": "Allopathic & Osteopathic Physicians",
                  "system": "http://nucc.org/provider-taxonomy"
                }
              ]
            }
          }
        ]
      },
      "request": {
        "method": "PUT",
        "url": "Practitioner/b818f780-0177-affe-d9d2-2aefb7adeee2"
      }
    },
    {
      "fullUrl": "urn:uuid:23fbdd4a-87da-2c06-561f-aa650d1fcbcf",
      "resource": {
        "resourceType": "Patient",
        "id": "23fbdd4a-87da-2c06-561f-aa650d1fcbcf",
        "meta": {
          "profile": [
            "http://hl7.org/fhir/us/core/StructureDefinition/us-core-patient"
          ]
        },
        "identifier": [
          {
            "system": "http://hl7.org/fhir/sid/us-ssn",
            "value": "111-00-2330"
          }
        ],
        "name": [
          {
            "use": "usual",
            "family": "Levin",
            "given": [
              "Henry",
              "L"
            ]
          }
        ],
        "birthDate": "1953-03-02",
        "gender": "male",
        "extension": [
          {
            "url": "http://hl7.org/fhir/us/core/StructureDefinition/us-core-race",
            "extension": [
              {
                "url": "detailed",
                "valueCoding": {
                  "code": "1966-1",
                  "display": "Aleut"
                }
              },
              {
                "url": "text",
                "valueString": "Aleut"
              }
            ]
          },
          {
            "url": "http://hl7.org/fhir/us/core/StructureDefinition/us-core-ethnicity",
            "extension": [
              {
                "url": "ombCategory",
                "valueCoding": {
                  "code": "2186-5",
                  "display": "Not Hispanic or Latino"
                }
              },
              {
                "url": "text",
                "valueString": "Not Hispanic or Latino"
              }
            ]
          }
        ],
        "address": [
          {
            "use": "home",
            "line": [
              "1357 Amber Drive"
            ],
            "city": "Beaverton",
            "state": "OR",
            "country": "US",
            "postalCode": "97867"
          }
        ],
        "telecom": [
          {
            "system": "phone",
            "value": "(816)276-6909",
            "use": "home"
          }
        ],
        "communication": [
          {
            "language": {
              "coding": [
                {
                  "system": "urn:ietf:bcp:47",
                  "code": "en",
                  "display": "English"
                }
              ]
            },
            "preferred": true
          }
        ]
      },
      "request": {
        "method": "PUT",
        "url": "Patient/23fbdd4a-87da-2c06-561f-aa650d1fcbcf"
      }
    },
    {
      "fullUrl": "urn:uuid:6e01fadc-40b4-5b8a-62b7-0bb2634dfbd3",
      "resource": {
        "resourceType": "RelatedPerson",
        "id": "6e01fadc-40b4-5b8a-62b7-0bb2634dfbd3",
        "relationship": [
          {
            "coding": [
              {
                "code": "GRPRN",
                "display": "Grandparent",
                "system": "urn:oid:2.16.840.1.113883.5.111"
              }
            ]
          }
        ],
        "name": [
          {
            "family": "Jones",
            "given": [
              "Ralph"
            ]
          }
        ],
        "telecom": [
          {
            "system": "phone",
            "value": "(816)276-6909",
            "use": "home"
          }
        ],
        "address": [
          {
            "use": "home",
            "line": [
              "1357 Amber Drive"
            ],
            "city": "Beaverton",
            "state": "OR",
            "country": "US",
            "postalCode": "97867"
          }
        ],
        "patient": {
          "reference": "Patient/23fbdd4a-87da-2c06-561f-aa650d1fcbcf"
        }
      },
      "request": {
        "method": "PUT",
        "url": "RelatedPerson/6e01fadc-40b4-5b8a-62b7-0bb2634dfbd3"
      }
    },
    {
      "fullUrl": "urn:uuid:9abc6d21-04bc-b265-465b-72a6fc974914",
      "resource": {
        "resourceType": "DocumentReference",
        "id": "9abc6d21-04bc-b265-465b-72a6fc974914",
        "type": {
          "coding": [
            {
              "code": "11490-0",
              "display": "Discharge summarization note",
              "system": "http://loinc.org"
            }
          ]
        },
        "date": "2022-03-25T08:35:30.452Z",
        "status": "current",
        "content": [
          {
            "attachment": {
              "contentType": "text/plain",
              "data": "H4sIAAAAAAAACu1abXPiuhX+nH+hMnfa3c7a2CaQQB3u5JLsJi2bMJDc3m8ZxRbgrrEZS05Cf30fyTIIsEl27/b2Q5fZnbElnfej5xzJ8X9+WcTkiWU8SpOzhms7DcKSIA2jZHbWuL/7aJ02CBc0CWmcJuyssWK88XPf/5NlkbtIxKxH9O8+4SLLA5FnLCQXaZAvWCLIu4xNWQaO7D35GMUsoQtNMrAGF+cPY+/BJHwoCR/WdLZUcJAxKsD3cSWJhzSBRpQM0oTnsYCq5FOW5ssPZDgcEPLTkHIxmNNkxsILkPWI57jHlutYLYc4Ts91esdtYjnHjkPe3c3zDwTjt4FQy96TnyDhr9/4IxcRD2IaLVjWI3fziBNOF8uYkSlsJ0EKvaOEk4wtM8ZhJhXREyMhFZSwmEnDORHpZp7QpNqxNgF7zTZkyygAIcVrIBBHGpNgTjMaCJb9hZM5o7GYKyk2OU9WYM/Z4jGm8K6URjEAkiWSIE0IdA7SKAmiUOoXS0EpieI4hxZwJqGcLCiYbCuN0WXKefQYsw9EQLMgjpIoAFseIOhZlIJqRZJUkEdGljHN1VpthuIVJSDc8RheJUmUCJaEMH/LN4XWcKHU4AP0TyVdmm1ksyc5pYRsGOMpZDyaJQU/qJNzPEI84vOvPFEuJM8RXCYNUXlKBiXLm1QwTq4lJ2k5VYs/5fCW/e1ZY1l9v5Sw3jrI+4T3Xnh01pgLsew1m8/Pz/Zzy06zWdNzHLf52+fhJJizBbWQVNgRAWsUVGeNPEt68/jEwtreU0sP94KQ1k3xUATbc3Kk0T9SWx06Si9cMRqyjBQaH/kyAItBGsrMDoEN95NGE8NitWTXIcnSVJw1PNvt2KfHju3arts6PW3hAULZCyJaYM7odnDxcHXh4HfsKAZS4v2EfGIJy+ByLfWOwekyA5Vsod8OCXJsD/8wYbtbEhUcOB3L6W7EVaLX7xLpHJIZhebk3V33FDhby7Vrt+2u/MEQSR2UPp+sOLSqoulImzdLboC7Z43h7fXNoBgG1rvHXceClmHEYdeqWCIBDNgxY4TniwU27r+LFMc2ZEV0Jer3B+likSeRWMnoSHRBhSBXKV9GwAzeIxs2E8VmRd7dX7z3mwX1kc+mU4aN9sTugJXkicY5Uz7ynK7bcbvuqYJnbWwyVWAU0RgCjXy7abzihLbttRUPYN0spzNmELPE0vnKmbjeCgf/ingU4dQF9CZfPCJTtTlFrDIWpFl4J30h+kdHvgascSr9cFRk30f6BY5KA1hIJizIM+lYzQxAifomkQh4nssFkxtye31hq6Q82k0l13Utx7G8VsupN+C4yCMt/WokMbGxzCIVqHm6AI5Ms3RheJdUOReyuqUWNAylrjD7agTUkEPYUYyJc0wwzodRwvpuq31CzpVZFxmC7zf31yjSAA7o/8Io/CrSxG+qd80UO7B/O5ak8kkNovQg7WRw+92T086J3zRG1AoNKdLOe6QtNvlEknNt6PXklrTcTsdy0VTkiYAbJC0SGR2RLWdsV1sqE1Kt6N9PoJh+luNN6YM3ePVqCCcUFt9z9qpnBYpsADKdVXjtvTt1O++9k47V6QJP1m4vQqoTbGP3UCkyZDMaGxpcYkMJtenrlJBNkjZZtm2FmGER3CN/hvgl/SuWZCu/WbyYE8PtwSldRPGqP2RPEcKp39RMU/IuHmm4QA1UfQZIAf+AfWPHfn59u7s7aPaZxgq1JPfHKBNzE27cbrvltByvXCDRDkkjEyPn23J3mGZZxMI3gM8+An/elVEKz1gczaI05+dTdD6RAl1DB9dxWztqDOYZfBWhQ3yXpIk1oGKexlHwAVCdWHzJggjt4Pt9FWTwx6U0Yoh7g3udk85aYRqYcOp25e7ZUfE8Zrl4jW3H9lqn+2qOwZ/8GS3b38ilmKM1kphooQ0ZlBowNaw6f0MRzz3tWO0dRdC1kSsMUBDIDnEIg5P0v6YZak0WIjI6+dfl+qzxaTwa3+wo9ylD8VxSnHZe9ZVChpqQoqCoCa3E98P2SnT/Xfh+COFrMP4tKP99cb4e6U2s/3qANvJjpI5cpbQ1EG5QdEzj5XwLSTdY+necx/kWlm6hKZ4rxGwGDVBEKgYlkfFchH0t9kDE6kL2ppgdcPO2n5sb3fzmjuJGh6ca00Ahmias7P7WwVhgwJi5nIx29uflizxxyjMiX6ZfQPnqJu04Fb23VuL8EXgrVp/Nnbpc33Zco40u8yjL19WhWWsevLKp92CUPqFXzm6zGaCuaN0LDugSX21nbbfVbZUiVSLttflli2+W7TL/VZb/E94zNgJpt9uW+o/jXcnaiGkFhuBkS37FhQOsJefI+7weRoqcHKWZgH9CMyWrE3IrHbuu19pPx9pkNNq7Zo2b17Eomnu/ud37+zRHiZYscIgyTz1O22l5Xc87PpbNe1s7yqe8uKU4L8l2e311BMHvUKOv67VZgyCw+P32egFE37FX0+MUZs5RSIsaeAvqcmQ0X3HUQ5pwLXYd6upIezqvAlS/omSQw2eCili/fiSojPQb2vhDiV3mtTSitFXHy4RbA45rG2aN4BN5W1XTG0OpXeaboTI/MFI+yQs1NPjAFJVu5cqi5y8z6VDSVKTZcctre28L61s38I+Y1sW0jJTf3AqlHyXTNMP9q6gPqxG5f4ywy92TwzcZP0L6R4fUCOJ2QGX3is8HvDh9jsaTzW23vN7XN/Tqarp4xnUQDo6q/vB5tNzcWutCpC+J5OlSfj8pVNiIwOXreNLYrQ+T0WQH8yej2/vJ5WvVQj4go9qd1n73MyrVHZvqqjPLHa6Lya8SWXH3JXQ2aoUPQulHnJu+VMZovzU2Y7TLez1SHaEAXz5S3TGvt9zAGJTa6igZE5Ut2LcV77pmbOvOtaojq2rEVMFalzSjI1uPHWrNvqJg/8+6szdEY7MrjUCCo/GiU0ASjHGXstQ9tl9+izIHa1d/T2ipEyFvmBmYhfsZ91Vpo9rVKkZS9J7Ndfr4sbxnlC2JvLHHOaWy4e06nnfitnBRvWl3ZTxwK5aZhzF1Qf+GQtf9mlb4R/Pyh1W6qmRQx6AfyfH/elrZJMdOHugPzbVfyI/kgm/9xL7DjqwZksuX4s8C0ilaKX0LE5Kw/ASs1sGtS7QURQHA9To+vP+ShkUABGCosH9NXnr+/uKh+JsDexlOtdubej28ZfCRMS1F+M3dPwXo/weaM9/qpiMAAA==",
              "hash": "ZDE5OWEyNjgxMDY0ZDMwYTdkMDMxMjAyNjRhNTYyZWUwMTA4YmFkOA=="
            }
          }
        ]
      },
      "request": {
        "method": "PUT",
        "url": "DocumentReference/9abc6d21-04bc-b265-465b-72a6fc974914"
      }
    }
  ]
}