{
    "id": "0",
    "valueReference": "testReference",
    "resourceType": "oldType",
    "extension": {
        "test": "test"
    }
}