{
    "id": "1",
    "valueReference" : "testReference",
    "data" : "newData",
    "resourceType" : "newType",
    "extension" : "replace"
}