{
    "id": "0",
    "valueReference": "testReference",
    "resourceType": "oldType",
    "extension": {
        "id": "1",
        "valueReference": "testReference",
        "data": "newData",
        "resourceType": "newType",
        "extension": "replace"
    }
}