{
    "id": "1",
    "data": "newData",
    "resourceType": "newType",
    "extension": "",
    "valueReference": ""
}