{
  "resourceType": "Patient",
  "id": "e8b835f7-0c46-4166-22ad-23e6783aaf54",
  "identifier": [
    {
      "use": "usual",
      "type": {
        "coding": [
          {
            "system": "http://terminology.hl7.org/CodeSystem/v2-0203",
            "code": "MR"
          }
        ]
      },
      "system": "urn:oid:2.16.840.1.113883.19.5",
      "value": "M0R1N2"
    }
  ],
  "active": true,
  "name": [
    {
      "family": "Smith",
      "given": [
        "Jerry"
      ]
    }
  ],
  "telecom": [
    {
      "system": "phone",
      "value": "1234-5678"
    },
    {
      "system": "phone",
      "value": "1234-5679"
    }
  ],
  "gender": "male",
  "birthDate": "2001-01-10",
  "managingOrganization": {
    "reference": "Organization/2.16.840.1.113883.19.5",
    "display": "Good Health Clinic"
  }
}