{
  "resourceType": "Bundle",
  "type": "batch",
  "entry": [
    {
      "fullUrl": "urn:uuid:46a4ae4a-031e-7e0a-fee4-540ad5938724",
      "resource": {
        "resourceType": "Composition",
        "id": "46a4ae4a-031e-7e0a-fee4-540ad5938724",
        "identifier": {
          "use": "official",
          "value": "2.16.840.1.113883.19.5.99999.1"
        },
        "status": "final",
        "type": {
          "coding": [
            {
              "code": "34133-9",
              "display": "Summarization of Episode Note",
              "system": "http://loinc.org"
            }
          ]
        },
        "date": "2015-07-22T18:00:00-05:00",
        "title": "170.315_b1_toc_gold_sample2 test data",
        "confidentiality": "N",
        "attester": [
          {
            "mode": "legal",
            "time": "2015-07-22",
            "party": {
              "reference": "Practitioner/94866a00-1f48-91e8-9327-cc1da205e69b"
            }
          }
        ],
        "event": [
          {
            "period": {
              "start": "2015-07-22T18:00:00-05:00",
              "end": "2015-07-22T23:00:00-05:00"
            }
          }
        ],
        "section": [
          {
            "title": "ALLERGIES AND ADVERSE REACTIONS",
            "text": {
              "status": "generated",
              "div": "<div xmlns=\"http://www.w3.org/1999/xhtml\">ALLERGIES AND ADVERSE REACTIONS</div>"
            },
            "code": {
              "coding": [
                {
                  "code": "48765-2",
                  "system": "http://loinc.org"
                }
              ]
            },
            "mode": "snapshot"
          },
          {
            "title": "MEDICATIONS",
            "text": {
              "status": "generated",
              "div": "<div xmlns=\"http://www.w3.org/1999/xhtml\">MEDICATIONS</div>"
            },
            "code": {
              "coding": [
                {
                  "code": "10160-0",
                  "display": "HISTORY OF MEDICATION USE",
                  "system": "http://loinc.org"
                }
              ]
            },
            "mode": "snapshot"
          },
          {
            "title": "Admission Medications",
            "text": {
              "status": "generated",
              "div": "<div xmlns=\"http://www.w3.org/1999/xhtml\">Admission Medications</div>"
            },
            "code": {
              "coding": [
                {
                  "code": "42346-7",
                  "display": "MEDICATIONS ON ADMISSION",
                  "system": "http://loinc.org"
                }
              ]
            },
            "mode": "snapshot"
          },
          {
            "title": "Discharge Medications",
            "text": {
              "status": "generated",
              "div": "<div xmlns=\"http://www.w3.org/1999/xhtml\">Discharge Medications</div>"
            },
            "code": {
              "coding": [
                {
                  "code": "10183-2",
                  "display": "Hospital Discharge Medications",
                  "system": "http://loinc.org"
                }
              ]
            },
            "mode": "snapshot"
          },
          {
            "title": "Problem List",
            "text": {
              "status": "generated",
              "div": "<div xmlns=\"http://www.w3.org/1999/xhtml\">Problem List</div>"
            },
            "code": {
              "coding": [
                {
                  "code": "11450-4",
                  "display": "Problem List",
                  "system": "http://loinc.org"
                }
              ]
            },
            "mode": "snapshot"
          },
          {
            "title": "ENCOUNTERS",
            "text": {
              "status": "generated",
              "div": "<div xmlns=\"http://www.w3.org/1999/xhtml\">ENCOUNTERS</div>"
            },
            "code": {
              "coding": [
                {
                  "code": "46240-8",
                  "display": "History of encounters",
                  "system": "http://loinc.org"
                }
              ]
            },
            "mode": "snapshot"
          },
          {
            "title": "Procedures",
            "text": {
              "status": "generated",
              "div": "<div xmlns=\"http://www.w3.org/1999/xhtml\">Procedures</div>"
            },
            "code": {
              "coding": [
                {
                  "code": "47519-4",
                  "display": "PROCEDURES",
                  "system": "http://loinc.org"
                }
              ]
            },
            "mode": "snapshot"
          },
          {
            "title": "MEDICAL EQUIPMENT",
            "text": {
              "status": "generated",
              "div": "<div xmlns=\"http://www.w3.org/1999/xhtml\">MEDICAL EQUIPMENT</div>"
            },
            "code": {
              "coding": [
                {
                  "code": "46264-8",
                  "system": "http://loinc.org"
                }
              ]
            },
            "mode": "snapshot"
          },
          {
            "title": "IMMUNIZATIONS",
            "text": {
              "status": "generated",
              "div": "<div xmlns=\"http://www.w3.org/1999/xhtml\">IMMUNIZATIONS</div>"
            },
            "code": {
              "coding": [
                {
                  "code": "11369-6",
                  "display": "History of immunizations",
                  "system": "http://loinc.org"
                }
              ]
            },
            "mode": "snapshot"
          },
          {
            "title": "VITAL SIGNS",
            "text": {
              "status": "generated",
              "div": "<div xmlns=\"http://www.w3.org/1999/xhtml\">VITAL SIGNS</div>"
            },
            "code": {
              "coding": [
                {
                  "code": "8716-3",
                  "display": "VITAL SIGNS",
                  "system": "http://loinc.org"
                }
              ]
            },
            "mode": "snapshot"
          },
          {
            "title": "SOCIAL HISTORY",
            "text": {
              "status": "generated",
              "div": "<div xmlns=\"http://www.w3.org/1999/xhtml\">SOCIAL HISTORY</div>"
            },
            "code": {
              "coding": [
                {
                  "code": "29762-2",
                  "display": "Social History",
                  "system": "http://loinc.org"
                }
              ]
            },
            "mode": "snapshot"
          },
          {
            "title": "RESULTS",
            "text": {
              "status": "generated",
              "div": "<div xmlns=\"http://www.w3.org/1999/xhtml\">RESULTS</div>"
            },
            "code": {
              "coding": [
                {
                  "code": "30954-2",
                  "display": "RESULTS",
                  "system": "http://loinc.org"
                }
              ]
            },
            "mode": "snapshot"
          },
          {
            "title": "ASSESSMENTS",
            "text": {
              "status": "generated",
              "div": "<div xmlns=\"http://www.w3.org/1999/xhtml\">ASSESSMENTS</div>"
            },
            "code": {
              "coding": [
                {
                  "code": "51848-0",
                  "display": "ASSESSMENTS",
                  "system": "http://loinc.org"
                }
              ]
            },
            "mode": "snapshot"
          },
          {
            "title": "TREATMENT PLAN",
            "text": {
              "status": "generated",
              "div": "<div xmlns=\"http://www.w3.org/1999/xhtml\">TREATMENT PLAN</div>"
            },
            "code": {
              "coding": [
                {
                  "code": "18776-5",
                  "display": "Treatment plan",
                  "system": "http://loinc.org"
                }
              ]
            },
            "mode": "snapshot"
          },
          {
            "title": "Goals Section",
            "text": {
              "status": "generated",
              "div": "<div xmlns=\"http://www.w3.org/1999/xhtml\">Goals Section</div>"
            },
            "code": {
              "coding": [
                {
                  "code": "61146-7",
                  "display": "Goals",
                  "system": "http://loinc.org"
                }
              ]
            },
            "mode": "snapshot"
          },
          {
            "title": "Health Concerns",
            "text": {
              "status": "generated",
              "div": "<div xmlns=\"http://www.w3.org/1999/xhtml\">Health Concerns</div>"
            },
            "code": {
              "coding": [
                {
                  "code": "75310-3",
                  "display": "Health Concerns Document",
                  "system": "http://loinc.org"
                }
              ]
            },
            "mode": "snapshot"
          },
          {
            "title": "HOSPITAL DISCHARGE INSTRUCTIONS",
            "text": {
              "status": "generated",
              "div": "<div xmlns=\"http://www.w3.org/1999/xhtml\">HOSPITAL DISCHARGE INSTRUCTIONS</div>"
            },
            "code": {
              "coding": [
                {
                  "code": "8653-8",
                  "display": "HOSPITAL DISCHARGE INSTRUCTIONS",
                  "system": "http://loinc.org"
                }
              ]
            },
            "mode": "snapshot"
          },
          {
            "title": "MENTAL STATUS",
            "text": {
              "status": "generated",
              "div": "<div xmlns=\"http://www.w3.org/1999/xhtml\">MENTAL STATUS</div>"
            },
            "code": {
              "coding": [
                {
                  "code": "10190-7",
                  "display": "MENTAL STATUS",
                  "system": "http://loinc.org"
                }
              ]
            },
            "mode": "snapshot"
          },
          {
            "title": "FUNCTIONAL STATUS",
            "text": {
              "status": "generated",
              "div": "<div xmlns=\"http://www.w3.org/1999/xhtml\">FUNCTIONAL STATUS</div>"
            },
            "code": {
              "coding": [
                {
                  "code": "47420-5",
                  "display": "Functional Status",
                  "system": "http://loinc.org"
                }
              ]
            },
            "mode": "snapshot"
          },
          {
            "title": "Interventions Section",
            "text": {
              "status": "generated",
              "div": "<div xmlns=\"http://www.w3.org/1999/xhtml\">Interventions Section</div>"
            },
            "code": {
              "coding": [
                {
                  "code": "62387-6",
                  "display": "Interventions Provided",
                  "system": "http://loinc.org"
                }
              ]
            },
            "mode": "snapshot"
          }
        ],
        "subject": {
          "reference": "Patient/89236d99-8509-7d3a-9dfb-a82c6b81d268"
        },
        "encounter": {
          "reference": "Encounter/b6f5ed56-7748-00d5-9ceb-39811c553b86"
        },
        "custodian": {
          "reference": "Organization/60584e77-f1e2-7864-31ce-931c9781c1dc"
        },
        "author": [
          {
            "reference": "Practitioner/c90aeaec-bb03-beee-f30a-9397bf62eb93"
          }
        ]
      },
      "request": {
        "method": "PUT",
        "url": "Composition/46a4ae4a-031e-7e0a-fee4-540ad5938724"
      }
    },
    {
      "fullUrl": "urn:uuid:94866a00-1f48-91e8-9327-cc1da205e69b",
      "resource": {
        "resourceType": "Practitioner",
        "id": "94866a00-1f48-91e8-9327-cc1da205e69b",
        "meta": {
          "profile": [
            "http://hl7.org/fhir/us/core/StructureDefinition/us-core-practitioner"
          ]
        },
        "identifier": [
          {
            "system": "http://hl7.org/fhir/sid/us-npi",
            "value": "999998899"
          }
        ],
        "name": [
          {
            "family": "Seven",
            "given": [
              "Henry"
            ],
            "prefix": [
              "Dr"
            ]
          }
        ],
        "address": [
          {
            "line": [
              "1002 Healthcare Dr"
            ],
            "city": "Portland",
            "state": "OR",
            "country": "US",
            "postalCode": "97266"
          }
        ],
        "telecom": [
          {
            "system": "phone",
            "value": "+1(555)-555-1002",
            "use": "work"
          }
        ]
      },
      "request": {
        "method": "PUT",
        "url": "Practitioner/94866a00-1f48-91e8-9327-cc1da205e69b"
      }
    },
    {
      "fullUrl": "urn:uuid:b6f5ed56-7748-00d5-9ceb-39811c553b86",
      "resource": {
        "resourceType": "Encounter",
        "id": "b6f5ed56-7748-00d5-9ceb-39811c553b86",
        "status": "unknown",
        "identifier": [
          {
            "system": "urn:oid:2.16.840.1.113883.19",
            "value": "9937012"
          }
        ],
        "period": {
          "start": "2015-07-22T18:00:00-05:00",
          "end": "2015-07-22T23:00:00-05:00"
        }
      },
      "request": {
        "method": "PUT",
        "url": "Encounter/b6f5ed56-7748-00d5-9ceb-39811c553b86"
      }
    },
    {
      "fullUrl": "urn:uuid:60584e77-f1e2-7864-31ce-931c9781c1dc",
      "resource": {
        "resourceType": "Organization",
        "id": "60584e77-f1e2-7864-31ce-931c9781c1dc",
        "identifier": [
          {
            "system": "http://hl7.org/fhir/sid/us-npi",
            "value": "99998899"
          }
        ],
        "name": "Community Health and Hospitals",
        "address": [
          {
            "line": [
              "1002 Healthcare Dr"
            ],
            "city": "Portland",
            "state": "OR",
            "country": "US",
            "postalCode": "97266"
          }
        ],
        "telecom": [
          {
            "system": "phone",
            "value": "+1(555)-555-5000",
            "use": "work"
          }
        ]
      },
      "request": {
        "method": "PUT",
        "url": "Organization/60584e77-f1e2-7864-31ce-931c9781c1dc"
      }
    },
    {
      "fullUrl": "urn:uuid:c90aeaec-bb03-beee-f30a-9397bf62eb93",
      "resource": {
        "resourceType": "Practitioner",
        "id": "c90aeaec-bb03-beee-f30a-9397bf62eb93",
        "meta": {
          "profile": [
            "http://hl7.org/fhir/us/core/StructureDefinition/us-core-practitioner"
          ]
        },
        "identifier": [
          {
            "system": "http://hl7.org/fhir/sid/us-npi",
            "value": "111111"
          }
        ],
        "name": [
          {
            "family": "Seven",
            "given": [
              "Henry"
            ],
            "prefix": [
              "Dr"
            ]
          }
        ],
        "address": [
          {
            "line": [
              "1002 Healthcare Dr"
            ],
            "city": "Portland",
            "state": "OR",
            "country": "US",
            "postalCode": "97266"
          }
        ],
        "telecom": [
          {
            "system": "phone",
            "value": "+1(555)-555-1002",
            "use": "work"
          }
        ],
        "qualification": [
          {
            "code": {
              "coding": [
                {
                  "code": "281P00000X",
                  "display": "Chronic Disease Hospital",
                  "system": "http://nucc.org/provider-taxonomy"
                }
              ]
            }
          }
        ]
      },
      "request": {
        "method": "PUT",
        "url": "Practitioner/c90aeaec-bb03-beee-f30a-9397bf62eb93"
      }
    },
    {
      "fullUrl": "urn:uuid:89236d99-8509-7d3a-9dfb-a82c6b81d268",
      "resource": {
        "resourceType": "Patient",
        "id": "89236d99-8509-7d3a-9dfb-a82c6b81d268",
        "meta": {
          "profile": [
            "http://hl7.org/fhir/us/core/StructureDefinition/us-core-patient"
          ]
        },
        "identifier": [
          {
            "system": "http://hl7.org/fhir/sid/us-ssn",
            "value": "414122222"
          }
        ],
        "name": [
          {
            "use": "usual",
            "family": "Maur",
            "given": [
              "Richard"
            ],
            "suffix": [
              "jr"
            ]
          }
        ],
        "birthDate": "1980-08-01",
        "gender": "male",
        "extension": [
          {
            "url": "http://hl7.org/fhir/us/core/StructureDefinition/us-core-race",
            "extension": [
              {
                "url": "ombCategory",
                "valueCoding": {
                  "system": "http://terminology.hl7.org/CodeSystem/v3-NullFlavor",
                  "code": "UNK",
                  "display": "Unknown"
                }
              },
              {
                "url": "ombCategory",
                "valueCoding": {
                  "system": "http://terminology.hl7.org/CodeSystem/v3-NullFlavor",
                  "code": "UNK",
                  "display": "Unknown"
                }
              },
              {
                "url": "text",
                "valueString": "Mixed"
              }
            ]
          },
          {
            "url": "http://hl7.org/fhir/us/core/StructureDefinition/us-core-ethnicity",
            "extension": [
              {
                "url": "ombCategory",
                "valueCoding": {
                  "system": "http://terminology.hl7.org/CodeSystem/v3-NullFlavor",
                  "code": "UNK",
                  "display": "Unknown"
                }
              },
              {
                "url": "text",
                "valueString": "Unknown"
              }
            ]
          }
        ],
        "address": [
          {
            "use": "home",
            "line": [
              "1357 Amber Dr"
            ],
            "city": "Beaverton",
            "state": "OR",
            "country": "US",
            "postalCode": "97006"
          }
        ],
        "telecom": [
          {
            "system": "phone",
            "value": "+1(555)-777-1234",
            "use": "mobile"
          },
          {
            "system": "phone",
            "value": "+1(555)-723-1544",
            "use": "home"
          }
        ],
        "communication": [
          {
            "language": {
              "coding": [
                {
                  "system": "urn:ietf:bcp:47",
                  "code": "en",
                  "display": "English"
                }
              ]
            },
            "preferred": true
          }
        ]
      },
      "request": {
        "method": "PUT",
        "url": "Patient/89236d99-8509-7d3a-9dfb-a82c6b81d268"
      }
    },
    {
      "fullUrl": "urn:uuid:9c900362-80a3-a844-0d6b-f34fcf42701a",
      "resource": {
        "resourceType": "AllergyIntolerance",
        "id": "9c900362-80a3-a844-0d6b-f34fcf42701a",
        "identifier": [
          {
            "system": "urn:ietf:rfc:3986",
            "value": "urn:uuid:4adc1020-7b16-11db-9fe1-0832200c9a66"
          }
        ],
        "clinicalStatus": {
          "coding": [
            {
              "system": "http://terminology.hl7.org/CodeSystem/allergyintolerance-clinical",
              "code": "active"
            }
          ]
        },
        "patient": {
          "reference": "Patient/89236d99-8509-7d3a-9dfb-a82c6b81d268"
        }
      },
      "request": {
        "method": "PUT",
        "url": "AllergyIntolerance/9c900362-80a3-a844-0d6b-f34fcf42701a"
      }
    },
    {
      "fullUrl": "urn:uuid:e8591e1e-9293-353e-29a2-f44b39769de1",
      "resource": {
        "resourceType": "MedicationStatement",
        "id": "e8591e1e-9293-353e-29a2-f44b39769de1",
        "identifier": [
          {
            "system": "urn:ietf:rfc:3986",
            "value": "urn:uuid:cdbd33f0-6cde-11db-9fe1-0833200c9a66"
          }
        ],
        "subject": {
          "reference": "Patient/89236d99-8509-7d3a-9dfb-a82c6b81d268"
        },
        "medicationReference": {
          "reference": "Medication/45ca540d-7e15-d7a9-7158-7426191f7a72"
        }
      },
      "request": {
        "method": "PUT",
        "url": "MedicationStatement/e8591e1e-9293-353e-29a2-f44b39769de1"
      }
    },
    {
      "fullUrl": "urn:uuid:45ca540d-7e15-d7a9-7158-7426191f7a72",
      "resource": {
        "resourceType": "Medication",
        "id": "45ca540d-7e15-d7a9-7158-7426191f7a72",
        "code": {
          "coding": [
            {
              "code": "410942007",
              "display": "drug or medication",
              "system": "http://snomed.info/sct"
            }
          ]
        }
      },
      "request": {
        "method": "PUT",
        "url": "Medication/45ca540d-7e15-d7a9-7158-7426191f7a72"
      }
    },
    {
      "fullUrl": "urn:uuid:7ee45d46-b8a8-0c4d-9b10-473f9049b6ca",
      "resource": {
        "resourceType": "Condition",
        "id": "7ee45d46-b8a8-0c4d-9b10-473f9049b6ca",
        "identifier": [
          {
            "system": "urn:ietf:rfc:3986",
            "value": "urn:uuid:ac416033-3cc1-4485-ab31-36ce7669f55c"
          }
        ],
        "code": {
          "coding": [
            {
              "code": "V49.75",
              "display": "Below Knee Amputation Status",
              "system": "urn:oid:2.16.840.1.113883.6.103"
            }
          ]
        },
        "onsetDateTime": "2014-04-02",
        "subject": {
          "reference": "Patient/89236d99-8509-7d3a-9dfb-a82c6b81d268"
        }
      },
      "request": {
        "method": "PUT",
        "url": "Condition/7ee45d46-b8a8-0c4d-9b10-473f9049b6ca"
      }
    },
    {
      "fullUrl": "urn:uuid:90cef4b6-8a82-46c4-4cd8-5d1c9796d77f",
      "resource": {
        "resourceType": "Condition",
        "id": "90cef4b6-8a82-46c4-4cd8-5d1c9796d77f",
        "identifier": [
          {
            "system": "urn:ietf:rfc:3986",
            "value": "urn:uuid:35e97377-b63b-4e6a-a53e-9cfb016bea0b"
          }
        ],
        "code": {
          "coding": [
            {
              "code": "385093006",
              "display": "Community Acquired Pneumonia",
              "system": "http://snomed.info/sct"
            }
          ]
        },
        "onsetDateTime": "2014-02-27",
        "subject": {
          "reference": "Patient/89236d99-8509-7d3a-9dfb-a82c6b81d268"
        }
      },
      "request": {
        "method": "PUT",
        "url": "Condition/90cef4b6-8a82-46c4-4cd8-5d1c9796d77f"
      }
    },
    {
      "fullUrl": "urn:uuid:41da0a55-add4-3beb-8c06-424210572c44",
      "resource": {
        "resourceType": "DocumentReference",
        "id": "41da0a55-add4-3beb-8c06-424210572c44",
        "type": {
          "coding": [
            {
              "code": "34133-9",
              "display": "Summarization of Episode Note",
              "system": "http://loinc.org"
            }
          ]
        },
        "date": "2022-03-25T08:35:31.345Z",
        "status": "current",
        "content": [
          {
            "attachment": {
              "contentType": "text/plain",
              "data": "H4sIAAAAAAAACu196XLbSJbub78Frm5MlD3XJAFwV6jUQZOyzWltJUrunnv7hgMEQAltEmADpGTNr3mQmZebJ5nv5AJkYuEmuXo6wuqqLglI5HLy5NnPyZM/fF/MjUc/ToIo/PXIqptHhh+6kReE978e3d1+rPWO/nB6Qq1qyep57icPvr8yVs9L/9ejlf991fiezI+Mh9if/Xo0HA3q9Cc++F+1mnEbrOb+sSF+hlG4CsJ1sHo2opkxdGLfGEXueuGHK+PtcDh6Zxi3D0FizIK5bzw5iTF1Et8zotC4uDNWfoKP7/nL0Fn43rFhdc1602p/nVpfV5H79T6ae18TZ7Gc+/bXR7tO6xrM54YbLZZRiFEaie+usErjKXhAZ0ayitfuah373ofIezYenEffmPp+aPiL5SrA0KvIWMbRY+D5hoMZoGdn5RuzKE6nkyx9N5gFLkC2igM/MYx/PvDHGAWJO3eChR8fczjwpfAVu4CdE4SJEfvL2E8wmrMKMF3PWTmGP/cJiAnNN32PGW8FeJ0gLkbw/GXgog8HfzIoOYDcgxM77sqPf0mMB9+Zrx7YgHVjED5jpMRfTOdO6Po0sIMH+GQJRAKEMX03CkIXoMNU5zRQZATz+RowJxhidxcOOtHnj6fLKEmC6dx/b6wwM3cehIGLbhPXD504iPDVsxFGK+yTgd1Ys7ZiGawvbOsqDzz8SZ8E4coPPb6tGZj4rAFNmsF7zD+i77DF6dj+I71ig2Qd4zfPT4L7kPeH6awJWTE8tuqv61AiGkBGCxnWcDSMoezyMgICGWPqiVbusMaf1oBW/XAEqtVOT+QI6T7jEITJr0frODx+mHdrUXx//Ng84o+PvyfBr0cPq9XyuNF4enqqPzXraNCwTdNq/PnifOI++AunBrRb0S7jqyQ4TtjD88hlk8aRP/4Lmv4Fy/s6Gd0Ov/KP/hKEs9hJD9hfXM9Jm4BCeEdv+AweIzc/uQaeyQkm3ir3np4cnb45oW1bDCOcTJAqUKK7yVEDj4ksjT0DZMkPOUG7vhqOvn4emfhpgbTFUbT69ciuW516r2XWrbplNXu9Jn5psg6IbN1NjBvq3vjsO54fG+MRQIu+BQFA/5W9mHUb/+BF3TpSZ2GbVrtm9mqmxae5Z1dyZji0GR06aFr2603LTqf1aR5Nnfn82ViHwd/WOBx06kEWATtGLOlwSoQkNH1zEmh7dHvb6WBilWP26+16n34EKNxs35stq9ms9Y8ML0gw9+dLsIZfjybrxQLk4t/4wQLxO1sGCX1EB++IfTp5TrDcsuE6tHdZE97j+dX4cpgumDE26pfRmnRtfD/o3ekG3sSYB6NWJw3e+M2JP5sRb3r0b8EAjEdnvvb57phd27Z6plkz2ybQl68+nHEIO3PQduUQXObAEEbxwplvW2+7breLCx7qo7Clg9jfr517XxnSD2vi6CX+Sj95yR7b2k9B+4VLIhXAFXLK5XoxBXIJOHGkiH03ir1bJ773V6dv3pwImn4TEYDf5FGuZbUsm36q59fi2PaGz+vsOyf8k8gFRIyJ765j4qxiKuBEEAcI08Ew19RgcmlcjUd1Nm/04XgetcJ0P1+DgMluP18TKzlaxgEQFjJItAB+zuJooWyIUbZnlmX1Rd+A/SqGUDbAEH6SnAch8K/Z7hoDNrVRfNIoNmDfuVjB6Qcfgk+8isKTBvtb9Ag6cHp1Q5/Sb+whmDOYOe3+ab9rmp2ThvKEdxitIQg9n95N0Jn4PV0r6Cqt9S4MVmCVE+o3EYsdT66MptXp1CxILewz/BcMFkJenQ5SB4dSQrJBoGS/rSA5QLqTeIA/j/+P9bbdbr+rdbvdmmU3W0cc5hfs7G75xG7WrHZLfoJtyna/eps+nwPOHK53ib9tqyRWcqCQHMsHO+co8ebkHjQgPL0JSPTyThr8T/5q5iyC+fPphbPGhoo/+JtkPZsF30//ShvNf2WPG9Q//9XxFhAMmPCFHj+RHBQrp/giRzgunPlWMol1FanGoGQcDkYOxxExLhztaRBDMgp9Jt+DcZA4hwMcAIKQphjDgKAn0Zu1Vimj1QdJ7HGuRQ2I2AMPCaXWCVtXuJ7PP86dxygGWRzLdrE/D+6DaJ0MAKV5wNiDAgbLtJo5SAwfYiwncELjbRiFtaGzeojmgfseEmVYk9L/ux1gZXY7RXAR8tzIORnKpNIJO65fWM/d5R/lexKHjrc18lcPEAo/xdF6ualZRt0XCzByLuAJDCul/OJDgB8PlDdnk+scFM++k7hNAnKyjL7hS/bdm21A65gljFjMZDAFrFbPF3idzgODzPwY2qs/Dr30iMdr2eKkUblGkLLsZJ4IrS++iu+dUIgRvAedizDuhZ9NTKQjB2enUQwMxvGZK1QOZvo5SpaEv4l6ZCWlYvThT4BoCcnC/9UgF5hyCEkZy1mCadpiVJfpgpV8QTCG6yheAWCewhfKGUOOM9idImfYwBoyet6ogHu6OZyZnzR0Xs9FMmK9a5zOOFPuoBHjqVBJnx5SbZ4/J52aBAumMvo5QYN3RWOvSiQyBu8TJ+EK4EC2zaMHCD9+dkAOVaK1e9Y1aSvmn3cQVEECCYZ5khUBtcmg4MOCkmKXGCrFkRehSCWG7CA5lOFHFXqUcPttB4IWIdcqduiaoYByDDN6AWZJqxS/qkz4sx/Gz6UseEImAY0HZwcXE84Pmj2SmIIn8jeJu6QPnAEhY0hsYJ9hAkoGy5SGqS60XhKdps9c0uToDrtGVILBSocqsuKR2CpC1k2YWULoWk27ncL2Jx5JPOIocgHJsFxic0dkTvMOwRi5XScNbT9TtIGdhZQ8ZshKqR5Z1pJoHbugdBC2RBumC5M+nuKJxCuuksueqrFFQYg/Eo2yupu1u5+Ykqc4P4yyZHii7KO+pxB+iXrwljBv4lMivzCR3UyY+sGQKn1u4LGGVCkjJaMm/x16LusVKJE8BMvM3in4dar9Kvxtcj3JW2uur+4mZ9u4Hf0CrGp3mozl5eXCazmhG3VCJDAYtzAKGl+IWUBtXwmkFNCo4Ax8a2Ayh7Af+rvpYepO5XtPn5TvkzzNLuzj8LxA28jJMJEiEDGz/D3YAIP2Am4Bcg1I80MUQ5sgOHACkGMK6QDqIR8qDwkwYmTlxS5ycK/3Uw5+LTl4hz3Ijr6yfehR+SPHI+jDGyisSzqZeQRLnSNx2oJZ4PIIVNYXzUZ+rz6sbP17SGFVQ5Od0EdnXhGn91LQmBJS1hENXYBF1XzSPZr7986cxEOyuEItLaoxQegFUF7ItkiqDMxReAvHJnOBFe3sbLeKvW7WaAihYEKJVW2eWXd3kAj6exCBn8Lj31EJyVhQGXpoyvQuyOispDNcqCGOC9O44z7nRc+cnp2q2T9x86eCXMRNpwItl06Mh8Eyp/Ik6+USxghCQ/oK0mfCSaDanrzDXOQdX45I5GW9ClkVMQ730Lu9GUy80MGZ4EpUj/w9m8VmRbj9dD24ubzNybesW8wDg/zOQu5Pp9Pv63Sq8CBlWLTZEHUR10uZwDhJHHd/JaRkWPVhdtaUMyJOGvnJj40zeZIIl+loLdbzVUBeUOhFeEwmQm6K5aEv6WulwwOOIaQawO/AE/g/RL38efL+sU5eUnrwDjcAHHb2YLUV0hHDsasZE8r9+DFw/TMKQ9Owf3h9U0D/lt2E29s0u9udB/0Sh+Tk8uribFQb3hbdCh8QhkWW549BLPxpetQKB8E8eqoOXxFeqofg/iHfiOasNTtpFHpnZAJxFhRwCBYNSRP/rp4iHtp46zsLY4GQRMDbePK5c5newlRFQih4ugw0hFnKm0r8ysidL0I8ZLAk65EGOkY7CpNLECd3D6PLeloHHjbugY1zvwEnbu3WSb7VPkYwuNREoEjSmCIqqrFAEJwfN6g/6u42GvLIoNbURnTGGrQkip8pVJXAnc4pm3JGK69vPoq4kZkIL1SUNODCdh90r1fc8GuJftThR9FxjoBei6gHBpRr4aKTAQvS3nQLVfC0tOVJQ2vDT4q6Bv6oqGAWVEwcdfGzi8NV96qZ3d8GwK72n3OLG3hgWsaF7wEKob+by63ox89cZnLVxq3zPQqjxbPx9vP4ejB4l84qc9K+0Eu7wU1b4afdxUBVbaFSaPFB7rhyh5xGj1OKbPwNuiULIUR44Pj2/OyooCFv0JE3ackqnS7VlOmpYoAr2IleZP3c18x0YCSAjmYvxbNNiFaFaTuh2gZc05FNtYgWDXcF9ZGepTR0B4pKPAAsw4tYoDhLBHAMSaLYaRcGNgg0wgvC+RCXfkk0Ruz6zSVrFYIFysglMrWJJRBnrIi8QRjoYhMVpOnxsSVxecBw8BIE3ntjukYIw0oGuePh5fWYR9mWoSohpMRTxDwTQaNAR0T09iwbvwGVm2a9lR5YPrSfjYxxHAjB94iKAmf0EP8Yk6yuBuYnUTY8fR8y7srgG/6yMr4RgJ4eHFBd4hWU8UEyIY2SRsZyFGBr44CmrkW4lY9FA9TJQ7See3JMAkaSQATPOLvKAPam6Jd3w6E8msNSus6/ARQ7zT/JeA2Ns+SB9JMB7MYAKrzpW/zpO5D1HegEPVDlbeZ4z4vkDKlBnLCxaW7R1UxPK6EUKlAz4AsRdu3V3A/vgVWQMkENKfRxxZoxymJMLs5gy7q/J5MqqIzE5hNlINIJqPvFkpYT3p/JoUqN8s2uaW0Mwq6W5WmZioktmzdzIOA08uCpB8G11KP3Q/UA9rAcAMREFECxJRycUEMpOywz7CUpOcrWMWVOyzlLFZDip4Pz87ObT+OzSf6drrcwahoaznzux/fS6PlGH5TpkIyVKUSZjZF+RUg6RhwR/qZUn4Ti2xkCvpWJbbH/tzU0P++d8fZL8x37PCWz++SN2Dy/ojIJ5cAOVX41wCrIJCyWkCbMFNkC9OVet9Ou2S/LCRGsnlI5sm0bXI6MwejL2c3kzLg5Gwxvx1eXkzTjQywT+hD28I9sD0fx+j7bErSU2lJ6EucI9PVEk2fiSPD8LYyBuzLe3mCq73hEAPtENhpG2E4o7qwRbRxI0YISOG+wSDp8AdgtQUnsL0/Eq40+pMAiBHhWpKbRzfiLUP5Azl3NJIFVHhmLKPL4n2dfLmVLiXRG5cQUhNoTA1r1prkFo/j4Q0SJs/y74QPigP2XDJf1m0bRNTt+04f0VOtOMbxledNaf+ZbmAhMMqbp9p1OpgVoSDi8Ah5tVd/Vj6U3JMki3nMeOm7+iFiMVxBCMEJQofstTVIRu6CAgHcJaQz/gMZH4X1ErV2xT8K5l8qBypfKJPh6HEaulemWkHB1FSmzUBfxBPePNldKCZ4FMSRE1easRBvBdEyhMdz3LccoYUTKxMqYi8R5zdKb4f/k7sO/HOlr4Mk/Ibyp1B6x5yLqnIBGAkcwo4BNCLyZ2QpAvryCuhB56freQnqkZcXvsu1RhFkaLJqScCKigLJjd/Vhkj92JbNJuymcRbXbt1/s3Fnc+3h084exVTM7NVNIGgd2qX6bHrmW47mWabMj19GPnF08cvqhG0wmZzdElLefvFQdKkd34rVzH5qp1kxP6dPyUQZawwyDGAcoRQecRk7clW0F9mPKjpfHkjcn/CxRti5P0x+OpLLSsjom5c7YIgODfjSlpWIKSvMdzMpljVX7sgE2oUy3weabg8g4FEnTN7Y445kDKcjEkTojIKJbtruUxtNu9yk8tZAVOpWZzC7THZWs7dwQKjizeZU7sYaTC2U1WivmH1IO6sXg8k5ti8bcs1b0bV1cDFQgpchbjUhMmVG7Uyel+hlkSmTJq4zUNBSioJDLPGHMjDWuFFZ4I3UARfpUBPRq4Tcn8GJrx8MBk582ty0VjRdk2uXzzU7JbvLxhfLpRoHYfpFAXJIsnqOYB3RYYgOHoaMD1eoFsq5+nj6PJ7dXN/9qXH1Utghuv7OcTKzsX7n8yzdKgbYm/KroxOV7d1UnESMKLxVqmO1tIs+5mo2IrctxSOWwTT4MRhebeKbkmNkcaRYIgcKhLXLMPZmb1dnKMPfvsURAdb2p12zOzFrH9XydWzZLBNQ9xbpKygSfZuL/tgZ1IWhVtoKgmawXDlSajAghPHo9o4RqnDOoOx5U5w3ktGST1Pizlwk1dvP1pRr0qX6srvYCncSBMz/dRP+vbj9vP8zw+p1ynVDOkbKLOAVPpQKz3wIGdHMH3CNhABbtjIQqrH0nSUDW/qGf8k/zcoHK0IhZZL4C+nsjiPTXAl8y3lVAMMqWLqUURUb2qjwMtGZ8Cdp5dnM2wvebP6TRoSkUeRme72rrYZqi4F9pJSGSeNT+Vs43KFwitUxoVFD3AvJ7RHzzyErEf2GqDLcDQlek7HJY4qJUS8QesOxcmf8hCXfabiNnjZa8/pAwNR3IVSkY5DWtTOivhKci3qLVqXVfjaeqeAJmSqgymZCSkjMzlUGynLmqoJZoTk6Jnzz2d+axRGF/8tifPPYnj92fx0r+QUY/KpTHMuB218/ARTbogxUMNF9DRGFkh03hUPVwQzExKgh1cJflKmKvSe4QXdGTHr7Sde8lE/J6BVViIOeIp5WCarfdtKxa3q6zfVZ7TqtiXhJeilQq2HHpDMrZ8TjTSBQOvBH3K32E1zdXH87PLoxzCJPGDjYR6TESgY6ZPeSk7LCFakDkA8zoEO4oLtvJYrPI+gZjnGyHkIwnClIhC77LJUNyGNCY3MbXULb0PcyMK8RwwAeM8BVukEPoU1ZLkTnNZ4hCko6HrJ/UzSylW5oXhksnlpR1SFXFWG6HgHXyHq52F6FXifiQxbizKcPPBh1CG+YnPDJ46CrGfrSH1Y3aLJirBMlqtc1aayf5Ohe0ynH9HOJuTnhWX5UcUkl9VFPECfDG8TJNc5WG1rF3pzQmunrQn1K1q6T4WBbPbPwm0bXYhpey0p7jjyygr6FN6GQ1FdEEcnrGeJTCwGqpRpKVp74b+YkbB0zhomYffPKX/RHOQ2OwWK55zAsG87QOdKMEqyFxehUm/urYGCxjwzbIOsIUbvYqa1zo6NyfrYpPmWmN4OmVLr6wvurlWSwv40gJtxy4nCcb16G/XkRh4BTHF2v56E/jNYWo2V2xoj0nit+VfcFfGUpVa197uNT39Fpv95Gnaozfnk1du9erddr9Wa3l+NOa04Ya40+7rtubud7MmaUCxGHObOVrIq9/emB1jln92gBMwnAR0sd81pTnHM0fsWWCB4Bu3/shIlWo5Cg3Sqav4CWbz0UEJ38jHdjcnMkiXdIOxTvxFfhE6srbxb9t7OjgZu4qzTnPDCfSI5wtGjNAaKvuqRdTFJyWoixnJFaiK142D+3PPt+wHjHPxbLa990yWyYiEVrtZierJvpqfvDdXdMHm0u3GXR0FHZccnY2m7Wm61q1VqvXrjnTplVrdly/2+n0Z+22q4BAReLDsmbIeikQpN3umFQgs5wnHRkqAS2Vcu0O1bR9JZuSHFZda96yqnA+9ndaSU8i0P/OmIkGNIWObfOOa9+Vn5gNZ8ZLS0dG8+iehfEAJ/2VOBlELnAcpj7Ea1+zYT5SAUc60tpZg/iZKBXJhRM4E2Y1D3DJSbJzYKhYjxZW42iOaozPBVueM/MIqYASgvArRZELgmbMMfukboxXxpP0WfMyh8RLSEYW0epqzxQ2HUZAAgTKgMQoCEaTeHSCOfuYglEyC21l5EDe46DCpZDZsxV/dIFDhSH5nMu7085IWVjDl1a/3tWKGFeFejeLR2Y8HBUKSJfKQSyHcZ3kNj4fvLBiVQknwDh2CMqmixhX26JkjZ2ojTax8+gJCszcv89uL9A2REM3TYOTahs+f3oIoPZwfHIY3sq3EJAWvpOQ7vPWr9/XDRcs1bKb0PwdBCpDZfwI4sqKIWf2jGxkRTVkrIr4E2KyAowjcu8IYzmWnZJnSd3Z07rxmcKjnrg6p+45zwGAmsgVQrY0tm0MgPo80hlo+MhK7YpUsK7dhcdLR4VdwU8+J14QW0NdeXIEAe92D91eyMM5F1jJekiSVJHstaM2fj+BtPHjZFnCx4lIFtW5CZ0LgY38JFA2Dbv4I4AVJCZmkGakpOW00sI66JvoK6H3IyPW1DRtBmCBs2BTcayo4IPx6W48osMoTRpUUz1YISBQlTBTocWy2nZn1u3X+i2nWWt1enbN6Xf6NXPW9Mxm35t2m/ZrxZAeHLaZZ4ZNUDNFrPzHkyobP1Yk/YGYuBEXFeDtj5MqVjbbfr/b7HZr005zWmv5HQfaYNOv9d3ZFDFFU98xp1VhlltEYf7By4TuV5OmRSe/v0x9dKBEvZNAnT+utq1H01aKrtVhpM1e2+xDitG2ZUs46AalSS9fvMFU80LZU1iDdhI6i4JdWhL6zYEOY5lrlX6u12FTCKnerlhnOn2lZ3t16Ge3LOSyBPmb4Z5lp8u2lRIn8zvqxF4QPTqJS+qNrEudm4qarsyfFLORaXkQwukx9Yxf6xuSlsUSKRB2EsDcExsT6FrhvZ6+LMeizOWLUS6Hmb9U0pZts29aZYnM27KZBU7lV1lR06RpWu+w1hrfT5n3nQNYWSZlST5lLlUesb7zfGJlLmU++E4WaS23MoUTv16CASq7aSJbX37g8vT63Ks8XmfVscuMAvJss9/YnWfEHekUxBp3fGK5ForriCWQyNeahU8MAB0boE7yd73JrtM7tVKW/NsN4tMtA6e89C4vbYBs4pmwc3P2kVdwkY0KQykyz+hqODwfX1bLPQcQpHZVTGNOudHBnwI9f9tYA+RIVA0tSit6SH3JDVDW7jdAFX52zPSutJdtv0yKlTP0xTVSlNFeBiNuxKaUdOn6Z/fY8XwfB5JdCP2VVVblCR/80qRTZpTW7zbCM/oCjrYo9Gj0bz5mEKbgpPvoZETlmIN8Roye4aaTQV1UAU74RUK8kGOUBFR1ht/a57HijULN5q3IehBKKzN9wysLCHvTPVwiiOWFZUQMn/CGdCsSk75kZBpWmc0j9mGGI3FfXNbHb4uidetXOi2dIGYJUvwapXmaH80Kl0PogaBCuTBMWhYTCP2n3EDsEEPKfmT3qkRzSlgT43AEheVdfoEJ5VCT0YJZ5RRpdgwgqSENU3OWyzmOgry58FmaP6JFsMoTG6KjrG+O7qbZmk7JUD3tt3q11qzl1qbt6azm9BBL1vV6ntdSlCr2efU1WFmbRp6YqAQ2pUb70FhVGaNkJFhMi2SXGu5Peq+YX54HfvK6cqvMq5/OJ10SJY0yXM6/uJau+8Q4nPpeHaB0VhNJBWpl9FEF6kYSaZl2y7LMVrO1sYCHhdgekz/J08o91LIXukF0qeDv4uEo6mPKkVB2ePOpeB2D2sHR48bZ5fDq7hKR4pWZT6U5T2n1icND3NjoWTfJj6sHQJdJvm6oNuuxLFi7Y7fMWu/1EqDgm4mEZJCCKhdsku1geTxYBuMdw8FKEIYCwYZno7ubYrUIHUEQnEbkV9Qa4dV2IteA4R7u7/TGRXaPbiLcR+DAMXSUR8p5zFXNe3t59c64G41T5BAXNs9m1FdZxbxpDGYOYQo27dhjhfNYjufW8nmX0VcSsEns8L6OwNZdP2H3O2MquUlVQ4Y4Oc22EkIlQXDZ+aAlXY5Z4WtE7+AA6LF89VxoVMXJ2g+PKxOp09BNEdUned5uJS+6bau/Y0jVTsQ3BbESjioDrcTMXisWsmyL0dE+21pMj+Exm3ODKNqSS80CjodStG25Yjmi1GntSJTK8irPjbPf7sbXF2eXtzqUeSkUxvBYIAwB+Ni4Fl5xsjTDR/yQkbA07DHhqeYBP3FMwvX4mftFT+fZ1rnoATSh8L0aabeEQnEfO8sHGbnl2ken1fMsmRfLYeZ9nJYbUTWPVhbgqRUTvhruUUVBP3pZNmj26It9eEaoUnFg/0+3JpOmhn2vPe1YrakHVgvSC6eoV+t17V7Nt2aeaXmu27WdijCvLo1MhQR2EhWz7L+83MaBpS1X2bhyWy7wQ3EyqR/sFn6yOXFVaVee8D86Swvg7JXuv6+PUzfTsxt0QefAmX9h6meqcf6S1sgrhi6nG55fZNUE8L8uM1QrCZuySgHnvKpErdIxkyHEjl51LR1UwwnB6HUXRcUEThI3WpbWO9hwt126QqX/8n4qqyaU1kxg11dy6L+SCmCMLy7uLsf/d1Ptg5z8HzDnCS+OuV8xsLH25Q8sd2C/drmDCmkfDeE57/wIaV+Dck7g1/asXO5RP5ecrRgQXFVz68CKQ6FUDstQZFPZhGKdhP2YZA631MIJLyz71ba3h4Hs3WMZm/Qts9s3ZzWr1e/UWl27X+vN/E5tZk173WnHtvqz7o8onBBHaxFF9jtUTdD2SCmhoAjpr1Ecqr1dPjmkz33qKIiattwqj2PBgskDFxKGSzXARXQmtMX0yFDBsQU0A0o/fIJhF6fMI+sevq8pjGzuO490LmWHs/k6rQj8VwSaMpt+GpRXp7LzBou1C0BSKIzjGwjtguJXER7Cr0InLv8MY3aGAH8o1HuqqAxRME5eibz6zPhIJCdvddTc4V8YSISGVulwLzHwWVaPh9hpJFRAeN8qEi+vHCH440C7PoDvvkaMme2jCN95tOK2dlr6plpe/yAFKowv41sojpPxp6JYkRMoQKnpMknwlASOkszWspdBcc9KCzvkuyp8vte1OrXmq7F5BTR5hVt5Vc7Yb2Rhwi8MahOC2uGWDb4dk6vhGKPKYktbhcBKG98CQQv7Gfm2yo3ECyZ0pcnckNJRKjjmmPu+GcrdPZIE7X63Y7+oiGvO46stKSff6fuxJX/QmLL6eeScg1HFWz2QH8f8p6Nd8wpzwFX8FiXZhllkfUUqovie1f44JK+wYpre6XAds8DCySJiiUtp9qJX3s6HA/MZOPhcbPIvayCjbb+njLv2xhRA7TtmOvoQxKuHif+dRJajU/YX8PF7cZALZ+4fOvSOSX3ZISkHDg6kNp5euH6jArB/UKyU8QpTuPAdujl4tp4bdxA4XlzKrNt77VJm6FGTyFWPqN1stTvd3oaLN1Q9n19vTVRj8nlwfk7e+a5Nl1DZTEjbCTa6aKDZw3hXr0aDbqMphCVoc2JaIn3xEnRnk6pREhuaJsnrWgcsawg9UwvtugJRc0OS756jHJXbVFav91ddZFeOXyjxq9fuzQ0rZoMjUjo4O1kQmKJ5fuf0fbPFbou6VyR8M34Hvmb8P6tet/6/mNfb4dXlx2PL7Peg5kF4ffdeRJmk2JJQrF4ak81iSSf+qup8lyAjfPJmvV9v9ozJLewDQ5ZVjMMBtpYfvlvAtQ1FXVv9XofbYvW4yzy1ZSD2450sdOk9MkUPeKHCpyxQvogoqVbwrNRirxUXhlDAaRsduaPB3I0eIpgxDQ+Rmd+4yIKJHunUUNR+MVKKLvrQyeULyOOeZfsotUenciBxHd3uoJKGTqfXf8VoBwLAQMROGoMVB8seFnSNTR5gSG/sTQHU5KiL7VkqgIOO53qJNDDvXdFze02hUnEavsy789vqarM/xqe+d4zGjZ+s56sfVnio+dpxGdRhifjeNPvt1iuyTrF7ObldPC0R2M8dSOnsIj7jFtt3DLU35AX0iecobxnJTxoC7NSO3optYHu8Z0kfSTLTlyBzwAqc1RFDFJwsWIz4zU5yT1mJRnlPUj4ko9jhRxbGnWoQL+xMXIlFuq0op7Cpv7fixiaXLFn83sP22+m7txZ4K/3Xfvdu+5jSO3+WeudftoZr55kCmvbphN/1A5LrJwmPZVZZM2uC/1YRi20/+DTr+mX9/M8gSwqgJGUqsPNbxQLHriJ5C3nArpvv1DjdYkfvheeDrjsxFOIThZi8Nsh+lClVMnYOJOd7vzmevG31ENFrpo31iycnk7PJhMI28pRKeVNuZnIyuCgFjl9qaLo+H1xSLe/bm7PBLY1u/P2Zn25roknCN0wd38a+s9JQTLolDzc5ma9chd0s9Ur2ut1Orf16emIKCHKb5zAp20ra3EpbFVBKwnUluxOi1O4oxYszfoqcOSnPqYtBHmemM7Fov6839le6Uu8rjcmi+Ng7UAHTGH+CQuh+c+79Oh0Y+rlVPZjemgU9sGoeMsZt7ImApXTzMAF23niFDU5nGIUgvi4nxHRBqoVL7Jbl+ThQ9iR1I/cPVzKoAAeFrOssIf9zKNHO98Ph9wM63+HQakxtb6rPZ54S/APvBis9Mx3L4kWWNcxnA77axV3a9MvJ7j2aHEpwuQghL5SUZadKr6HWWCPxOYUj5juQ4Ab66q/YvVr8FCRRySlQtoWQIA3vptyVX9D28uxPBdlsvaQaPCninN1+fOUYX3YP2le+kK9yjRVxvi8TlHJw/OFSV+4epxI9VCukyS+4IiEVui3f4BmhQ1qvrLwQI/VThSGMPb79YjFzHsdGlmGGjc5IKWgikeH3iF1k7eSO8+eWbpPat+5jbw+PDhV6Ncmpp0fg5NYmM5t2rCKwIyXIjVIIqh2H7nzN7vwdjwwKsSGfsCzjQHl+83n0pCQ5MfrB/BO8Z9HxV+sou/svvzJsmNlt2HZDuCKqQ4OGVxfXWmiQGo1DwThKyHoaz/DAh0vRSRSiY7nP4Kww5mSMYHv5l20BQCpBAwJqiXh4mgWr6wbPPeNemzsEA2UXh/nO1PTbds3zul6tZffatX7fn9a6tte0PW9q9duqnasMMw/GNkkFNqD2Hsa8PE5V2fNSGpPjE+wmafUeQWyLLJk49V2HVfxNyRBjIfxiwL0uACy4IHgJxEAp7ZaWQ8xNEJ2zQihTn0adRfJ0pXE3XMeIGH4jOMNHPHjixGT0ABGFqsE6F7l4VDAurSQnyiuSWwAdijPBbpFODvVyUBMsgzsObuGrMf7r3/9DgPO//v0/RYFHvhRW5hEWpuyo7Z89th8zRLPPV5NrFsUwGk+Gnwc3n86M8eXk9uaO30+6Y0f7XD5SUjx8HPLiZVqkKd0TLm4llSqDvHK9lEIo9IH9bewUWqJzG/GhiCPptJu13pHybIdqMcamQ27k2Ndm2OfZ0ObWxVyPOwFVii3iTGkW+PMcH5KoRloN/9VgGs4ts7WzYAVY+DOCiWWdDpZLnHimFcLoOXEfEOMMIQWI7GRvuAo2gh8V7ia8mVHSNqQN3/9WNz6yUwtxgre6Wq9kccb0ppiTBhtLG3gMB47Dc4Bn5MR6zy6pMW6f534Ivx8TZCjbmwkoy7wGq3d50qBlytO1q5VWNyLe+E4i8PKGCHGcu/Q6E/QvqBJEaiTVZTBZdQkeRRK+hMz1ztgsPXVouaq18svoFt8uq62WO57lCkJRuoKXdVlVbX67bkn1Fo4ZvYaBgFXE5HnmMd2LqcgJgGWAd0rVQ0Y/xADvxaf1et1+b7XS+zPRjAF4s5Eyp4ntRJh2kos7W4PdeJJaGUaV5fdZptU3X/VKoksW9gaX9V0hJE57WRHtvl1j3qAyb3E+7GS/fxnafry7ZCQ3XebrnIL8MdjxKBShoFKXQ02f24Kytwx9+LBlCZHdlm2+ooW0MO0coy3s78FoXI3FY8rwBl/U0nJejppjSiz/giO4h+y2ES1/VFgvVaNo7hPU27GbvS4l7+i5YaEKRgRQ013kyOw7HFNyuTta/xuNgRB70qb74wYrWyZktQ8smlB9f9LIV1Y6/W+ldefFp7kAAA==",
              "hash": "YWJlYmRmODZhYTZkMTQzNjdiMzJmZDRhN2ZlZjU2ZGI5YmRlZTZmMA=="
            }
          }
        ]
      },
      "request": {
        "method": "PUT",
        "url": "DocumentReference/41da0a55-add4-3beb-8c06-424210572c44"
      }
    }
  ]
}