{
  "resourceType": "Bundle",
  "type": "batch",
  "entry": [
    {
      "fullUrl": "urn:uuid:8bbe00ba-21bb-72de-9022-aaf6f3d4d83c",
      "resource": {
        "resourceType": "Composition",
        "id": "8bbe00ba-21bb-72de-9022-aaf6f3d4d83c",
        "identifier": {
          "use": "official",
          "value": "2.16.840.1.113883.19"
        },
        "status": "final",
        "type": {
          "coding": [
            {
              "code": "11506-3",
              "display": "Subsequent evaluation note",
              "system": "http://loinc.org"
            }
          ]
        },
        "date": "2005-03-29T17:15:04-05:00",
        "title": "Progress Note",
        "confidentiality": "N",
        "attester": [
          {
            "mode": "legal",
            "time": "2005-03-29T22:44:11-05:00",
            "party": {
              "reference": "Practitioner/9a8ec740-4376-d542-141b-0984f6622a4e"
            }
          }
        ],
        "event": [
          {
            "period": {
              "start": "2010-06-01",
              "end": "2010-09-15"
            }
          }
        ],
        "section": [
          {
            "title": "ALLERGIES AND ADVERSE REACTIONS",
            "text": {
              "status": "generated",
              "div": "<div xmlns=\"http://www.w3.org/1999/xhtml\">ALLERGIES AND ADVERSE REACTIONS</div>"
            },
            "code": {
              "coding": [
                {
                  "code": "48765-2",
                  "system": "http://loinc.org"
                }
              ]
            },
            "mode": "snapshot"
          },
          {
            "title": "ASSESSMENT",
            "text": {
              "status": "generated",
              "div": "<div xmlns=\"http://www.w3.org/1999/xhtml\">ASSESSMENT</div>"
            },
            "code": {
              "coding": [
                {
                  "code": "51848-0",
                  "display": "ASSESSMENT",
                  "system": "http://loinc.org"
                }
              ]
            },
            "mode": "snapshot"
          },
          {
            "title": "CHIEF COMPLAINT",
            "text": {
              "status": "generated",
              "div": "<div xmlns=\"http://www.w3.org/1999/xhtml\">CHIEF COMPLAINT</div>"
            },
            "code": {
              "coding": [
                {
                  "code": "10154-3",
                  "display": "CHIEF COMPLAINT",
                  "system": "http://loinc.org"
                }
              ]
            },
            "mode": "snapshot"
          },
          {
            "title": "MEDICATIONS",
            "text": {
              "status": "generated",
              "div": "<div xmlns=\"http://www.w3.org/1999/xhtml\">MEDICATIONS</div>"
            },
            "code": {
              "coding": [
                {
                  "code": "10160-0",
                  "display": "HISTORY OF MEDICATION USE",
                  "system": "http://loinc.org"
                }
              ]
            },
            "mode": "snapshot"
          },
          {
            "title": "OBJECTIVE DATA",
            "text": {
              "status": "generated",
              "div": "<div xmlns=\"http://www.w3.org/1999/xhtml\">OBJECTIVE DATA</div>"
            },
            "code": {
              "coding": [
                {
                  "code": "61149-1",
                  "display": "OBJECTIVE DATA ",
                  "system": "http://loinc.org"
                }
              ]
            },
            "mode": "snapshot"
          },
          {
            "title": "PHYSICAL EXAMINATION",
            "text": {
              "status": "generated",
              "div": "<div xmlns=\"http://www.w3.org/1999/xhtml\">PHYSICAL EXAMINATION</div>"
            },
            "code": {
              "coding": [
                {
                  "code": "29545-1",
                  "display": "PHYSICAL FINDINGS",
                  "system": "http://loinc.org"
                }
              ]
            },
            "mode": "snapshot"
          },
          {
            "title": "TREATMENT PLAN",
            "text": {
              "status": "generated",
              "div": "<div xmlns=\"http://www.w3.org/1999/xhtml\">TREATMENT PLAN</div>"
            },
            "code": {
              "coding": [
                {
                  "code": "18776-5",
                  "display": "Treatment plan",
                  "system": "http://loinc.org"
                }
              ]
            },
            "mode": "snapshot"
          },
          {
            "title": "PROBLEMS",
            "text": {
              "status": "generated",
              "div": "<div xmlns=\"http://www.w3.org/1999/xhtml\">PROBLEMS</div>"
            },
            "code": {
              "coding": [
                {
                  "code": "11450-4",
                  "display": "PROBLEM LIST",
                  "system": "http://loinc.org"
                }
              ]
            },
            "mode": "snapshot"
          },
          {
            "title": "RESULTS",
            "text": {
              "status": "generated",
              "div": "<div xmlns=\"http://www.w3.org/1999/xhtml\">RESULTS</div>"
            },
            "code": {
              "coding": [
                {
                  "code": "30954-2",
                  "display": "RESULTS",
                  "system": "http://loinc.org"
                }
              ]
            },
            "mode": "snapshot"
          },
          {
            "title": "REVIEW OF SYSTEMS",
            "text": {
              "status": "generated",
              "div": "<div xmlns=\"http://www.w3.org/1999/xhtml\">REVIEW OF SYSTEMS</div>"
            },
            "code": {
              "coding": [
                {
                  "code": "10187-3",
                  "display": "REVIEW OF SYSTEMS",
                  "system": "http://loinc.org"
                }
              ]
            },
            "mode": "snapshot"
          },
          {
            "title": "SUBJECTIVE DATA",
            "text": {
              "status": "generated",
              "div": "<div xmlns=\"http://www.w3.org/1999/xhtml\">SUBJECTIVE DATA</div>"
            },
            "code": {
              "coding": [
                {
                  "code": "61150-9",
                  "display": "SUBJECTIVE",
                  "system": "http://loinc.org"
                }
              ]
            },
            "mode": "snapshot"
          },
          {
            "title": "VITAL SIGNS",
            "text": {
              "status": "generated",
              "div": "<div xmlns=\"http://www.w3.org/1999/xhtml\">VITAL SIGNS</div>"
            },
            "code": {
              "coding": [
                {
                  "code": "8716-3",
                  "display": "VITAL SIGNS",
                  "system": "http://loinc.org"
                }
              ]
            },
            "mode": "snapshot"
          }
        ],
        "subject": {
          "reference": "Patient/a5e07268-e082-3212-493e-e68dd1d17d95"
        },
        "encounter": {
          "reference": "Encounter/71737d8f-64bf-b60c-2714-c1f217c9d101"
        },
        "custodian": {
          "reference": "Organization/93f37570-5790-ddaa-f614-1a827f39d4ce"
        },
        "author": [
          {
            "reference": "Practitioner/e1ba9b33-b82e-7558-1732-131914e8e2cc"
          }
        ]
      },
      "request": {
        "method": "PUT",
        "url": "Composition/8bbe00ba-21bb-72de-9022-aaf6f3d4d83c"
      }
    },
    {
      "fullUrl": "urn:uuid:9a8ec740-4376-d542-141b-0984f6622a4e",
      "resource": {
        "resourceType": "Practitioner",
        "id": "9a8ec740-4376-d542-141b-0984f6622a4e",
        "meta": {
          "profile": [
            "http://hl7.org/fhir/us/core/StructureDefinition/us-core-practitioner"
          ]
        },
        "identifier": [
          {
            "system": "urn:oid:2.16.840.1.113883.19",
            "value": "KP00017"
          }
        ],
        "name": [
          {
            "family": "Seven",
            "given": [
              "Henry"
            ]
          }
        ],
        "address": [
          {
            "line": [
              "21 North Ave."
            ],
            "city": "Burlington",
            "state": "MA",
            "country": "USA",
            "postalCode": "02368"
          }
        ],
        "telecom": [
          {
            "system": "phone",
            "value": "(555)555-1003",
            "use": "work"
          }
        ]
      },
      "request": {
        "method": "PUT",
        "url": "Practitioner/9a8ec740-4376-d542-141b-0984f6622a4e"
      }
    },
    {
      "fullUrl": "urn:uuid:71737d8f-64bf-b60c-2714-c1f217c9d101",
      "resource": {
        "resourceType": "Encounter",
        "id": "71737d8f-64bf-b60c-2714-c1f217c9d101",
        "status": "unknown",
        "class": {
          "code": "99213",
          "display": "Evaluation and Management",
          "system": "http://www.ama-assn.org/go/cpt"
        },
        "identifier": [
          {
            "system": "urn:oid:2.16.840.1.113883.19",
            "value": "9937012"
          }
        ],
        "period": {
          "start": "2005-03-29",
          "end": "2005-03-29"
        },
        "location": [
          {
            "location": {
              "reference": "Location/6dfdc7c6-e225-71eb-cec1-75870e529061"
            }
          }
        ]
      },
      "request": {
        "method": "PUT",
        "url": "Encounter/71737d8f-64bf-b60c-2714-c1f217c9d101"
      }
    },
    {
      "fullUrl": "urn:uuid:6dfdc7c6-e225-71eb-cec1-75870e529061",
      "resource": {
        "resourceType": "Location",
        "id": "6dfdc7c6-e225-71eb-cec1-75870e529061"
      },
      "request": {
        "method": "PUT",
        "url": "Location/6dfdc7c6-e225-71eb-cec1-75870e529061"
      }
    },
    {
      "fullUrl": "urn:uuid:93f37570-5790-ddaa-f614-1a827f39d4ce",
      "resource": {
        "resourceType": "Organization",
        "id": "93f37570-5790-ddaa-f614-1a827f39d4ce",
        "identifier": [
          {
            "system": "urn:ietf:rfc:3986",
            "value": "urn:uuid:2.16.840.1.113883.19.5"
          }
        ],
        "name": "Good Health Clinic",
        "address": [
          {
            "use": "work",
            "line": [
              "17 Daws Rd."
            ],
            "city": "Blue Bell",
            "state": "MA",
            "country": "USA",
            "postalCode": "02368"
          }
        ],
        "telecom": [
          {
            "system": "phone",
            "value": "(555)555-1212",
            "use": "work"
          }
        ]
      },
      "request": {
        "method": "PUT",
        "url": "Organization/93f37570-5790-ddaa-f614-1a827f39d4ce"
      }
    },
    {
      "fullUrl": "urn:uuid:e1ba9b33-b82e-7558-1732-131914e8e2cc",
      "resource": {
        "resourceType": "Practitioner",
        "id": "e1ba9b33-b82e-7558-1732-131914e8e2cc",
        "meta": {
          "profile": [
            "http://hl7.org/fhir/us/core/StructureDefinition/us-core-practitioner"
          ]
        },
        "identifier": [
          {
            "system": "urn:oid:2.16.840.1.113883.19.5",
            "value": "KP00017"
          }
        ],
        "name": [
          {
            "family": "Seven",
            "given": [
              "Henry"
            ]
          }
        ],
        "address": [
          {
            "line": [
              "21 North Ave."
            ],
            "city": "Burlington",
            "state": "MA",
            "country": "USA",
            "postalCode": "02368"
          }
        ],
        "telecom": [
          {
            "system": "phone",
            "value": "(555)555-1003",
            "use": "work"
          }
        ]
      },
      "request": {
        "method": "PUT",
        "url": "Practitioner/e1ba9b33-b82e-7558-1732-131914e8e2cc"
      }
    },
    {
      "fullUrl": "urn:uuid:a5e07268-e082-3212-493e-e68dd1d17d95",
      "resource": {
        "resourceType": "Patient",
        "id": "a5e07268-e082-3212-493e-e68dd1d17d95",
        "meta": {
          "profile": [
            "http://hl7.org/fhir/us/core/StructureDefinition/us-core-patient"
          ]
        },
        "identifier": [
          {
            "system": "urn:oid:2.16.840.1.113883.19",
            "value": "12345"
          },
          {
            "system": "http://hl7.org/fhir/sid/us-ssn",
            "value": "111-00-1234"
          }
        ],
        "name": [
          {
            "use": "usual",
            "family": "Everyman",
            "given": [
              "Adam",
              "Frankie"
            ],
            "prefix": [
              "Mr."
            ]
          }
        ],
        "birthDate": "1954-11-25",
        "gender": "male",
        "extension": [
          {
            "url": "http://hl7.org/fhir/us/core/StructureDefinition/us-core-race",
            "extension": [
              {
                "url": "ombCategory",
                "valueCoding": {
                  "code": "2106-3",
                  "display": "White"
                }
              },
              {
                "url": "text",
                "valueString": "White"
              }
            ]
          },
          {
            "url": "http://hl7.org/fhir/us/core/StructureDefinition/us-core-ethnicity",
            "extension": [
              {
                "url": "ombCategory",
                "valueCoding": {
                  "code": "2186-5",
                  "display": "Not Hispanic or Latino"
                }
              },
              {
                "url": "text",
                "valueString": "Not Hispanic or Latino"
              }
            ]
          }
        ],
        "address": [
          {
            "use": "home",
            "line": [
              "17 Daws Rd."
            ],
            "city": "Blue Bell",
            "state": "MA",
            "country": "US",
            "postalCode": "02368"
          }
        ],
        "telecom": [
          {
            "system": "phone",
            "value": "(781)555-1212",
            "use": "home"
          }
        ],
        "communication": [
          {
            "language": {
              "coding": [
                {
                  "system": "urn:ietf:bcp:47"
                }
              ]
            },
            "preferred": true
          }
        ]
      },
      "request": {
        "method": "PUT",
        "url": "Patient/a5e07268-e082-3212-493e-e68dd1d17d95"
      }
    },
    {
      "fullUrl": "urn:uuid:1aeabd37-80e3-9a71-2e7f-562c94618f14",
      "resource": {
        "resourceType": "RelatedPerson",
        "id": "1aeabd37-80e3-9a71-2e7f-562c94618f14",
        "relationship": [
          {
            "coding": [
              {
                "code": "GRFTH",
                "display": "Grandfather",
                "system": "urn:oid:2.16.840.1.113883.5.111"
              }
            ]
          }
        ],
        "name": [
          {
            "family": "Relative",
            "given": [
              "Ralph"
            ]
          }
        ],
        "telecom": [
          {
            "system": "phone",
            "value": "(781)555-1212",
            "use": "home"
          }
        ],
        "address": [
          {
            "use": "home",
            "line": [
              "17 Daws Rd."
            ],
            "city": "Blue Bell",
            "state": "MA",
            "country": "US",
            "postalCode": "02368"
          }
        ],
        "patient": {
          "reference": "Patient/a5e07268-e082-3212-493e-e68dd1d17d95"
        }
      },
      "request": {
        "method": "PUT",
        "url": "RelatedPerson/1aeabd37-80e3-9a71-2e7f-562c94618f14"
      }
    },
    {
      "fullUrl": "urn:uuid:c6239287-0fbc-be36-672e-66e6d7cc49de",
      "resource": {
        "resourceType": "DocumentReference",
        "id": "c6239287-0fbc-be36-672e-66e6d7cc49de",
        "type": {
          "coding": [
            {
              "code": "11506-3",
              "display": "Subsequent evaluation note",
              "system": "http://loinc.org"
            }
          ]
        },
        "date": "2022-03-25T08:35:29.318Z",
        "status": "current",
        "content": [
          {
            "attachment": {
              "contentType": "text/plain",
              "data": "H4sIAAAAAAAACu19aXfbyJX2Z/+LepXJjDsRKKwE4ciaQ2uxmNbWpGx3zpw5OSBQFDEGAQUgbSu//n1uYSE2bhIl2W6p0x2SKNR6t7r3qVv7//1t4rMvPIq9MHi7o7TkHcYDJ3S94ObtzofrE6mzw+KpHbi2Hwb87c4dj3f++2CfXpPi6Z3P4zHnUza9u8XDKf823fsW+ztsHPHR253Do26LvuKF/ydJ7Nqb+vwNS/+uovAm4nHMLsIpZyeezwN7kj4+lPDqP/vqP7NC/6RCLerrYcTtKXfZ8I6KntkBOmezwzCIZ/4UvWbvo3B2u8vOzg4Z+48zO54eju3ghrtHeO0NU2VFlxRFUlSmam9U441sMUk2ZJm9/sTdXYbfL8Ivotgv7D/Qwl/u+ceOvNjxbW/CozfseuzFLLYntz5nI4yUOSH67QUxi/gtxsfxbep94cy1pzbjPp/gl5hNw/lzZpdnrMVQa1qby289B+VtfHWmWEnbZ87YjmxnyqP/itmY2/50LCpvsW5wh1pjPhn6duBwasTGD3jlFmQQBgxddUIvcDyXuuVTQyHzfH8WTyPMIbNjNrFRSbmv+PU2jGNv6PNdNkXPHN8LPAfVxg5WNvJCvHXHgnDKhpzd+vZMlE2HIeryArxYmSh8pVe8YMoDF8tempKk15g56sEu+h/Se2E0b5t/oUeikXnF+OTy2LsJkvrQnVmMj2gey/J/s0BMIfvqYcpoIIIY2WFWJU1+zHpUE43cFoXfzzBbrfsTiyQd7GctHIXOjGpmIPcgfvMt9t7ujKfT2zd7e1+/fm191VphdLOnyrKy9/v52cAZ84ktgZbACA7fSd56uzOLgjdj35RQ9s0XLf35zcQbVR/t4bedg1eCQ9ETGuspt10esaRfr/ZpmieHoUtk64LNPwx29vAz8XzPZVEYTt/uqC2l3erocktpKYrW6Wj4gFYhEHiQyJary8Ojf54eyfjTZVEBtfhhwN7zgEeY2LTVa46pJToTbU/Tb8saklsq/ocHLaXUouB1uS3JVt5cWei8/qj+Mm/vPg1ayxr03OJDy7JkVd1ZXGvykpPN8+AuRl+aSrZpnPMiFxCbb3fOLnsXh8nPkOOKgW5g/l0vxmjukiKD2TDm/5oRafEvtj9LSBfsxZP1JPF8UJqh/b3kx1f7fDTi4Isv/BoSjdHbqBA0aMiaaikm2tOFGE3HEIyE9PBs35veFUjnYmfF2IyWaog6IJxuZvYNL7zMAyklvZhPe6XJVfBH86usnN9U113MJkMQWzoQRTyKuBNG7rUd3fDpwatX+6lk6Yc0A68SAjqxP3PWO4LEIF1zemaiF4lUuewdtQQJvaquvKJqurGqY8X6B6GDmWMD7swizB9LO5u0SSIJgn1GBQYXy5qFmpNlaDpNX9y4Dlqat356RcJx5zbyJnZ0x8bhBAJlFIWTwqqxpkWj6c96Ybsu9RXTenoFwUI/QXPASujiASjrzAv4gWKyI/trzPpua3+v/li85WDsB++wQOwd9/39PfE9rQ8cenDepVfpk/gR6gfqiujlQFa1dmd/r/CLKJEKHBrih8AjK2JAr8fpGHuDS6Yp7bakwJ6YBVPMAL0bv2Gwi1r0pKWkgyQaFyUOPgzQsfQz/b5HwxefptCNDqpNaQxf37w2O8ovhmFgURSIgmyS1lkAIrV0hj7EfOUipLSb9JUMq6Sxs2RBksbORFtn/Mb2C40cg22nQmIsakc3sllAOzD0vG8H5xGWMf2cPLiBrAgOuq492d9LPhd+Z/8C+Xojj0cwEtGnk8gOPnu8XJK6eJj08dD2fVaainkvr+xo+ltWXXN/tXl/R/bE8+8OjiEG7mDF7O+lP4iHezRRyUfbnUAbC4sHXYKKgmoqiKLz1XJMqUjfc9sXcpZqH3rRdFyUpIpl6IqSiD4qgNX3QLpEnrO43G6l0ijyuLuGVK1rjPNqG1njEfe9Gy+cxd0RbDBPqIlCHxRZqWqWw3GEufLsgL0OwkA6tKfj0PecXSiXQIpvuYPFcX6pd6FFS9nPmmOF9tiqIdEHiE6lk88ZzN2itlCVBhX4aQy2X1V1u6VqnXpn+6if/SeE/d/Y8XQMU41EM0j06DDrARc/iw1IqSOdtmRUOgLtyk7xg40XyGI9w6iD8NF6BlUauViflAtyI+Ptzvv+yfVppXPvwY7uCIvIozXoXGmwRsS6Qm+KB2knmjTDFvXOvfXMMk2zQNeso20W64gtq6KCztlc6xRo40ps/7IO5qJwLsz7tn87LsnouUAFEwtJWRKoJZGKzw0tzX8sSEZQopO9VPicEFDecvPCrLUyxaXp1tamOJ178/b39yqdK9iok8mM9m4kudIXG+zXUSQdXuTTPsFvhYf9T/0KF/YhNrF/ZZ8gpmHUrebEttywLUi70R1Csk7vzovsSPqaR3D38F7g5gQTzXJFsLdwgJiXuYGBisIvsPejy+gG8uzf82kQZF78NWaD08sPZ0dsbGNk0BcXV72/Jbt+/C/1Q5Ct+jc2Iks4N2dzuws27mJbtr1T3RSo+NPwlw1JkOP7MHRpu0lOkWTXXVT9GQcJPvl0tbOYldI6C+RSlzCqgp0UyIZ1iTkWSKBUAM0idOZmGgZFCdRM52tQ+WIaLxipewvWLl/gZPezv1feHO3bM6h4qgLbxvqGUFV1mDP5hhDF48Tf0s1eq25Wfr2CX0Axl+2SWqmmn8/3iuletbNomu77bi0WzXXDfqCRrkBTCV3Jckqr+ZwVpWVBmiZi+JQH0V3Zbk4F8IB8XwvsW/SqWvn8p2yN8Ev2idxzsLghLMSSZyUTIzxbzaUrV1xrXVONlHle1vJx1zJbof290hLue8EojLD/mS5ezj8mc37361hYufIqYtdGgZGkJDzgeJVmAI7X/kAY20IZ578z/Dx3pZPuTd3/wu+dfCZdLOw6KO6xdzt3iae6IXc8FfYTg6tB1e14dflhcLzmfs5oa3Uj5irrTb/YG7G/uIYTmn2kRYO7bJquUjoVSxepH8YVf8N6rgHShOXa81+aF8lB3CRMDdycfg4LP1J/02UoPKjbUqtE7OYWTiOxz/cI0FEFCyf/7eAhe60lW61HNnTWmOQ5vxXWBzUWvqQrSy+QfX6b2sD7WYCq+OPC0tsUGouaIG82R2VunZBWUoiw9ppepuZq41zUh32fPItkTVAkAHuHDexFWgW4paLiDkm4/rejrX4OXfW9G5JzedhECWIL8Z1RBu0gX0jjSUmjQgUIXET44sExmqBKEhumd3G0ky4xxcYa7ZyLy193qtbIOfk21/Fgrl71Z4lY3dNyRax5kTIvTOECeZCHdOIFMZ2hd2N7fiNB9LGay+ih2nLxxzlNFGhAqNyTmY/AgE+giMtRgSpOzk6EabsPzwRiPwVa6B5e77AJVFzytf/bZUIaS22onVrQVmqbHSsVPHuikUTdlTpE++MUsiFUYKmLR5eHoocxj754DodxCbouGueHV/2ka+sDD4CsyKO2pbh8MuN++HUuRaEG2nJa+NX+2LsZl55ZSrZv26vVtI9NAOl1zOx8PFf9kzSmO0qBMgU5jMGs5rZOQwDjKltwqvAkrbiyjbhKgwOHdoTNS+q1yozRMEIICTuEa6zgQWNJWr9CmYQ2i2NITeNsGivzKKuyqaTKoTaRsjmfSNSa19GgkWo66SrmMzc8P5JWQhdSgTCPKxGUhv5+r8xU1/dDTOUYkSXEcdgl5jn7fjW+izHRdhA3LEI6U0mkYXUoCnHAUmQn+9wgkP6qSJqsSJZpSPD9KPUYRIOJUhJKc7F0VI0053IpmckF8Yl84JKyNETR1JHi/qxmTS8XKlrLVPOtWTaii97gWgSxr3k8ReRvGCLKHJKKLQw4m8b81eIUFzczdfu+pmXpt5yZ78naV2ux46pNvtrSdW0J6dGe/ifiaQz1haefgKe1p+RpOFtgHFR4+jnZGTZlwboQzt6yPSIgeZNbALgTewVmAzDek1uqOLg5DoRhmUqGKmhRM2WyIVfupdfDLTbAUA6vriUA1BIxY1lqDVxyPMcqkjo7B977RkBv1zSBko1kswlUfNZkAvlhIai7n+CoSQSd2I6Ip87ZvzBBRoVa8kDhXnMF2B/Pm0EvmteG7P/CGpI3975w4/KfgL0m6N97opcFZB+44Xeheye+3Lsm0Zd8nMJwRkAaaMeIu1S7mK4HjBymEY9uPA60eNclKCiHTxloSvIp4yc8nMb3rTv3hc97Lwx/UXtKKOk0s7wfgqR7wRR6D6AbBz+kLyTOdlQDfFfMwtsU1p9NUipT1scqq5XgeBmrXLUt9Y7ZNqQSt26IRM6tQQEg7p6dHfff944HrHtxxLpHH4/7g2PWP8Y+rXd5MchxxumwUmVOn+0hvPwQqVD3hNPFtLjTMYHQ5D9nECKUAmO52Td8zUEi4tkBAZ8FOh7tjMuPstUvPcGXOcxkr1T5/nSYkmFTU1jKo7c7cdacsnNwxQmO5cM/iIrcetkobR9FL2xYxXapWLEjK9pSdw7I4oErYnlDKPdpzPm/IVwWNoXPhVHiGy1CpqvmqwMtQsCkwma33/uY47rQ3JId+fHHi/nypUcPEqaATyfEeCJIe9RQIPcNCV5vafIKii9Kbq3NNW5psmQOxQkhdyhZIw7PY4fsRNmx7HZuKpZ55fAyA94vBecUXhaHoRBGi+fwzkIkjgJsAU/OptA5IS+APwlAVOdzDv9OJ6owM0mVCYwmHLEwuAmpdDaVqErE7TI7u/BmoRPJeIhOvuQooUYFWxpFrmyLg/gKp16pr1/tmI28CBZSgiRJDtwUgon/FYszS9NC31IMcDoGqiEzbPA2ROS5fceUXaZYVqf0VkH90zMoebj44M2htSyMq67vE8IVqIcCWXc/XOe0uikNAp84bzEZz4DQ2BhLNq5SL2AKfC2NpegUXzKYJojNnMQLXAC3YPK3hhe8TuvYMf3WRReMms/BnflTds5dSLuAr+c8qKNGhXnkFLd47Nr+Fgbh5I69Pu1ddbu/lHpWxAMu8NrKss4K9R5FdMxuMRQ0GTAZZleI/gD/5pbQoDnH8IPLfgV4SI8K/lvLwi6hCXu4HBkqCLM8rqUBn78qIuRD8R69PDdNLpXaFqy417Jha2A7VdltLUbt44XpXVPpbH+W7Nkre7N0DmfAen8r1tiFo/S8dUTOdfGs2OPiTiqZoObB1UFM+e/l70JzldAEc3YffHj39wK/h0PaXSX7j4I+u3w3WKTP6hqtWEdJo20sT8yVKq2o1HTbdRSor/WUWpnVu4PBcZ+ss9W6rUx4BfNNfM9RphnZ/inVCTTluQsxWabyuwl8tDB3ixVm8oRUX3o+SmhB8SrpwdKM1zQemew+h1IpdaZZ7S1QfCNwaNoVIK14ooNjLrrRrLKzmt7ZdPgUg0v1IIvvJrfTcEIHWjFCqDs3rQqqfYHGa9Z5xdHMez3fAM+73aitPwfh1yA9IIuOhD7wAOw17Ve+wqBlN8mxTf+OntuY6WD6S3mem/UrHiStf4u9N8m58cOjbP+vKxad45PNuktb9Au9yS3e1UrGatd1zODi8vz4iMEaLQnLpTr/gVp/Ay2+RI/XNLmaY5vX1eQ1Xf5rl8TA782T/URKfKHQrovtV4vCw4eD89JqFUolp1Dmcvu8e/GhWFacMLgTrpZqQPn8vFsigvL0mVjFqk883+ytnrumMFj/GyAnk8qK7ZX6V5q3yjCLE1cKob5aR+2dnwywQ/OC9IBsL3DTwwDFJu+jDOfqMNtsL9OHG/PasiPYr+6nE0v6bDtasa4XGzXj3B1QIYLqy2sqsSVqrOYm7ciq2sZ/G4RS3W9KhTuK2lh4oeBfLvpV1eiYQvSvI9fLp+mE66Q68FU23gpivze5zwme8DHiBPdSgk/Lf8qUcP5W0fSh4zE5VAKjxy56Ct0rvIQ2fCWpgvSm88wf3r/hOSxo9RYrNfpqkwaTduYcXCpZbXNerlUf6mbc3VmLu8s8Ojj+WIUgNwxwHQauSeiuMy2clN2cG5dygGoYbVmHFKoe8vV8d4vGjuDQAkFWWLfKNQcrX1v2UuMrS154INc+aLe2Drc+Pac+OZc+Aoc+H3euvxuN014s35GuuXdczOSaqVgqmNyqMjmeivRKtMWhrmxxf7MhE8LsdjIXf1LoJ/T3D2UNps7QlVQ+bEu6PexItjUaSbqpOe22oVmmUjAoXvz9L/7+P4i//8WHWhYUlowtojzqSJYGRLVuWrrUURxXGrmWofCRbFqK+bw+VPUP7UOlGoKZ75/49pcQcYQPF7++OD6/S8cnIc7xj0LAyid2fP6gPka1bVZ9jCnI48XB+N06GLWO09ZcbkuKrWuSPurokj00FUkZjVxZH7VtxXWf3cGoPpmDcZlsvqerEG4SBeJDryX3SnBNW/WVvLgRX9yIT+ZGrHHwUh7OPBYVXm7i5m25KNum1q5HZzPfxY/qpHw4kz8wMLZenOA5ogTPECN4lAjBc8YH1lLMFS/kFvXz8wccHj9usMBlSSdjcvh94QCF+LrukQeyyAaD8+OL63VKs3WOAWwG3O/UEfoPSQ5uKB29I1X3FfNRVqH7+YPFKH3fA66X/kPpeN7uCLQ+6HDudUVPDvqUzhpEP2XvewyAcsI1jdgsSHBGHNPjhzd3f2Pju9swy/p3y6OxfSsORYSBSwcABZIZcmc4m5JTzfc+cwi40vPb0L+7hbCZ2M4d4ISi8VJPus6M3AuQ1OMopASsdsAnnl2u5U9K87v/RudQeBcOEqoFA7J9NrI9fwbEixCBX0IfqC24NuJ4rSpPMWnRZ9tv6IMmzoegp93DY/Hx178CAHWb3j3QWNslpW3NR+Z69k0QxiRwxU0KmHR7GH7huyxdDJo8ge8vV7a/R8uZcVS+1lthqMPT3vEJO7w8vzrr9h6Tq+igPPiB/BItxdJM+mzQ4Xn6RwNnKdvlLDg3DL2Wc7gy3Ap7VZ4u5jH4G+ybyL4dHxzZ0WcsWhj6IkND/vumi7XOxDf9QcL3Drvi4M5TnJUSoPI0e2haYnerB6OW3RpRJg6xxG2ZhOf9aaVEHKe9wfVl/x/s8oTNp5VRvrQymRTm/JEPS82nu35a6kgYlLQS9WeDKR3eoFt2Gp/BVqn/Dls6W9r6w3MIsGkYibt+tnQ8i263oDOyns/klmyx8/d7iFN+6F7DvB/bPjn8gHOdpYMvn6I6UNktgOkx+1ebjcNZFLOr/gUhZ+tnqUTxv8Pe1nbpJiGt/hB2okiWXPs9no4n5TNgSb95ENyxK7TPo112frT+KbGDLigbmtVnqoHxsku6auWaCGVab0ahC3OgehQ1HSKV9u/qBc/tiCmdTUcnFF3KaLWne493FC2HDHcLWf3LG7XBu+7R+aqA9Zw1KDrifaEdw0f1QTFrZdWpzKJn0XGHrqaNZKntuHz1GbUNT3YVtgi9j2f/vE6yRr5qyCmjwY2vrT5Itaj2q7R6MF0MUSbYbZBcEsCzvTUEO7kUyGnYLfQDP3phnqsaczeDjHi7M17dmSiEtVaYi0Oto9LkL5fjMBLIaGgQ5heHPQpgxfYsmsXVzN3Hg6tevysE++vexWn3TEjuAux534VN9tsMAodoKJvZwvPi/RNhQCnii8k4PpycVKHHEA1r5N4x6gMR2oK46iia3ZyU8Md0kU88m8xZjn6b2MFsRBfQQDJDnLqzMu6jEvtoYJ1CtsAHHoZRtY1Ow6h2G0UQxLVcRZF0zeKSpQ41yXCtjmKMRjrn+VarNtRz9CrybL+4rS3YBQYcY3T7UCVHyrraZlvhnP295X0uDqmerj0tIw5bFRbsBOVDSNde4LTqR7FW1ljuU0oyc3at09g8O828jqasK9s53Shymy4JUiw9fcfS43dpxsVyEH95ipF1crq2LPxhq2IVpG2+QmlSfsiPNI0n7Q9Pw/iWbnWBPVU55rf2OAy5FpldNUVLE5gkJZoXsJKX6NHP31bC0Zpsat8XqGaN2PMGkedM+pJoZ1/42HNQ/IEyt0zjxZwRior5rCMb3ULjyzyG6zgci02vHVMvdlID9lKv9rDLoxCSeGsx9YQ/01rrErP5QM/C4zyNh3mWRiz6A4SPt4OJnu/QHkg3lfSKq3S1OzQ1va2b0sixLElXdUeyO21dMrnmuHZH5SYs0NKlAgZQm4tI0zQ0FWZy1TGTXek58jDK1XFjSuKwPNvJVqBRS23thQbuUke/YhkWoCR0XK9M+GK7uSHnbRXST46vAqkS1R31P7xn55cXPdjPvYv3cH1elxCSy4HG5GG7P5EW8no9zHQsihzgBDH3tcmfzC2sSeLqAA2+jvgN4D3k1YBP726bUK/70OWSPWEDpbbzhHlpgUq+UaiHconFtNysB2ljtS4IC3GL3vuLY5E3+H4rWh7MEoVzNagcAKulWJgnWRAunIakCYW0CeTraUqaUEiY16/my0uns5baYXunRwshtmXsTukbGr0tGx8oeFyvzZM5bdpOR9cd05BsW9MlXVEcaWgOXcngum2NVLnN8+R0j+q0UWVN6XwHThuRkfohXpuyEbY9r81lv3u2wkOjPKVvpOpZ/JHdI4plarXj8os900/kDtncM/GH3ps+/ZbjwSyw4a6Dt+lqTceU2npHlXRb16WOZiuSZjrke+emagx/pD3GkmOIHU0XV4RUwpGFCM3jbgs2sBMeK459+e7vx4fXvY/H24xiM5aeuPm/RJ3RLe7T4gWW90UCKc14BRgYiqJblD5+SyHpfFrYUfe6yyqB6PLTB0KCDqGKp28gITjiicC72LPYabGLkEEVUI7WgJShz4ZAvMK/GYezwI0bETR4H/X0+7vs6rxHiQXTN7PEusI3GoQMsWIsCSQ4p8Q0hL8DBMmhC2jDCd1Rc7ebvoiCiGYnLVI/2GQWTehFFPLD2yfDylyd/mOAwP8ZO/69e967EHGkZ4Ch4f/XBkk8BEGjWoYOT3o1jpJNwknv4ggugUGFJpsm6YGUeXoMwNsbOqKckRLIk3/DniwQBNVaSob9nGRmUWPJ61NYm7+nd3affcCQ3rBDwQWEIIPRy6JxGDhjj0hOYAx4Mxrt3RG2+hdviGcwZen67DJxSVcU8BjES0Qr7lgObvBlCDf9LiByQNCFX7mfknhj5e+6h79SzdnwYfnD4M/Z6db2kws7dvNOz5v9G00AxQRsh8w67vKJ3djI8e/X/ePz3nXvGFNwFM5uxndJaTb0iDYFAGE3x7NBY8RA/wFLHNwkEgLAtrvJhFPuQjQUY0x0GddW0Gz31QtXiO2RYLkmuUVAvVwJvP6o/nLfWrcPLF3N1CSmhJxi9TFliaphpGXNpmVzHFZxB9AxzbZkbE1LzfuB34KKQABJda8JssqAqlsiCii9rhjK9M5PDdl3IbDPB+wUFC6FoxErXX39RmwK6JVKDQcXQMtwduIDrwStsssADQLHXMC8uWMX8IJNQZPQafSgVscwuwig9HErYC5aNRj24tqMzSBbV2k2wvnVHPhB4JyqBbMCa5dc3NgA0NYwmu5Rd8lDFm0L95Xn0WfYXzOYHc5naXZbRyhdItI9RCnFWIRtUuLpbiYTr+DXILB+vZQWuWuUOopa7O+g5hjrQ7eRroWIqg9O3InyPrQRxv3EidYS6PEoQrB3iIohD4FMTp4o8p+fedR79xrjxQwCXogbwMjBklA0CUeyY2zaM7hiFYI3A7pZUxYMalFH1u3kRtC0e2RJ2XCnq5edU/OwLLal8L2sm1dtSXy2JH+hgF2Sj05RPrLXt1HocBfulCLYaZ3dasXxWA4alJBRT+uCUdZ1waRxy45myVpnKJmKCSea0obf1wRiWG+bFpwHutYxzO3hAnr9w2L0bLFHP++fqQHMYcGrh7G5kq7brgRMITx92kgburKtWTAKFng4lLb2Kbtw7PFSg1agdNADqIBQwELF1qA7K9N/tzN4jEj9vU7m724QsG4Ezbso9fd5b0Xqb7PTNreb+rue8TuBHCl69bLmtDeLwj61CFEaZxKmSmOq7iRUVTBimlJ+pzm7ybpZI333FhAQy5NUZYV4rvfLEeKiDD6GbXlPoauvkXGKTOjMDJubIUWjuRCHmmedsduuMrQdSTFdDXLEMqSOZVO+UlUZOh3ZGupF4VkytA1Nt+quPV4ygZzUBCpJ7AeCcw4YUfSc2jeOZRUkLx2lKZTbEBG4JKBhFwIa7uKgvWJ0rLZAwm1VayahHrKOaCpIZfLoRaSRSLOsHEXZbhZpG1xosPheOfE4FXLC9F4i8hKjvCrr7nEZwQvm8f5xpeOT5H7cB8aV8v0IPmRnrx8SV9IXAIU2k9tlmaOqhomY37Zlzm0+4CU4nyUwnmVRJEvv6NhbGPfJ2ZzsE2/TdXnOrFTVUOsSS38LiPNNklFtHFTLtfxK02g9Vnp/eVYG1JCfoZTZ4f4oGrW4Y51z0NBoO6rhStiJAC9jcGjtETiIyyPNHtm2rDiLdrqGqYHdtuZiLDhTCg2Knf3mLpdC+oYt2kVV1iSQztVvzRgg8vYmwJs/F4E34mlpiSt/vTT7XsKTcL5TSr70QrHkLq9rO7rBb6/TG0x+QfwhvYrMzm81ucFktapVL64cL6Y7xFJl2a6xuTZUNgyx08vaFFGK7BVaMarcjtPW4mLNAb8Jp0kak6a6Kzet5bvXhIGLj79XhMi93BPf0/Y/qG//N73hSngQllxYlbnvl9xYte4O9zEvqHqxif54NtHGhkCt+BJTgJzSi/0j5KMuSb9FvnhC6t/fGiiKsg3sadtwmq2BNinLOuo+yDsPp4cIYG4NY/8QvV7yNN8zm9G9w9VRiMjF5MmC1FlQmaUNP1JaD2OTtB6KbkALbs10vOpfvjs7PmdnvUE14Uv6aEkaj3lGlySRQpY5PK4le0nALHOuIcRDtpp/UkoPs8cEemG9HiUGGiICE7MJASYo77PIXTTz0RJ7neRdTuJnFD6T5V/+J9FQ0MTd2Q1T9CSq9r9lTEcJaUHf6oCPvH9qY/+S3EzJwaSsH91bxCZN0Q/zF1boSOH3DTpSelSY7X52yd395ltrHM9VwGd0vMdmEjvjI9oofMUM+wi4ZsMTyTTk5Fa/vyVX7Ql4ffKgnTwojrv4+z3H/Zj3OGczsrV7HTY4bcGdjt0ejToSd/WhpI9MLnVUR5O41eFGZ6gbAPE+7BrnajpmMcYtXu58m87ej3C5c9bXx7jcWQifdiJlFt3unGhOGGc/w+3OSwbznYP/t3hjbiY7tndjrr7RCQB7qJiWMpQlw6GU3ZRiZyi7fK0bc+kEgCa17yVEXGGTlmpuFCSFOxLK1zUUJ8ybwgM1esYLGx54y+3c7iizfpX58UfHwDe/5rYotxqvuX3oPbYKeVkQhLXusQlcz0LDKwIaWLkQ/cVxvrkH5Z4ia+4LFLSUsWOhpuYg/z1k2OrzplVZpGkW5U3Y2oYmyeBXaW8LKYihqtrJOaSN+STZHH33OYi3a14/p23d7qij9pDyzZkWfDHqSJcsGVY2xz6Et3mHIwDzw9nWqy3k+1vfz2hbl/WkKevAhxr1a3dW2OBigy12+rJZHNgz2NZlS3nFiDYzwl9s66exrWFNy52O3ZGGlmFKOgK5UodzWQLwVJVt01RHzkLs6Ytt3WxbN/B53R7elvFNdXWhEtNzk2WuEgb3hNtBIogpi3niZ/dE4vFt2taGZZri+p+NbYaJ940yoCdpj57PcF4svpaIo4dv9hdv9+sb/u/S+nlm5+IQC2a5dHmCbtuSbqmmNKRLIWXZVVxnaAI06vxwBlDRvAlCGCXBDayYB7oZVx7w+J48jUX/+yIjSlzFSugbWZN/eE9jOph2w2BerKGn8jQqsiG3gQaVHE2GMFFVWeoMuSNZ5nA0sox2Z+SWryJ/sYa272lcxPrNzP/YnsZywryMSx+a/FHVNHHL05oHAMtx7Cx6WbKF/jWzfcr7VTZOCAKVeZ/aWhudr10Ud5IkwWExopKNLqI8k6yKDlc7Uw2fggj8WXBTMXAaOlcBOT6xubdM2v5s5t5jQVT6x4MPZ9ePft0MEAAzH+ybpTYQDvcaJuWeeJRVlmbJfStbhi6pW3PfpvNXgaKkv664UGbdXAPJ5DEKX9RP+KcPPxJLND31+Rc62trP78XrU4KPphtjgAaFHJ8uuqGmmszg/kkDWO/o7Q5pDH+q7Byc8kl4A7Hj1c+ZFwoKlkdpul2K3ey5Z4sKp8OMaJQonwL/xFdxPu9rCPuUNJSitmTSGYrRMhigKEBL3UIAutzxEBQSGRIqp96TujY5Db/06H1hdOrOwRmffQ6dO4SlVk4DSrdbJtTrX6y9teZBzefh6xhDY0MfO0HmIPrFxKGGdHqwU5LAVgYliPFFwAYl4oYmHnEmtB1KrUGHc6erJwKFFVXbYCK0bU/EWfj1MWZBF2xhT0MHkMqV04DSmtHS2J/XmQI9n4Jx3kKBPUb40edvmKa3EOXSMQdgCgeS+imJwNg5OI7upuNoTYZAeb2lKkQIiroeJRhz0UD3YC2iAwt4hZasYa//fCzR3jn4EHGbBd40Cm84wJwDHs0mjXdZkRG4jQfr9Xord0iFybUWdLXi3F/1rnt9fdz/xyqfVar85lU8KPnwBg4r0zVsWQWapW0KzDShWVxFW3RhVMEAMUxZVegsVdkh9e6QfaJDLyE78iiRNd1uQ4B1O+A+OWLeEYU+wGp5SM6QRr+NAFVpiiJ3GlwdtfTkzQWfP9y1ZAxrBq80TdPF3/oX4xRPpurt37KjP2WsCnfGged4Ntj9ykYP6ArXxzwedA/kWtnqfzBCLWPmrQHU1A3dRqajuo5gaWMlS1fcRkpHqm7J53btNth2Tcatsu46lF53cVz9lt9hRPZ2drqRzO7y3JX2DIWeXaxxY5r2vPiqRZOxgd9gc9b//pl/I9dG4bp1sass1lJg4+qz1adra35C7NUWUWHNu4f93OKyNY9V2T9T6Srdv9U4wAVOnZpE/MlkpN22hprbliV1NKIkV7osWQYdelWHYAZjNMK/i2Rkuw1jWq15HrNd748sJLEbzygu2YuWJRc2E3Hi5ytRYhh5Nx7cXtdkKNOGPtttkhsidUGUyhRptrHSujv2RUJvKqG/R/Engukl+lom/+RWZ1npFwn4EAnIR4ajOEZH0tttQ9IBspXsDu9IbW6qsgscp2GqC61E06zdYZ87u7Yk/4rpMEoUmpHHnzI/Wyn4VX7tmUxNulZlEd0ulmTdF1vzx5FkiiGvL8m05YVfBNlDBJnpEFZuOJQsB1acrgwNfDJdSW0PVdewuKrpC0053dD1miSbO6yfWJTp358oI3d8Q06gFzH2k4gxio40rm9VhFEEZUHBF/H1EPE1dBy3PXIsSXbMEdlhXOq0lbZkqRp3ZVfW3cqbRTusY9Uc8MV404+8FaU4WEFpUjjsxWX388kfBCaXrHJVClEIc2nxp5VF5NZIA3Yb49p/yGghUHfc1WwutV2LS7rmytJwZKv4pHNb04eKri6IFirttqbQsYaKuBLhQMo1PaHr3TBbPJ4+W7qlBfFBiC0N/7VWxgcXFnyJD36PIYI/aHzQ5nDvKPZIgg6hDZPWAaJ8JEu8o7sjbow0RytnsiujDlF3ZQmbQB2PZXpUGXix3bGYa5vtjmDm+ye+/YXuJr7ovcT0vkOG3ciG2YYO38oFjf3jj73jT+zyhA3+Mbg+Ph883u2MSktMNWn1lmJpJn3GDh7/xb+d7V7EiAXt1N3AtcHWAMWV5+skucsu/3J5QDDriBOOj41hMYQwGcIRwH5f6ERaxIBcs72Yt9hVGHsiM56AynL7M105KNL9xiCSqfiGF5N7Q1vsMuCM33oxTQx+nsCTHdjintHSX9YyIMI2bJa40k6IqQrtCPsv/BYT2mns3ca7DI3zpHG6Ewlv1dLGPcGVg5SC6dEusx3MHuU2W3XBbbYGwrXbS1yST0yFVucPVtxkO19MugwQNcPHL8gL9DKl22l9zpPLNUeg5BuoHqIFO72jkugkuWnz1p4iNhCAQE5tOmIAosbbrn0nKqPLxqdecqEmg9xESXGNXnIGofTnenYUgUqfh9I+9q67Z2zQe38xeJJMoZCWHz2a5wE0w6qjGffPFqpvcDqjY8KFo22NRAszWqHRwpMVhzQeeFEkKA6zCygvZazfEaco2B4jk+sNa7g3kt9SWnsBu1UXPRZPle2cxcj75/MRuncqEutXG07AyF88Oq2hmCZz6tjjrITaWGIZ0rnSg0/Le6DtHHTa7HMdsZwVALy906kW2KD9ZGN9RVeYzeo3e+bNAD6uaOpep7OwI0BtK2pnryM/A3r68OwDjIT+Kn9Iwv1kF8ZbcorAjbG+V0RThiZdjSc5o5EDF65lSZascskdckMfOkbbGRZCOyUHrm6qAnC5LTkxn4jd9HKJXVgr2f/b8LR4kTObpE6vXRZ+AwNjVXbZu/PerlBL7wbdBK39KFBrVS5fH1hFWFeeL3KcbHlHPp+3be7Kzc0AGS4QaBbQaCPXpm35yJRscrC5jqGZhqEDr7EQkAHnurrFs4CJ9NxmDKC67MvxE2aOQnMmP4nTX0xAU97W7/5876NDQb8H5hvpgD0BKyDZcIVJuk1JoYEckBxLHVnD9tAwnIUgAk3RlS1uR7LN7juo1OzqIImdc5v0uPtsTNlpZzz5uXSe/oUnX3jycXjSlrkGJA+2+m1Tl/ShaktWRzMlxx2ZOjy7bsdd6Kem+1VW51lemyd7sFztL3bszHw7YlQ69D3n+RSklh9lmUz+5/Tmf18Y8kVJPr6SVBzV1DtDU+J6grSzpaEjK5Lrcst0O7otawsPlnX0NsLEW2PId1fsyLOfmQ07nZ+SCxXZkvHvD5h58NHxGT+GP0LVR23bVTqSYyhgOhlOiY46dCWFK5pi2xY31OGLP6JA7Ev8EZXnfyB/hGw4sm46AFJ3HLpXDZ+GvO1IRnvUcRzZ0Ubq6If1R1SX/Q/nj/h5hPxPyXyqMpRHmmtIpiubkj7SR5LtwinhaJrrqI6tdZZgdH5Uf8RGTDk3vn4af8QLT37XPDmU9TagcbZkwCsh6Spkp81lxHpsNGDZmjwsXlf+qP4IbH8ewwmxmVZUX7Y/BV5+0YxPw4U6AmE6b7el0ZCub+ScjvtxV7IMU+cjTTZtVfvBnRCb6cH8/MSLE+K75MIHAUyBHuX/mnmU2i/F1cXdOAamg3LT780/isj9lW8HgE1dZlCn/A3f59ENUFCHY4+P5hC1c4DSnCRt72UG37sa38X40WfH3+xJdpPCGZCWaeLbPv/i8a8ER0u4I54j/woYrL9QeutIgDLzEzbuLoBuWBqRVXs6tqeMA6DFo52GUexQmTTFP8E6hyHgLYWCO6Ik5RyAPYARAUC807oMfHhzgMokrpsgXVUyNAJ8znykRuRshrzfLczQBr1jO5VJ2+vD8oXpQXjPjx7An8W+4rfaCzsCVgEiYDu1V9ftszByQCvTCBeSk9lNxvhBiWD29w59D7hs2z9Kry44+P8aSWliuyUBAA==",
              "hash": "MjgxMzQzNmJlZDA0YTkzMzBlMWJiMThmNWRiYzZhNzY1NzgxMDY2NQ=="
            }
          }
        ]
      },
      "request": {
        "method": "PUT",
        "url": "DocumentReference/c6239287-0fbc-be36-672e-66e6d7cc49de"
      }
    }
  ]
}